{"timestamp":"2026-09-28T17:36:48.922610Z","level":"info","event":"::group::Pre Execute","logger":"task","filename":"task_runner.py","lineno":2412}
{"timestamp":"2026-09-28T17:36:48.938636Z","level":"info","event":"DAG bundles loaded: dags-folder","dag_id":"data_pipeline","run_id":"manual__2026-09-28T17:36:34.128496+00:00","try_number":1,"ti_id":"01a0e917-015d-7aae-a82b-65ff6bb892c2","task_id":"silver_load","map_index":-1,"logger":"airflow.dag_processing.bundles.manager.DagBundlesManager","filename":"manager.py","lineno":304}
{"timestamp":"2026-09-28T17:36:48.941057Z","level":"info","event":"Filling up the DagBag from /opt/airflow/dags/data_pipeline.py","dag_id":"data_pipeline","run_id":"manual__2026-09-28T17:36:34.128496+00:00","try_number":1,"ti_id":"01a0e917-015d-7aae-a82b-65ff6bb892c2","task_id":"silver_load","map_index":-1,"logger":"airflow.dag_processing.dagbag.BundleDagBag","filename":"dagbag.py","lineno":460}
{"timestamp":"2026-09-28T17:36:49.295971Z","level":"info","event":"Worker startup parse complete","bundle_name":"dags-folder","bundle_version":null,"dag_file":"data_pipeline.py","dag_id":"data_pipeline","bundle_prepare_ms":2,"dag_file_parse_ms":355,"run_id":"manual__2026-09-28T17:36:34.128496+00:00","try_number":1,"ti_id":"01a0e917-015d-7aae-a82b-65ff6bb892c2","task_id":"silver_load","map_index":-1,"logger":"task","filename":"task_runner.py","lineno":1073}
{"timestamp":"2026-09-28T17:36:49.323821Z","level":"info","event":"::endgroup::","dag_id":"data_pipeline","run_id":"manual__2026-09-28T17:36:34.128496+00:00","try_number":1,"ti_id":"01a0e917-015d-7aae-a82b-65ff6bb892c2","task_id":"silver_load","map_index":-1,"logger":"task","filename":"task_runner.py","lineno":2232}
{"timestamp":"2026-09-28T17:36:49.458829Z","level":"info","event":"data before cleaning","logger":"task.stdout"}
{"timestamp":"2026-09-28T17:36:49.459347Z","level":"info","event":"            column               dtype  missing_count  missing_percentage  unique_values","logger":"task.stdout"}
{"timestamp":"2026-09-28T17:36:49.459725Z","level":"info","event":"    Transaction ID                 str              0            0.000000          12575","logger":"task.stdout"}
{"timestamp":"2026-09-28T17:36:49.460008Z","level":"info","event":"       Customer ID                 str              0            0.000000             25","logger":"task.stdout"}
{"timestamp":"2026-09-28T17:36:49.460295Z","level":"info","event":"          Category                 str              0            0.000000              8","logger":"task.stdout"}
{"timestamp":"2026-09-28T17:36:49.460545Z","level":"info","event":"              Item                 str           1213            9.646123            200","logger":"task.stdout"}
{"timestamp":"2026-09-28T17:36:49.460858Z","level":"info","event":"    Price Per Unit             float64            609            4.842942             25","logger":"task.stdout"}
{"timestamp":"2026-09-28T17:36:49.461173Z","level":"info","event":"          Quantity             float64            604            4.803181             10","logger":"task.stdout"}
{"timestamp":"2026-09-28T17:36:49.461470Z","level":"info","event":"       Total Spent             float64            604            4.803181            227","logger":"task.stdout"}
{"timestamp":"2026-09-28T17:36:49.461739Z","level":"info","event":"    Payment Method                 str              0            0.000000              3","logger":"task.stdout"}
{"timestamp":"2026-09-28T17:36:49.462037Z","level":"info","event":"          Location                 str              0            0.000000              2","logger":"task.stdout"}
{"timestamp":"2026-09-28T17:36:49.462287Z","level":"info","event":"  Transaction Date                 str              0            0.000000           1114","logger":"task.stdout"}
{"timestamp":"2026-09-28T17:36:49.462497Z","level":"info","event":"  Discount Applied              object           4199           33.391650              2","logger":"task.stdout"}
{"timestamp":"2026-09-28T17:36:49.462718Z","level":"info","event":"source_loaded_time datetime64[us, UTC]              0            0.000000              1","logger":"task.stdout"}
{"timestamp":"2026-09-28T17:36:49.462977Z","level":"info","event":"       loaded_time datetime64[us, UTC]              0            0.000000              1","logger":"task.stdout"}
{"timestamp":"2026-09-28T17:36:49.458970Z","level":"info","event":"12575","logger":"src.airflow.transformation.silver","dag_id":"data_pipeline","run_id":"manual__2026-09-28T17:36:34.128496+00:00","try_number":1,"ti_id":"01a0e917-015d-7aae-a82b-65ff6bb892c2","task_id":"silver_load","map_index":-1,"filename":"silver.py","lineno":66}
{"timestamp":"2026-09-28T17:36:49.460713Z","level":"info","event":"12575","logger":"src.airflow.transformation.silver","dag_id":"data_pipeline","run_id":"manual__2026-09-28T17:36:34.128496+00:00","try_number":1,"ti_id":"01a0e917-015d-7aae-a82b-65ff6bb892c2","task_id":"silver_load","map_index":-1,"filename":"silver.py","lineno":70}
{"timestamp":"2026-09-28T17:36:49.460827Z","level":"info","event":"12575","logger":"src.airflow.transformation.silver","dag_id":"data_pipeline","run_id":"manual__2026-09-28T17:36:34.128496+00:00","try_number":1,"ti_id":"01a0e917-015d-7aae-a82b-65ff6bb892c2","task_id":"silver_load","map_index":-1,"filename":"silver.py","lineno":66}
{"timestamp":"2026-09-28T17:36:49.462218Z","level":"info","event":"12575","logger":"src.airflow.transformation.silver","dag_id":"data_pipeline","run_id":"manual__2026-09-28T17:36:34.128496+00:00","try_number":1,"ti_id":"01a0e917-015d-7aae-a82b-65ff6bb892c2","task_id":"silver_load","map_index":-1,"filename":"silver.py","lineno":70}
{"timestamp":"2026-09-28T17:36:49.462339Z","level":"info","event":"12575","logger":"src.airflow.transformation.silver","dag_id":"data_pipeline","run_id":"manual__2026-09-28T17:36:34.128496+00:00","try_number":1,"ti_id":"01a0e917-015d-7aae-a82b-65ff6bb892c2","task_id":"silver_load","map_index":-1,"filename":"silver.py","lineno":66}
{"timestamp":"2026-09-28T17:36:49.463612Z","level":"info","event":"12575","logger":"src.airflow.transformation.silver","dag_id":"data_pipeline","run_id":"manual__2026-09-28T17:36:34.128496+00:00","try_number":1,"ti_id":"01a0e917-015d-7aae-a82b-65ff6bb892c2","task_id":"silver_load","map_index":-1,"filename":"silver.py","lineno":70}
{"timestamp":"2026-09-28T17:36:49.463753Z","level":"info","event":"12575","logger":"src.airflow.transformation.silver","dag_id":"data_pipeline","run_id":"manual__2026-09-28T17:36:34.128496+00:00","try_number":1,"ti_id":"01a0e917-015d-7aae-a82b-65ff6bb892c2","task_id":"silver_load","map_index":-1,"filename":"silver.py","lineno":66}
{"timestamp":"2026-09-28T17:36:49.468454Z","level":"info","event":"12575","logger":"src.airflow.transformation.silver","dag_id":"data_pipeline","run_id":"manual__2026-09-28T17:36:34.128496+00:00","try_number":1,"ti_id":"01a0e917-015d-7aae-a82b-65ff6bb892c2","task_id":"silver_load","map_index":-1,"filename":"silver.py","lineno":66}
{"timestamp":"2026-09-28T17:36:49.474966Z","level":"info","event":"11966","logger":"src.airflow.transformation.silver","dag_id":"data_pipeline","run_id":"manual__2026-09-28T17:36:34.128496+00:00","try_number":1,"ti_id":"01a0e917-015d-7aae-a82b-65ff6bb892c2","task_id":"silver_load","map_index":-1,"filename":"silver.py","lineno":70}
{"timestamp":"2026-09-28T17:36:49.475192Z","level":"info","event":"11966","logger":"src.airflow.transformation.silver","dag_id":"data_pipeline","run_id":"manual__2026-09-28T17:36:34.128496+00:00","try_number":1,"ti_id":"01a0e917-015d-7aae-a82b-65ff6bb892c2","task_id":"silver_load","map_index":-1,"filename":"silver.py","lineno":66}
{"timestamp":"2026-09-28T17:36:49.476591Z","level":"info","event":"11966","logger":"src.airflow.transformation.silver","dag_id":"data_pipeline","run_id":"manual__2026-09-28T17:36:34.128496+00:00","try_number":1,"ti_id":"01a0e917-015d-7aae-a82b-65ff6bb892c2","task_id":"silver_load","map_index":-1,"filename":"silver.py","lineno":74}
{"timestamp":"2026-09-28T17:36:49.476722Z","level":"info","event":"11966","logger":"src.airflow.transformation.silver","dag_id":"data_pipeline","run_id":"manual__2026-09-28T17:36:34.128496+00:00","try_number":1,"ti_id":"01a0e917-015d-7aae-a82b-65ff6bb892c2","task_id":"silver_load","map_index":-1,"filename":"silver.py","lineno":66}
{"timestamp":"2026-09-28T17:36:49.477435Z","level":"info","event":"11966","logger":"src.airflow.transformation.silver","dag_id":"data_pipeline","run_id":"manual__2026-09-28T17:36:34.128496+00:00","try_number":1,"ti_id":"01a0e917-015d-7aae-a82b-65ff6bb892c2","task_id":"silver_load","map_index":-1,"filename":"silver.py","lineno":74}
{"timestamp":"2026-09-28T17:36:49.477529Z","level":"info","event":"11966","logger":"src.airflow.transformation.silver","dag_id":"data_pipeline","run_id":"manual__2026-09-28T17:36:34.128496+00:00","try_number":1,"ti_id":"01a0e917-015d-7aae-a82b-65ff6bb892c2","task_id":"silver_load","map_index":-1,"filename":"silver.py","lineno":66}
{"timestamp":"2026-09-28T17:36:49.478779Z","level":"info","event":"11966","logger":"src.airflow.transformation.silver","dag_id":"data_pipeline","run_id":"manual__2026-09-28T17:36:34.128496+00:00","try_number":1,"ti_id":"01a0e917-015d-7aae-a82b-65ff6bb892c2","task_id":"silver_load","map_index":-1,"filename":"silver.py","lineno":70}
{"timestamp":"2026-09-28T17:36:49.478905Z","level":"info","event":"11966","logger":"src.airflow.transformation.silver","dag_id":"data_pipeline","run_id":"manual__2026-09-28T17:36:34.128496+00:00","try_number":1,"ti_id":"01a0e917-015d-7aae-a82b-65ff6bb892c2","task_id":"silver_load","map_index":-1,"filename":"silver.py","lineno":66}
{"timestamp":"2026-09-28T17:36:49.479894Z","level":"info","event":"11966","logger":"src.airflow.transformation.silver","dag_id":"data_pipeline","run_id":"manual__2026-09-28T17:36:34.128496+00:00","try_number":1,"ti_id":"01a0e917-015d-7aae-a82b-65ff6bb892c2","task_id":"silver_load","map_index":-1,"filename":"silver.py","lineno":70}
{"timestamp":"2026-09-28T17:36:49.480009Z","level":"info","event":"11966","logger":"src.airflow.transformation.silver","dag_id":"data_pipeline","run_id":"manual__2026-09-28T17:36:34.128496+00:00","try_number":1,"ti_id":"01a0e917-015d-7aae-a82b-65ff6bb892c2","task_id":"silver_load","map_index":-1,"filename":"silver.py","lineno":66}
{"timestamp":"2026-09-28T17:36:49.480868Z","level":"info","event":"11966","logger":"src.airflow.transformation.silver","dag_id":"data_pipeline","run_id":"manual__2026-09-28T17:36:34.128496+00:00","try_number":1,"ti_id":"01a0e917-015d-7aae-a82b-65ff6bb892c2","task_id":"silver_load","map_index":-1,"filename":"silver.py","lineno":70}
{"timestamp":"2026-09-28T17:36:49.480983Z","level":"info","event":"11966","logger":"src.airflow.transformation.silver","dag_id":"data_pipeline","run_id":"manual__2026-09-28T17:36:34.128496+00:00","try_number":1,"ti_id":"01a0e917-015d-7aae-a82b-65ff6bb892c2","task_id":"silver_load","map_index":-1,"filename":"silver.py","lineno":66}
{"timestamp":"2026-09-28T17:36:49.482321Z","level":"info","event":"11966","logger":"src.airflow.transformation.silver","dag_id":"data_pipeline","run_id":"manual__2026-09-28T17:36:34.128496+00:00","try_number":1,"ti_id":"01a0e917-015d-7aae-a82b-65ff6bb892c2","task_id":"silver_load","map_index":-1,"filename":"silver.py","lineno":66}
{"timestamp":"2026-09-28T17:36:49.483351Z","level":"info","event":"11966","logger":"src.airflow.transformation.silver","dag_id":"data_pipeline","run_id":"manual__2026-09-28T17:36:34.128496+00:00","try_number":1,"ti_id":"01a0e917-015d-7aae-a82b-65ff6bb892c2","task_id":"silver_load","map_index":-1,"filename":"silver.py","lineno":70}
{"timestamp":"2026-09-28T17:36:49.483468Z","level":"info","event":"11966","logger":"src.airflow.transformation.silver","dag_id":"data_pipeline","run_id":"manual__2026-09-28T17:36:34.128496+00:00","try_number":1,"ti_id":"01a0e917-015d-7aae-a82b-65ff6bb892c2","task_id":"silver_load","map_index":-1,"filename":"silver.py","lineno":66}
{"timestamp":"2026-09-28T17:36:49.484652Z","level":"info","event":"11966","logger":"src.airflow.transformation.silver","dag_id":"data_pipeline","run_id":"manual__2026-09-28T17:36:34.128496+00:00","try_number":1,"ti_id":"01a0e917-015d-7aae-a82b-65ff6bb892c2","task_id":"silver_load","map_index":-1,"filename":"silver.py","lineno":70}
{"timestamp":"2026-09-28T17:36:49.484820Z","level":"info","event":"11966","logger":"src.airflow.transformation.silver","dag_id":"data_pipeline","run_id":"manual__2026-09-28T17:36:34.128496+00:00","try_number":1,"ti_id":"01a0e917-015d-7aae-a82b-65ff6bb892c2","task_id":"silver_load","map_index":-1,"filename":"silver.py","lineno":77}
{"timestamp":"2026-09-28T17:36:49.491881Z","level":"info","event":"data after cleaning","logger":"task.stdout"}
{"timestamp":"2026-09-28T17:36:49.492330Z","level":"info","event":"            column               dtype  missing_count  missing_percentage  unique_values","logger":"task.stdout"}
{"timestamp":"2026-09-28T17:36:49.492545Z","level":"info","event":"    Transaction ID                 str              0                 0.0          11966","logger":"task.stdout"}
{"timestamp":"2026-09-28T17:36:49.492735Z","level":"info","event":"       Customer ID                 str              0                 0.0             25","logger":"task.stdout"}
{"timestamp":"2026-09-28T17:36:49.492952Z","level":"info","event":"          Category                 str              0                 0.0              8","logger":"task.stdout"}
{"timestamp":"2026-09-28T17:36:49.493167Z","level":"info","event":"              Item                 str              0                 0.0            200","logger":"task.stdout"}
{"timestamp":"2026-09-28T17:36:49.493369Z","level":"info","event":"    Price Per Unit             float64              0                 0.0             25","logger":"task.stdout"}
{"timestamp":"2026-09-28T17:36:49.493570Z","level":"info","event":"          Quantity             float64              0                 0.0             10","logger":"task.stdout"}
{"timestamp":"2026-09-28T17:36:49.493770Z","level":"info","event":"       Total Spent             float64              0                 0.0            227","logger":"task.stdout"}
{"timestamp":"2026-09-28T17:36:49.493970Z","level":"info","event":"    Payment Method                 str              0                 0.0              3","logger":"task.stdout"}
{"timestamp":"2026-09-28T17:36:49.494166Z","level":"info","event":"          Location                 str              0                 0.0              2","logger":"task.stdout"}
{"timestamp":"2026-09-28T17:36:49.494364Z","level":"info","event":"  Transaction Date                 str              0                 0.0           1114","logger":"task.stdout"}
{"timestamp":"2026-09-28T17:36:49.494564Z","level":"info","event":"  Discount Applied              object              0                 0.0              2","logger":"task.stdout"}
{"timestamp":"2026-09-28T17:36:49.494764Z","level":"info","event":"source_loaded_time datetime64[us, UTC]              0                 0.0              1","logger":"task.stdout"}
{"timestamp":"2026-09-28T17:36:49.494969Z","level":"info","event":"       loaded_time datetime64[us, UTC]              0                 0.0              1","logger":"task.stdout"}
{"timestamp":"2026-09-28T17:36:49.492099Z","level":"info","event":"here 11966","logger":"src.airflow.transformation.silver","dag_id":"data_pipeline","run_id":"manual__2026-09-28T17:36:34.128496+00:00","try_number":1,"ti_id":"01a0e917-015d-7aae-a82b-65ff6bb892c2","task_id":"silver_load","map_index":-1,"filename":"silver.py","lineno":46}
{"timestamp":"2026-09-28T17:37:01.451716Z","level":"info","event":"Done. Returned value was: None","dag_id":"data_pipeline","run_id":"manual__2026-09-28T17:36:34.128496+00:00","try_number":1,"ti_id":"01a0e917-015d-7aae-a82b-65ff6bb892c2","task_id":"silver_load","map_index":-1,"logger":"airflow.task.operators.airflow.providers.standard.decorators.python._PythonDecoratedOperator","filename":"python.py","lineno":233}
{"timestamp":"2026-09-28T17:37:01.451955Z","level":"info","event":"::group::Post Execute","dag_id":"data_pipeline","run_id":"manual__2026-09-28T17:36:34.128496+00:00","try_number":1,"ti_id":"01a0e917-015d-7aae-a82b-65ff6bb892c2","task_id":"silver_load","map_index":-1,"logger":"task","filename":"task_runner.py","lineno":1580}
{"timestamp":"2026-09-28T17:37:01.466819Z","level":"info","event":"::endgroup::","dag_id":"data_pipeline","run_id":"manual__2026-09-28T17:36:34.128496+00:00","try_number":1,"ti_id":"01a0e917-015d-7aae-a82b-65ff6bb892c2","task_id":"silver_load","map_index":-1,"logger":"task","filename":"task_runner.py","lineno":2379}
