{"timestamp":"2026-09-27T21:55:43.527953Z","level":"info","event":"::group::Pre Execute","logger":"task","filename":"task_runner.py","lineno":2412}
{"timestamp":"2026-09-27T21:55:43.536769Z","level":"info","event":"DAG bundles loaded: dags-folder","try_number":1,"map_index":-1,"dag_id":"data_pipeline","ti_id":"01a0e4dd-b4c3-7f8c-bf05-e77da258377b","task_id":"silver_load","run_id":"manual__2026-09-27T21:55:30.085087+00:00","logger":"airflow.dag_processing.bundles.manager.DagBundlesManager","filename":"manager.py","lineno":304}
{"timestamp":"2026-09-27T21:55:43.538727Z","level":"info","event":"Filling up the DagBag from /opt/airflow/dags/data_pipeline.py","try_number":1,"map_index":-1,"dag_id":"data_pipeline","ti_id":"01a0e4dd-b4c3-7f8c-bf05-e77da258377b","task_id":"silver_load","run_id":"manual__2026-09-27T21:55:30.085087+00:00","logger":"airflow.dag_processing.dagbag.BundleDagBag","filename":"dagbag.py","lineno":460}
{"timestamp":"2026-09-27T21:55:43.902947Z","level":"info","event":"Worker startup parse complete","bundle_name":"dags-folder","bundle_version":null,"dag_file":"data_pipeline.py","dag_id":"data_pipeline","bundle_prepare_ms":2,"dag_file_parse_ms":364,"try_number":1,"map_index":-1,"ti_id":"01a0e4dd-b4c3-7f8c-bf05-e77da258377b","task_id":"silver_load","run_id":"manual__2026-09-27T21:55:30.085087+00:00","logger":"task","filename":"task_runner.py","lineno":1073}
{"timestamp":"2026-09-27T21:55:43.920187Z","level":"info","event":"::endgroup::","try_number":1,"map_index":-1,"dag_id":"data_pipeline","ti_id":"01a0e4dd-b4c3-7f8c-bf05-e77da258377b","task_id":"silver_load","run_id":"manual__2026-09-27T21:55:30.085087+00:00","logger":"task","filename":"task_runner.py","lineno":2232}
{"timestamp":"2026-09-27T21:55:44.033704Z","level":"info","event":"","logger":"task.stdout"}
{"timestamp":"2026-09-27T21:55:44.034167Z","level":"info","event":" data before cleaning","logger":"task.stdout"}
{"timestamp":"2026-09-27T21:55:44.034429Z","level":"info","event":"","logger":"task.stdout"}
{"timestamp":"2026-09-27T21:55:44.058187Z","level":"info","event":"          column               dtype  missing_count  missing_percentage  unique_values","logger":"task.stdout"}
{"timestamp":"2026-09-27T21:55:44.058707Z","level":"info","event":"  Transaction ID                 str              0            0.000000          12575","logger":"task.stdout"}
{"timestamp":"2026-09-27T21:55:44.059039Z","level":"info","event":"     Customer ID                 str              0            0.000000             25","logger":"task.stdout"}
{"timestamp":"2026-09-27T21:55:44.059327Z","level":"info","event":"        Category                 str              0            0.000000              8","logger":"task.stdout"}
{"timestamp":"2026-09-27T21:55:44.059650Z","level":"info","event":"            Item                 str           1213            9.646123            200","logger":"task.stdout"}
{"timestamp":"2026-09-27T21:55:44.060114Z","level":"info","event":"  Price Per Unit             float64            609            4.842942             25","logger":"task.stdout"}
{"timestamp":"2026-09-27T21:55:44.060429Z","level":"info","event":"        Quantity             float64            604            4.803181             10","logger":"task.stdout"}
{"timestamp":"2026-09-27T21:55:44.060720Z","level":"info","event":"     Total Spent             float64            604            4.803181            227","logger":"task.stdout"}
{"timestamp":"2026-09-27T21:55:44.060993Z","level":"info","event":"  Payment Method                 str              0            0.000000              3","logger":"task.stdout"}
{"timestamp":"2026-09-27T21:55:44.061254Z","level":"info","event":"        Location                 str              0            0.000000              2","logger":"task.stdout"}
{"timestamp":"2026-09-27T21:55:44.061494Z","level":"info","event":"Transaction Date                 str              0            0.000000           1114","logger":"task.stdout"}
{"timestamp":"2026-09-27T21:55:44.061754Z","level":"info","event":"Discount Applied              object           4199           33.391650              2","logger":"task.stdout"}
{"timestamp":"2026-09-27T21:55:44.062022Z","level":"info","event":"       loaded_at datetime64[us, UTC]              0            0.000000              1","logger":"task.stdout"}
{"timestamp":"2026-09-27T21:55:44.062252Z","level":"info","event":"          source                 str              0            0.000000              1","logger":"task.stdout"}
{"timestamp":"2026-09-27T21:55:44.093269Z","level":"info","event":"","logger":"task.stdout"}
{"timestamp":"2026-09-27T21:55:44.093790Z","level":"info","event":" data after cleaning","logger":"task.stdout"}
{"timestamp":"2026-09-27T21:55:44.094116Z","level":"info","event":"","logger":"task.stdout"}
{"timestamp":"2026-09-27T21:55:44.099904Z","level":"info","event":"          column               dtype  missing_count  missing_percentage  unique_values","logger":"task.stdout"}
{"timestamp":"2026-09-27T21:55:44.100416Z","level":"info","event":"  Transaction ID                 str              0                 0.0          11966","logger":"task.stdout"}
{"timestamp":"2026-09-27T21:55:44.100741Z","level":"info","event":"     Customer ID                 str              0                 0.0             25","logger":"task.stdout"}
{"timestamp":"2026-09-27T21:55:44.101031Z","level":"info","event":"        Category                 str              0                 0.0              8","logger":"task.stdout"}
{"timestamp":"2026-09-27T21:55:44.101257Z","level":"info","event":"            Item                 str              0                 0.0            200","logger":"task.stdout"}
{"timestamp":"2026-09-27T21:55:44.101579Z","level":"info","event":"  Price Per Unit             float64              0                 0.0             25","logger":"task.stdout"}
{"timestamp":"2026-09-27T21:55:44.101933Z","level":"info","event":"        Quantity             float64              0                 0.0             10","logger":"task.stdout"}
{"timestamp":"2026-09-27T21:55:44.102238Z","level":"info","event":"     Total Spent             float64              0                 0.0            227","logger":"task.stdout"}
{"timestamp":"2026-09-27T21:55:44.102537Z","level":"info","event":"  Payment Method                 str              0                 0.0              3","logger":"task.stdout"}
{"timestamp":"2026-09-27T21:55:44.102781Z","level":"info","event":"        Location                 str              0                 0.0              2","logger":"task.stdout"}
{"timestamp":"2026-09-27T21:55:44.103045Z","level":"info","event":"Transaction Date                 str              0                 0.0           1114","logger":"task.stdout"}
{"timestamp":"2026-09-27T21:55:44.103302Z","level":"info","event":"Discount Applied              object              0                 0.0              2","logger":"task.stdout"}
{"timestamp":"2026-09-27T21:55:44.103627Z","level":"info","event":"       loaded_at datetime64[us, UTC]              0                 0.0              1","logger":"task.stdout"}
{"timestamp":"2026-09-27T21:55:44.103885Z","level":"info","event":"          source                 str              0                 0.0              1","logger":"task.stdout"}
{"timestamp":"2026-09-27T21:55:55.279934Z","level":"info","event":"Done. Returned value was: None","try_number":1,"map_index":-1,"dag_id":"data_pipeline","ti_id":"01a0e4dd-b4c3-7f8c-bf05-e77da258377b","task_id":"silver_load","run_id":"manual__2026-09-27T21:55:30.085087+00:00","logger":"airflow.task.operators.airflow.providers.standard.decorators.python._PythonDecoratedOperator","filename":"python.py","lineno":233}
{"timestamp":"2026-09-27T21:55:55.280790Z","level":"info","event":"::group::Post Execute","try_number":1,"map_index":-1,"dag_id":"data_pipeline","ti_id":"01a0e4dd-b4c3-7f8c-bf05-e77da258377b","task_id":"silver_load","run_id":"manual__2026-09-27T21:55:30.085087+00:00","logger":"task","filename":"task_runner.py","lineno":1580}
{"timestamp":"2026-09-27T21:55:55.311135Z","level":"info","event":"::endgroup::","try_number":1,"map_index":-1,"dag_id":"data_pipeline","ti_id":"01a0e4dd-b4c3-7f8c-bf05-e77da258377b","task_id":"silver_load","run_id":"manual__2026-09-27T21:55:30.085087+00:00","logger":"task","filename":"task_runner.py","lineno":2379}
