{"timestamp":"2026-09-28T08:49:09.378309Z","level":"info","event":"::group::Pre Execute","logger":"task","filename":"task_runner.py","lineno":2412}
{"timestamp":"2026-09-28T08:49:09.390793Z","level":"info","event":"DAG bundles loaded: dags-folder","task_id":"silver_load","map_index":-1,"try_number":1,"ti_id":"01a0e733-f44e-7508-b61c-3f7904b9e544","dag_id":"data_pipeline","run_id":"manual__2026-09-28T08:48:56.894963+00:00","logger":"airflow.dag_processing.bundles.manager.DagBundlesManager","filename":"manager.py","lineno":304}
{"timestamp":"2026-09-28T08:49:09.392350Z","level":"info","event":"Filling up the DagBag from /opt/airflow/dags/data_pipeline.py","task_id":"silver_load","map_index":-1,"try_number":1,"ti_id":"01a0e733-f44e-7508-b61c-3f7904b9e544","dag_id":"data_pipeline","run_id":"manual__2026-09-28T08:48:56.894963+00:00","logger":"airflow.dag_processing.dagbag.BundleDagBag","filename":"dagbag.py","lineno":460}
{"timestamp":"2026-09-28T08:49:09.789551Z","level":"info","event":"Worker startup parse complete","bundle_name":"dags-folder","bundle_version":null,"dag_file":"data_pipeline.py","dag_id":"data_pipeline","bundle_prepare_ms":1,"dag_file_parse_ms":397,"task_id":"silver_load","map_index":-1,"try_number":1,"ti_id":"01a0e733-f44e-7508-b61c-3f7904b9e544","run_id":"manual__2026-09-28T08:48:56.894963+00:00","logger":"task","filename":"task_runner.py","lineno":1073}
{"timestamp":"2026-09-28T08:49:09.809823Z","level":"info","event":"::endgroup::","task_id":"silver_load","map_index":-1,"try_number":1,"ti_id":"01a0e733-f44e-7508-b61c-3f7904b9e544","dag_id":"data_pipeline","run_id":"manual__2026-09-28T08:48:56.894963+00:00","logger":"task","filename":"task_runner.py","lineno":2232}
{"timestamp":"2026-09-28T08:49:09.941232Z","level":"info","event":"","logger":"task.stdout"}
{"timestamp":"2026-09-28T08:49:09.941753Z","level":"info","event":" data before cleaning","logger":"task.stdout"}
{"timestamp":"2026-09-28T08:49:09.942015Z","level":"info","event":"","logger":"task.stdout"}
{"timestamp":"2026-09-28T08:49:09.952658Z","level":"info","event":"            column               dtype  missing_count  missing_percentage  unique_values","logger":"task.stdout"}
{"timestamp":"2026-09-28T08:49:09.953143Z","level":"info","event":"    Transaction ID                 str              0            0.000000          12575","logger":"task.stdout"}
{"timestamp":"2026-09-28T08:49:09.953470Z","level":"info","event":"       Customer ID                 str              0            0.000000             25","logger":"task.stdout"}
{"timestamp":"2026-09-28T08:49:09.953685Z","level":"info","event":"          Category                 str              0            0.000000              8","logger":"task.stdout"}
{"timestamp":"2026-09-28T08:49:09.953955Z","level":"info","event":"              Item                 str           1213            9.646123            200","logger":"task.stdout"}
{"timestamp":"2026-09-28T08:49:09.954179Z","level":"info","event":"    Price Per Unit             float64            609            4.842942             25","logger":"task.stdout"}
{"timestamp":"2026-09-28T08:49:09.954397Z","level":"info","event":"          Quantity             float64            604            4.803181             10","logger":"task.stdout"}
{"timestamp":"2026-09-28T08:49:09.954689Z","level":"info","event":"       Total Spent             float64            604            4.803181            227","logger":"task.stdout"}
{"timestamp":"2026-09-28T08:49:09.954906Z","level":"info","event":"    Payment Method                 str              0            0.000000              3","logger":"task.stdout"}
{"timestamp":"2026-09-28T08:49:09.955124Z","level":"info","event":"          Location                 str              0            0.000000              2","logger":"task.stdout"}
{"timestamp":"2026-09-28T08:49:09.955330Z","level":"info","event":"  Transaction Date                 str              0            0.000000           1114","logger":"task.stdout"}
{"timestamp":"2026-09-28T08:49:09.955527Z","level":"info","event":"  Discount Applied              object           4199           33.391650              2","logger":"task.stdout"}
{"timestamp":"2026-09-28T08:49:09.955780Z","level":"info","event":"source_loaded_time datetime64[us, UTC]              0            0.000000              1","logger":"task.stdout"}
{"timestamp":"2026-09-28T08:49:09.955982Z","level":"info","event":"         loaded_at datetime64[us, UTC]              0            0.000000              1","logger":"task.stdout"}
{"timestamp":"2026-09-28T08:49:09.956205Z","level":"info","event":"            source                 str              0            0.000000              1","logger":"task.stdout"}
{"timestamp":"2026-09-28T08:49:09.973875Z","level":"info","event":"","logger":"task.stdout"}
{"timestamp":"2026-09-28T08:49:09.974399Z","level":"info","event":" data after cleaning","logger":"task.stdout"}
{"timestamp":"2026-09-28T08:49:09.974677Z","level":"info","event":"","logger":"task.stdout"}
{"timestamp":"2026-09-28T08:49:09.980804Z","level":"info","event":"            column               dtype  missing_count  missing_percentage  unique_values","logger":"task.stdout"}
{"timestamp":"2026-09-28T08:49:09.981210Z","level":"info","event":"    Transaction ID                 str              0                 0.0          11966","logger":"task.stdout"}
{"timestamp":"2026-09-28T08:49:09.981574Z","level":"info","event":"       Customer ID                 str              0                 0.0             25","logger":"task.stdout"}
{"timestamp":"2026-09-28T08:49:09.981882Z","level":"info","event":"          Category                 str              0                 0.0              8","logger":"task.stdout"}
{"timestamp":"2026-09-28T08:49:09.982136Z","level":"info","event":"              Item                 str              0                 0.0            200","logger":"task.stdout"}
{"timestamp":"2026-09-28T08:49:09.982382Z","level":"info","event":"    Price Per Unit             float64              0                 0.0             25","logger":"task.stdout"}
{"timestamp":"2026-09-28T08:49:09.982637Z","level":"info","event":"          Quantity             float64              0                 0.0             10","logger":"task.stdout"}
{"timestamp":"2026-09-28T08:49:09.982879Z","level":"info","event":"       Total Spent             float64              0                 0.0            227","logger":"task.stdout"}
{"timestamp":"2026-09-28T08:49:09.983113Z","level":"info","event":"    Payment Method                 str              0                 0.0              3","logger":"task.stdout"}
{"timestamp":"2026-09-28T08:49:09.983347Z","level":"info","event":"          Location                 str              0                 0.0              2","logger":"task.stdout"}
{"timestamp":"2026-09-28T08:49:09.983556Z","level":"info","event":"  Transaction Date                 str              0                 0.0           1114","logger":"task.stdout"}
{"timestamp":"2026-09-28T08:49:09.983753Z","level":"info","event":"  Discount Applied              object              0                 0.0              2","logger":"task.stdout"}
{"timestamp":"2026-09-28T08:49:09.983949Z","level":"info","event":"source_loaded_time datetime64[us, UTC]              0                 0.0              1","logger":"task.stdout"}
{"timestamp":"2026-09-28T08:49:09.984144Z","level":"info","event":"         loaded_at datetime64[us, UTC]              0                 0.0              1","logger":"task.stdout"}
{"timestamp":"2026-09-28T08:49:09.984339Z","level":"info","event":"            source                 str              0                 0.0              1","logger":"task.stdout"}
{"timestamp":"2026-09-28T08:49:21.227152Z","level":"info","event":"Done. Returned value was: None","task_id":"silver_load","map_index":-1,"try_number":1,"ti_id":"01a0e733-f44e-7508-b61c-3f7904b9e544","dag_id":"data_pipeline","run_id":"manual__2026-09-28T08:48:56.894963+00:00","logger":"airflow.task.operators.airflow.providers.standard.decorators.python._PythonDecoratedOperator","filename":"python.py","lineno":233}
{"timestamp":"2026-09-28T08:49:21.227385Z","level":"info","event":"::group::Post Execute","task_id":"silver_load","map_index":-1,"try_number":1,"ti_id":"01a0e733-f44e-7508-b61c-3f7904b9e544","dag_id":"data_pipeline","run_id":"manual__2026-09-28T08:48:56.894963+00:00","logger":"task","filename":"task_runner.py","lineno":1580}
{"timestamp":"2026-09-28T08:49:21.243736Z","level":"info","event":"::endgroup::","task_id":"silver_load","map_index":-1,"try_number":1,"ti_id":"01a0e733-f44e-7508-b61c-3f7904b9e544","dag_id":"data_pipeline","run_id":"manual__2026-09-28T08:48:56.894963+00:00","logger":"task","filename":"task_runner.py","lineno":2379}
