{"timestamp":"2026-09-28T16:21:11.430893Z","level":"info","event":"::group::Pre Execute","logger":"task","filename":"task_runner.py","lineno":2412}
{"timestamp":"2026-09-28T16:21:11.443366Z","level":"info","event":"DAG bundles loaded: dags-folder","task_id":"silver_load","map_index":-1,"run_id":"manual__2026-09-28T16:20:58.830778+00:00","ti_id":"01a0e8d1-cd5d-74a8-8bab-735d38b9c3ec","try_number":1,"dag_id":"data_pipeline","logger":"airflow.dag_processing.bundles.manager.DagBundlesManager","filename":"manager.py","lineno":304}
{"timestamp":"2026-09-28T16:21:11.444867Z","level":"info","event":"Filling up the DagBag from /opt/airflow/dags/data_pipeline.py","task_id":"silver_load","map_index":-1,"run_id":"manual__2026-09-28T16:20:58.830778+00:00","ti_id":"01a0e8d1-cd5d-74a8-8bab-735d38b9c3ec","try_number":1,"dag_id":"data_pipeline","logger":"airflow.dag_processing.dagbag.BundleDagBag","filename":"dagbag.py","lineno":460}
{"timestamp":"2026-09-28T16:21:11.826349Z","level":"info","event":"Worker startup parse complete","bundle_name":"dags-folder","bundle_version":null,"dag_file":"data_pipeline.py","dag_id":"data_pipeline","bundle_prepare_ms":2,"dag_file_parse_ms":381,"task_id":"silver_load","map_index":-1,"run_id":"manual__2026-09-28T16:20:58.830778+00:00","ti_id":"01a0e8d1-cd5d-74a8-8bab-735d38b9c3ec","try_number":1,"logger":"task","filename":"task_runner.py","lineno":1073}
{"timestamp":"2026-09-28T16:21:11.848638Z","level":"info","event":"::endgroup::","task_id":"silver_load","map_index":-1,"run_id":"manual__2026-09-28T16:20:58.830778+00:00","ti_id":"01a0e8d1-cd5d-74a8-8bab-735d38b9c3ec","try_number":1,"dag_id":"data_pipeline","logger":"task","filename":"task_runner.py","lineno":2232}
{"timestamp":"2026-09-28T16:21:11.982011Z","level":"info","event":"data before cleaning","logger":"task.stdout"}
{"timestamp":"2026-09-28T16:21:11.982583Z","level":"info","event":"            column               dtype  missing_count  missing_percentage  unique_values","logger":"task.stdout"}
{"timestamp":"2026-09-28T16:21:11.982983Z","level":"info","event":"    Transaction ID                 str              0            0.000000          12575","logger":"task.stdout"}
{"timestamp":"2026-09-28T16:21:11.983273Z","level":"info","event":"       Customer ID                 str              0            0.000000             25","logger":"task.stdout"}
{"timestamp":"2026-09-28T16:21:11.983549Z","level":"info","event":"          Category                 str              0            0.000000              8","logger":"task.stdout"}
{"timestamp":"2026-09-28T16:21:11.983793Z","level":"info","event":"              Item                 str           1213            9.646123            200","logger":"task.stdout"}
{"timestamp":"2026-09-28T16:21:11.984069Z","level":"info","event":"    Price Per Unit                 str            609            4.842942             25","logger":"task.stdout"}
{"timestamp":"2026-09-28T16:21:11.984365Z","level":"info","event":"          Quantity                 str            604            4.803181             10","logger":"task.stdout"}
{"timestamp":"2026-09-28T16:21:11.984599Z","level":"info","event":"       Total Spent                 str            604            4.803181            227","logger":"task.stdout"}
{"timestamp":"2026-09-28T16:21:11.984862Z","level":"info","event":"    Payment Method                 str              0            0.000000              3","logger":"task.stdout"}
{"timestamp":"2026-09-28T16:21:11.985169Z","level":"info","event":"          Location                 str              0            0.000000              2","logger":"task.stdout"}
{"timestamp":"2026-09-28T16:21:11.985390Z","level":"info","event":"  Transaction Date                 str              0            0.000000           1114","logger":"task.stdout"}
{"timestamp":"2026-09-28T16:21:11.985622Z","level":"info","event":"  Discount Applied                 str           4199           33.391650              2","logger":"task.stdout"}
{"timestamp":"2026-09-28T16:21:11.985930Z","level":"info","event":"source_loaded_time                 str              0            0.000000              1","logger":"task.stdout"}
{"timestamp":"2026-09-28T16:21:11.986217Z","level":"info","event":"       loaded_time datetime64[us, UTC]              0            0.000000              1","logger":"task.stdout"}
{"timestamp":"2026-09-28T16:21:12.127483Z","level":"info","event":"data after cleaning","logger":"task.stdout"}
{"timestamp":"2026-09-28T16:21:12.128084Z","level":"info","event":"            column   dtype  missing_count  missing_percentage  unique_values","logger":"task.stdout"}
{"timestamp":"2026-09-28T16:21:12.128492Z","level":"info","event":"    Transaction ID float64          11966               100.0              0","logger":"task.stdout"}
{"timestamp":"2026-09-28T16:21:12.128855Z","level":"info","event":"       Customer ID float64          11966               100.0              0","logger":"task.stdout"}
{"timestamp":"2026-09-28T16:21:12.129137Z","level":"info","event":"          Category float64          11966               100.0              0","logger":"task.stdout"}
{"timestamp":"2026-09-28T16:21:12.129373Z","level":"info","event":"              Item float64          11966               100.0              0","logger":"task.stdout"}
{"timestamp":"2026-09-28T16:21:12.129637Z","level":"info","event":"    Price Per Unit float64              0                 0.0             25","logger":"task.stdout"}
{"timestamp":"2026-09-28T16:21:12.129856Z","level":"info","event":"          Quantity   int64              0                 0.0             10","logger":"task.stdout"}
{"timestamp":"2026-09-28T16:21:12.130093Z","level":"info","event":"       Total Spent float64              0                 0.0            227","logger":"task.stdout"}
{"timestamp":"2026-09-28T16:21:12.130319Z","level":"info","event":"    Payment Method float64          11966               100.0              0","logger":"task.stdout"}
{"timestamp":"2026-09-28T16:21:12.130590Z","level":"info","event":"          Location float64          11966               100.0              0","logger":"task.stdout"}
{"timestamp":"2026-09-28T16:21:12.130849Z","level":"info","event":"  Transaction Date float64          11966               100.0              0","logger":"task.stdout"}
{"timestamp":"2026-09-28T16:21:12.131089Z","level":"info","event":"  Discount Applied float64          11966               100.0              0","logger":"task.stdout"}
{"timestamp":"2026-09-28T16:21:12.131342Z","level":"info","event":"source_loaded_time float64          11966               100.0              0","logger":"task.stdout"}
{"timestamp":"2026-09-28T16:21:12.131582Z","level":"info","event":"       loaded_time   int64              0                 0.0              1","logger":"task.stdout"}
{"timestamp":"2026-09-28T16:21:24.113935Z","level":"info","event":"Done. Returned value was: None","task_id":"silver_load","map_index":-1,"run_id":"manual__2026-09-28T16:20:58.830778+00:00","ti_id":"01a0e8d1-cd5d-74a8-8bab-735d38b9c3ec","try_number":1,"dag_id":"data_pipeline","logger":"airflow.task.operators.airflow.providers.standard.decorators.python._PythonDecoratedOperator","filename":"python.py","lineno":233}
{"timestamp":"2026-09-28T16:21:24.114171Z","level":"info","event":"::group::Post Execute","task_id":"silver_load","map_index":-1,"run_id":"manual__2026-09-28T16:20:58.830778+00:00","ti_id":"01a0e8d1-cd5d-74a8-8bab-735d38b9c3ec","try_number":1,"dag_id":"data_pipeline","logger":"task","filename":"task_runner.py","lineno":1580}
{"timestamp":"2026-09-28T16:21:24.129129Z","level":"info","event":"::endgroup::","task_id":"silver_load","map_index":-1,"run_id":"manual__2026-09-28T16:20:58.830778+00:00","ti_id":"01a0e8d1-cd5d-74a8-8bab-735d38b9c3ec","try_number":1,"dag_id":"data_pipeline","logger":"task","filename":"task_runner.py","lineno":2379}
