{"timestamp":"2026-09-28T16:58:47.276831Z","level":"info","event":"::group::Pre Execute","logger":"task","filename":"task_runner.py","lineno":2412}
{"timestamp":"2026-09-28T16:58:47.294511Z","level":"info","event":"DAG bundles loaded: dags-folder","try_number":1,"dag_id":"data_pipeline","map_index":-1,"task_id":"silver_load","ti_id":"01a0e8f4-2c05-789b-ae7c-51184bc772eb","run_id":"manual__2026-09-28T16:58:31.285573+00:00","logger":"airflow.dag_processing.bundles.manager.DagBundlesManager","filename":"manager.py","lineno":304}
{"timestamp":"2026-09-28T16:58:47.296142Z","level":"info","event":"Filling up the DagBag from /opt/airflow/dags/data_pipeline.py","try_number":1,"dag_id":"data_pipeline","map_index":-1,"task_id":"silver_load","ti_id":"01a0e8f4-2c05-789b-ae7c-51184bc772eb","run_id":"manual__2026-09-28T16:58:31.285573+00:00","logger":"airflow.dag_processing.dagbag.BundleDagBag","filename":"dagbag.py","lineno":460}
{"timestamp":"2026-09-28T16:58:47.665202Z","level":"info","event":"Worker startup parse complete","bundle_name":"dags-folder","bundle_version":null,"dag_file":"data_pipeline.py","dag_id":"data_pipeline","bundle_prepare_ms":2,"dag_file_parse_ms":369,"try_number":1,"map_index":-1,"task_id":"silver_load","ti_id":"01a0e8f4-2c05-789b-ae7c-51184bc772eb","run_id":"manual__2026-09-28T16:58:31.285573+00:00","logger":"task","filename":"task_runner.py","lineno":1073}
{"timestamp":"2026-09-28T16:58:47.690873Z","level":"info","event":"::endgroup::","try_number":1,"dag_id":"data_pipeline","map_index":-1,"task_id":"silver_load","ti_id":"01a0e8f4-2c05-789b-ae7c-51184bc772eb","run_id":"manual__2026-09-28T16:58:31.285573+00:00","logger":"task","filename":"task_runner.py","lineno":2232}
{"timestamp":"2026-09-28T16:58:48.094596Z","level":"info","event":"data before cleaning","logger":"task.stdout"}
{"timestamp":"2026-09-28T16:58:48.095045Z","level":"info","event":"            column               dtype  missing_count  missing_percentage  unique_values","logger":"task.stdout"}
{"timestamp":"2026-09-28T16:58:48.095300Z","level":"info","event":"    Transaction ID                 str              0            0.000000          12575","logger":"task.stdout"}
{"timestamp":"2026-09-28T16:58:48.095514Z","level":"info","event":"       Customer ID                 str              0            0.000000             25","logger":"task.stdout"}
{"timestamp":"2026-09-28T16:58:48.095733Z","level":"info","event":"          Category                 str              0            0.000000              8","logger":"task.stdout"}
{"timestamp":"2026-09-28T16:58:48.095953Z","level":"info","event":"              Item                 str           4852            9.646123            200","logger":"task.stdout"}
{"timestamp":"2026-09-28T16:58:48.096179Z","level":"info","event":"    Price Per Unit                 str           2436            4.842942             25","logger":"task.stdout"}
{"timestamp":"2026-09-28T16:58:48.096392Z","level":"info","event":"          Quantity                 str           2416            4.803181             10","logger":"task.stdout"}
{"timestamp":"2026-09-28T16:58:48.096645Z","level":"info","event":"       Total Spent                 str           2416            4.803181            227","logger":"task.stdout"}
{"timestamp":"2026-09-28T16:58:48.096938Z","level":"info","event":"    Payment Method                 str              0            0.000000              3","logger":"task.stdout"}
{"timestamp":"2026-09-28T16:58:48.097197Z","level":"info","event":"          Location                 str              0            0.000000              2","logger":"task.stdout"}
{"timestamp":"2026-09-28T16:58:48.097448Z","level":"info","event":"  Transaction Date                 str              0            0.000000           1114","logger":"task.stdout"}
{"timestamp":"2026-09-28T16:58:48.097754Z","level":"info","event":"  Discount Applied                 str          16796           33.391650              2","logger":"task.stdout"}
{"timestamp":"2026-09-28T16:58:48.098035Z","level":"info","event":"source_loaded_time                 str              0            0.000000              1","logger":"task.stdout"}
{"timestamp":"2026-09-28T16:58:48.098380Z","level":"info","event":"       loaded_time datetime64[us, UTC]              0            0.000000              4","logger":"task.stdout"}
{"timestamp":"2026-09-28T16:58:48.145466Z","level":"info","event":"data after cleaning","logger":"task.stdout"}
{"timestamp":"2026-09-28T16:58:48.145961Z","level":"info","event":"            column               dtype  missing_count  missing_percentage  unique_values","logger":"task.stdout"}
{"timestamp":"2026-09-28T16:58:48.146294Z","level":"info","event":"    Transaction ID                 str              0                 0.0          11966","logger":"task.stdout"}
{"timestamp":"2026-09-28T16:58:48.146550Z","level":"info","event":"       Customer ID                 str              0                 0.0             25","logger":"task.stdout"}
{"timestamp":"2026-09-28T16:58:48.146764Z","level":"info","event":"          Category                 str              0                 0.0              8","logger":"task.stdout"}
{"timestamp":"2026-09-28T16:58:48.147041Z","level":"info","event":"              Item                 str              0                 0.0            200","logger":"task.stdout"}
{"timestamp":"2026-09-28T16:58:48.147333Z","level":"info","event":"    Price Per Unit                 str              0                 0.0             25","logger":"task.stdout"}
{"timestamp":"2026-09-28T16:58:48.147579Z","level":"info","event":"          Quantity                 str              0                 0.0             10","logger":"task.stdout"}
{"timestamp":"2026-09-28T16:58:48.147803Z","level":"info","event":"       Total Spent                 str              0                 0.0            227","logger":"task.stdout"}
{"timestamp":"2026-09-28T16:58:48.148018Z","level":"info","event":"    Payment Method                 str              0                 0.0              3","logger":"task.stdout"}
{"timestamp":"2026-09-28T16:58:48.148231Z","level":"info","event":"          Location                 str              0                 0.0              2","logger":"task.stdout"}
{"timestamp":"2026-09-28T16:58:48.148452Z","level":"info","event":"  Transaction Date                 str              0                 0.0           1114","logger":"task.stdout"}
{"timestamp":"2026-09-28T16:58:48.148698Z","level":"info","event":"  Discount Applied                 str              0                 0.0              2","logger":"task.stdout"}
{"timestamp":"2026-09-28T16:58:48.148929Z","level":"info","event":"source_loaded_time                 str              0                 0.0              1","logger":"task.stdout"}
{"timestamp":"2026-09-28T16:58:48.149154Z","level":"info","event":"       loaded_time datetime64[us, UTC]              0                 0.0              4","logger":"task.stdout"}
{"timestamp":"2026-09-28T16:59:37.493585Z","level":"info","event":"Done. Returned value was: None","try_number":1,"dag_id":"data_pipeline","map_index":-1,"task_id":"silver_load","ti_id":"01a0e8f4-2c05-789b-ae7c-51184bc772eb","run_id":"manual__2026-09-28T16:58:31.285573+00:00","logger":"airflow.task.operators.airflow.providers.standard.decorators.python._PythonDecoratedOperator","filename":"python.py","lineno":233}
{"timestamp":"2026-09-28T16:59:37.494169Z","level":"info","event":"::group::Post Execute","try_number":1,"dag_id":"data_pipeline","map_index":-1,"task_id":"silver_load","ti_id":"01a0e8f4-2c05-789b-ae7c-51184bc772eb","run_id":"manual__2026-09-28T16:58:31.285573+00:00","logger":"task","filename":"task_runner.py","lineno":1580}
{"timestamp":"2026-09-28T16:59:37.525643Z","level":"info","event":"::endgroup::","try_number":1,"dag_id":"data_pipeline","map_index":-1,"task_id":"silver_load","ti_id":"01a0e8f4-2c05-789b-ae7c-51184bc772eb","run_id":"manual__2026-09-28T16:58:31.285573+00:00","logger":"task","filename":"task_runner.py","lineno":2379}
