{"timestamp":"2026-09-28T07:29:34.735097Z","level":"info","event":"::group::Pre Execute","logger":"task","filename":"task_runner.py","lineno":2412}
{"timestamp":"2026-09-28T07:29:34.749065Z","level":"info","event":"DAG bundles loaded: dags-folder","ti_id":"01a0e6eb-16eb-7c39-b387-2e41a546916e","map_index":-1,"try_number":1,"dag_id":"data_pipeline","task_id":"silver_load","run_id":"manual__2026-09-28T07:29:21.630842+00:00","logger":"airflow.dag_processing.bundles.manager.DagBundlesManager","filename":"manager.py","lineno":304}
{"timestamp":"2026-09-28T07:29:34.750452Z","level":"info","event":"Filling up the DagBag from /opt/airflow/dags/data_pipeline.py","ti_id":"01a0e6eb-16eb-7c39-b387-2e41a546916e","map_index":-1,"try_number":1,"dag_id":"data_pipeline","task_id":"silver_load","run_id":"manual__2026-09-28T07:29:21.630842+00:00","logger":"airflow.dag_processing.dagbag.BundleDagBag","filename":"dagbag.py","lineno":460}
{"timestamp":"2026-09-28T07:29:35.084447Z","level":"info","event":"Worker startup parse complete","bundle_name":"dags-folder","bundle_version":null,"dag_file":"data_pipeline.py","dag_id":"data_pipeline","bundle_prepare_ms":1,"dag_file_parse_ms":334,"ti_id":"01a0e6eb-16eb-7c39-b387-2e41a546916e","map_index":-1,"try_number":1,"task_id":"silver_load","run_id":"manual__2026-09-28T07:29:21.630842+00:00","logger":"task","filename":"task_runner.py","lineno":1073}
{"timestamp":"2026-09-28T07:29:35.103539Z","level":"info","event":"::endgroup::","ti_id":"01a0e6eb-16eb-7c39-b387-2e41a546916e","map_index":-1,"try_number":1,"dag_id":"data_pipeline","task_id":"silver_load","run_id":"manual__2026-09-28T07:29:21.630842+00:00","logger":"task","filename":"task_runner.py","lineno":2232}
{"timestamp":"2026-09-28T07:29:35.212587Z","level":"info","event":"","logger":"task.stdout"}
{"timestamp":"2026-09-28T07:29:35.213083Z","level":"info","event":" data before cleaning","logger":"task.stdout"}
{"timestamp":"2026-09-28T07:29:35.213365Z","level":"info","event":"","logger":"task.stdout"}
{"timestamp":"2026-09-28T07:29:35.223629Z","level":"info","event":"          column               dtype  missing_count  missing_percentage  unique_values","logger":"task.stdout"}
{"timestamp":"2026-09-28T07:29:35.224117Z","level":"info","event":"  Transaction ID                 str              0            0.000000          12575","logger":"task.stdout"}
{"timestamp":"2026-09-28T07:29:35.224405Z","level":"info","event":"     Customer ID                 str              0            0.000000             25","logger":"task.stdout"}
{"timestamp":"2026-09-28T07:29:35.224734Z","level":"info","event":"        Category                 str              0            0.000000              8","logger":"task.stdout"}
{"timestamp":"2026-09-28T07:29:35.225027Z","level":"info","event":"            Item                 str           1213            9.646123            200","logger":"task.stdout"}
{"timestamp":"2026-09-28T07:29:35.225269Z","level":"info","event":"  Price Per Unit             float64            609            4.842942             25","logger":"task.stdout"}
{"timestamp":"2026-09-28T07:29:35.225499Z","level":"info","event":"        Quantity             float64            604            4.803181             10","logger":"task.stdout"}
{"timestamp":"2026-09-28T07:29:35.225787Z","level":"info","event":"     Total Spent             float64            604            4.803181            227","logger":"task.stdout"}
{"timestamp":"2026-09-28T07:29:35.226065Z","level":"info","event":"  Payment Method                 str              0            0.000000              3","logger":"task.stdout"}
{"timestamp":"2026-09-28T07:29:35.226308Z","level":"info","event":"        Location                 str              0            0.000000              2","logger":"task.stdout"}
{"timestamp":"2026-09-28T07:29:35.226564Z","level":"info","event":"Transaction Date                 str              0            0.000000           1114","logger":"task.stdout"}
{"timestamp":"2026-09-28T07:29:35.226808Z","level":"info","event":"Discount Applied              object           4199           33.391650              2","logger":"task.stdout"}
{"timestamp":"2026-09-28T07:29:35.227099Z","level":"info","event":"       loaded_at datetime64[us, UTC]              0            0.000000              1","logger":"task.stdout"}
{"timestamp":"2026-09-28T07:29:35.227358Z","level":"info","event":"          source                 str              0            0.000000              1","logger":"task.stdout"}
{"timestamp":"2026-09-28T07:29:35.243413Z","level":"info","event":"","logger":"task.stdout"}
{"timestamp":"2026-09-28T07:29:35.243988Z","level":"info","event":" data after cleaning","logger":"task.stdout"}
{"timestamp":"2026-09-28T07:29:35.244361Z","level":"info","event":"","logger":"task.stdout"}
{"timestamp":"2026-09-28T07:29:35.250167Z","level":"info","event":"          column               dtype  missing_count  missing_percentage  unique_values","logger":"task.stdout"}
{"timestamp":"2026-09-28T07:29:35.250610Z","level":"info","event":"  Transaction ID                 str              0                 0.0          11966","logger":"task.stdout"}
{"timestamp":"2026-09-28T07:29:35.250935Z","level":"info","event":"     Customer ID                 str              0                 0.0             25","logger":"task.stdout"}
{"timestamp":"2026-09-28T07:29:35.251309Z","level":"info","event":"        Category                 str              0                 0.0              8","logger":"task.stdout"}
{"timestamp":"2026-09-28T07:29:35.251706Z","level":"info","event":"            Item                 str              0                 0.0            200","logger":"task.stdout"}
{"timestamp":"2026-09-28T07:29:35.252069Z","level":"info","event":"  Price Per Unit             float64              0                 0.0             25","logger":"task.stdout"}
{"timestamp":"2026-09-28T07:29:35.252437Z","level":"info","event":"        Quantity             float64              0                 0.0             10","logger":"task.stdout"}
{"timestamp":"2026-09-28T07:29:35.252689Z","level":"info","event":"     Total Spent             float64              0                 0.0            227","logger":"task.stdout"}
{"timestamp":"2026-09-28T07:29:35.252924Z","level":"info","event":"  Payment Method                 str              0                 0.0              3","logger":"task.stdout"}
{"timestamp":"2026-09-28T07:29:35.253230Z","level":"info","event":"        Location                 str              0                 0.0              2","logger":"task.stdout"}
{"timestamp":"2026-09-28T07:29:35.253516Z","level":"info","event":"Transaction Date                 str              0                 0.0           1114","logger":"task.stdout"}
{"timestamp":"2026-09-28T07:29:35.253740Z","level":"info","event":"Discount Applied              object              0                 0.0              2","logger":"task.stdout"}
{"timestamp":"2026-09-28T07:29:35.253949Z","level":"info","event":"       loaded_at datetime64[us, UTC]              0                 0.0              1","logger":"task.stdout"}
{"timestamp":"2026-09-28T07:29:35.254160Z","level":"info","event":"          source                 str              0                 0.0              1","logger":"task.stdout"}
{"timestamp":"2026-09-28T07:29:45.959082Z","level":"info","event":"Done. Returned value was: None","ti_id":"01a0e6eb-16eb-7c39-b387-2e41a546916e","map_index":-1,"try_number":1,"dag_id":"data_pipeline","task_id":"silver_load","run_id":"manual__2026-09-28T07:29:21.630842+00:00","logger":"airflow.task.operators.airflow.providers.standard.decorators.python._PythonDecoratedOperator","filename":"python.py","lineno":233}
{"timestamp":"2026-09-28T07:29:45.959322Z","level":"info","event":"::group::Post Execute","ti_id":"01a0e6eb-16eb-7c39-b387-2e41a546916e","map_index":-1,"try_number":1,"dag_id":"data_pipeline","task_id":"silver_load","run_id":"manual__2026-09-28T07:29:21.630842+00:00","logger":"task","filename":"task_runner.py","lineno":1580}
{"timestamp":"2026-09-28T07:29:45.974239Z","level":"info","event":"::endgroup::","ti_id":"01a0e6eb-16eb-7c39-b387-2e41a546916e","map_index":-1,"try_number":1,"dag_id":"data_pipeline","task_id":"silver_load","run_id":"manual__2026-09-28T07:29:21.630842+00:00","logger":"task","filename":"task_runner.py","lineno":2379}
