{"timestamp":"2026-09-28T17:31:20.590486Z","level":"info","event":"::group::Pre Execute","logger":"task","filename":"task_runner.py","lineno":2412}
{"timestamp":"2026-09-28T17:31:20.608180Z","level":"info","event":"DAG bundles loaded: dags-folder","map_index":-1,"task_id":"silver_load","try_number":1,"run_id":"manual__2026-09-28T17:31:05.816304+00:00","ti_id":"01a0e911-fee4-7c15-b49d-de2511007907","dag_id":"data_pipeline","logger":"airflow.dag_processing.bundles.manager.DagBundlesManager","filename":"manager.py","lineno":304}
{"timestamp":"2026-09-28T17:31:20.609848Z","level":"info","event":"Filling up the DagBag from /opt/airflow/dags/data_pipeline.py","map_index":-1,"task_id":"silver_load","try_number":1,"run_id":"manual__2026-09-28T17:31:05.816304+00:00","ti_id":"01a0e911-fee4-7c15-b49d-de2511007907","dag_id":"data_pipeline","logger":"airflow.dag_processing.dagbag.BundleDagBag","filename":"dagbag.py","lineno":460}
{"timestamp":"2026-09-28T17:31:20.946959Z","level":"info","event":"Worker startup parse complete","bundle_name":"dags-folder","bundle_version":null,"dag_file":"data_pipeline.py","dag_id":"data_pipeline","bundle_prepare_ms":2,"dag_file_parse_ms":337,"map_index":-1,"task_id":"silver_load","try_number":1,"run_id":"manual__2026-09-28T17:31:05.816304+00:00","ti_id":"01a0e911-fee4-7c15-b49d-de2511007907","logger":"task","filename":"task_runner.py","lineno":1073}
{"timestamp":"2026-09-28T17:31:20.966148Z","level":"info","event":"::endgroup::","map_index":-1,"task_id":"silver_load","try_number":1,"run_id":"manual__2026-09-28T17:31:05.816304+00:00","ti_id":"01a0e911-fee4-7c15-b49d-de2511007907","dag_id":"data_pipeline","logger":"task","filename":"task_runner.py","lineno":2232}
{"timestamp":"2026-09-28T17:31:21.103735Z","level":"info","event":"data before cleaning","logger":"task.stdout"}
{"timestamp":"2026-09-28T17:31:21.104199Z","level":"info","event":"            column               dtype  missing_count  missing_percentage  unique_values","logger":"task.stdout"}
{"timestamp":"2026-09-28T17:31:21.104472Z","level":"info","event":"    Transaction ID                 str              0            0.000000          12575","logger":"task.stdout"}
{"timestamp":"2026-09-28T17:31:21.104790Z","level":"info","event":"       Customer ID                 str              0            0.000000             25","logger":"task.stdout"}
{"timestamp":"2026-09-28T17:31:21.105079Z","level":"info","event":"          Category                 str              0            0.000000              8","logger":"task.stdout"}
{"timestamp":"2026-09-28T17:31:21.105319Z","level":"info","event":"              Item                 str           1213            9.646123            200","logger":"task.stdout"}
{"timestamp":"2026-09-28T17:31:21.105548Z","level":"info","event":"    Price Per Unit             float64            609            4.842942             25","logger":"task.stdout"}
{"timestamp":"2026-09-28T17:31:21.105831Z","level":"info","event":"          Quantity             float64            604            4.803181             10","logger":"task.stdout"}
{"timestamp":"2026-09-28T17:31:21.106090Z","level":"info","event":"       Total Spent             float64            604            4.803181            227","logger":"task.stdout"}
{"timestamp":"2026-09-28T17:31:21.106323Z","level":"info","event":"    Payment Method                 str              0            0.000000              3","logger":"task.stdout"}
{"timestamp":"2026-09-28T17:31:21.106552Z","level":"info","event":"          Location                 str              0            0.000000              2","logger":"task.stdout"}
{"timestamp":"2026-09-28T17:31:21.106780Z","level":"info","event":"  Transaction Date                 str              0            0.000000           1114","logger":"task.stdout"}
{"timestamp":"2026-09-28T17:31:21.107014Z","level":"info","event":"  Discount Applied              object           4199           33.391650              2","logger":"task.stdout"}
{"timestamp":"2026-09-28T17:31:21.107260Z","level":"info","event":"source_loaded_time datetime64[us, UTC]              0            0.000000              1","logger":"task.stdout"}
{"timestamp":"2026-09-28T17:31:21.107514Z","level":"info","event":"       loaded_time datetime64[us, UTC]              0            0.000000              1","logger":"task.stdout"}
{"timestamp":"2026-09-28T17:31:21.103901Z","level":"info","event":"12575","logger":"src.airflow.transformation.silver","map_index":-1,"task_id":"silver_load","try_number":1,"run_id":"manual__2026-09-28T17:31:05.816304+00:00","ti_id":"01a0e911-fee4-7c15-b49d-de2511007907","dag_id":"data_pipeline","filename":"silver.py","lineno":66}
{"timestamp":"2026-09-28T17:31:21.105646Z","level":"info","event":"12575","logger":"src.airflow.transformation.silver","map_index":-1,"task_id":"silver_load","try_number":1,"run_id":"manual__2026-09-28T17:31:05.816304+00:00","ti_id":"01a0e911-fee4-7c15-b49d-de2511007907","dag_id":"data_pipeline","filename":"silver.py","lineno":70}
{"timestamp":"2026-09-28T17:31:21.105744Z","level":"info","event":"12575","logger":"src.airflow.transformation.silver","map_index":-1,"task_id":"silver_load","try_number":1,"run_id":"manual__2026-09-28T17:31:05.816304+00:00","ti_id":"01a0e911-fee4-7c15-b49d-de2511007907","dag_id":"data_pipeline","filename":"silver.py","lineno":66}
{"timestamp":"2026-09-28T17:31:21.106710Z","level":"info","event":"12575","logger":"src.airflow.transformation.silver","map_index":-1,"task_id":"silver_load","try_number":1,"run_id":"manual__2026-09-28T17:31:05.816304+00:00","ti_id":"01a0e911-fee4-7c15-b49d-de2511007907","dag_id":"data_pipeline","filename":"silver.py","lineno":70}
{"timestamp":"2026-09-28T17:31:21.106792Z","level":"info","event":"12575","logger":"src.airflow.transformation.silver","map_index":-1,"task_id":"silver_load","try_number":1,"run_id":"manual__2026-09-28T17:31:05.816304+00:00","ti_id":"01a0e911-fee4-7c15-b49d-de2511007907","dag_id":"data_pipeline","filename":"silver.py","lineno":66}
{"timestamp":"2026-09-28T17:31:21.107731Z","level":"info","event":"12575","logger":"src.airflow.transformation.silver","map_index":-1,"task_id":"silver_load","try_number":1,"run_id":"manual__2026-09-28T17:31:05.816304+00:00","ti_id":"01a0e911-fee4-7c15-b49d-de2511007907","dag_id":"data_pipeline","filename":"silver.py","lineno":70}
{"timestamp":"2026-09-28T17:31:21.107813Z","level":"info","event":"12575","logger":"src.airflow.transformation.silver","map_index":-1,"task_id":"silver_load","try_number":1,"run_id":"manual__2026-09-28T17:31:05.816304+00:00","ti_id":"01a0e911-fee4-7c15-b49d-de2511007907","dag_id":"data_pipeline","filename":"silver.py","lineno":66}
{"timestamp":"2026-09-28T17:31:21.113588Z","level":"info","event":"12575","logger":"src.airflow.transformation.silver","map_index":-1,"task_id":"silver_load","try_number":1,"run_id":"manual__2026-09-28T17:31:05.816304+00:00","ti_id":"01a0e911-fee4-7c15-b49d-de2511007907","dag_id":"data_pipeline","filename":"silver.py","lineno":66}
{"timestamp":"2026-09-28T17:31:21.118860Z","level":"info","event":"11966","logger":"src.airflow.transformation.silver","map_index":-1,"task_id":"silver_load","try_number":1,"run_id":"manual__2026-09-28T17:31:05.816304+00:00","ti_id":"01a0e911-fee4-7c15-b49d-de2511007907","dag_id":"data_pipeline","filename":"silver.py","lineno":70}
{"timestamp":"2026-09-28T17:31:21.119055Z","level":"info","event":"11966","logger":"src.airflow.transformation.silver","map_index":-1,"task_id":"silver_load","try_number":1,"run_id":"manual__2026-09-28T17:31:05.816304+00:00","ti_id":"01a0e911-fee4-7c15-b49d-de2511007907","dag_id":"data_pipeline","filename":"silver.py","lineno":66}
{"timestamp":"2026-09-28T17:31:21.120212Z","level":"info","event":"11966","logger":"src.airflow.transformation.silver","map_index":-1,"task_id":"silver_load","try_number":1,"run_id":"manual__2026-09-28T17:31:05.816304+00:00","ti_id":"01a0e911-fee4-7c15-b49d-de2511007907","dag_id":"data_pipeline","filename":"silver.py","lineno":74}
{"timestamp":"2026-09-28T17:31:21.120332Z","level":"info","event":"11966","logger":"src.airflow.transformation.silver","map_index":-1,"task_id":"silver_load","try_number":1,"run_id":"manual__2026-09-28T17:31:05.816304+00:00","ti_id":"01a0e911-fee4-7c15-b49d-de2511007907","dag_id":"data_pipeline","filename":"silver.py","lineno":66}
{"timestamp":"2026-09-28T17:31:21.121047Z","level":"info","event":"11966","logger":"src.airflow.transformation.silver","map_index":-1,"task_id":"silver_load","try_number":1,"run_id":"manual__2026-09-28T17:31:05.816304+00:00","ti_id":"01a0e911-fee4-7c15-b49d-de2511007907","dag_id":"data_pipeline","filename":"silver.py","lineno":74}
{"timestamp":"2026-09-28T17:31:21.121168Z","level":"info","event":"11966","logger":"src.airflow.transformation.silver","map_index":-1,"task_id":"silver_load","try_number":1,"run_id":"manual__2026-09-28T17:31:05.816304+00:00","ti_id":"01a0e911-fee4-7c15-b49d-de2511007907","dag_id":"data_pipeline","filename":"silver.py","lineno":66}
{"timestamp":"2026-09-28T17:31:21.122261Z","level":"info","event":"11966","logger":"src.airflow.transformation.silver","map_index":-1,"task_id":"silver_load","try_number":1,"run_id":"manual__2026-09-28T17:31:05.816304+00:00","ti_id":"01a0e911-fee4-7c15-b49d-de2511007907","dag_id":"data_pipeline","filename":"silver.py","lineno":70}
{"timestamp":"2026-09-28T17:31:21.122378Z","level":"info","event":"11966","logger":"src.airflow.transformation.silver","map_index":-1,"task_id":"silver_load","try_number":1,"run_id":"manual__2026-09-28T17:31:05.816304+00:00","ti_id":"01a0e911-fee4-7c15-b49d-de2511007907","dag_id":"data_pipeline","filename":"silver.py","lineno":66}
{"timestamp":"2026-09-28T17:31:21.123435Z","level":"info","event":"11966","logger":"src.airflow.transformation.silver","map_index":-1,"task_id":"silver_load","try_number":1,"run_id":"manual__2026-09-28T17:31:05.816304+00:00","ti_id":"01a0e911-fee4-7c15-b49d-de2511007907","dag_id":"data_pipeline","filename":"silver.py","lineno":70}
{"timestamp":"2026-09-28T17:31:21.123570Z","level":"info","event":"11966","logger":"src.airflow.transformation.silver","map_index":-1,"task_id":"silver_load","try_number":1,"run_id":"manual__2026-09-28T17:31:05.816304+00:00","ti_id":"01a0e911-fee4-7c15-b49d-de2511007907","dag_id":"data_pipeline","filename":"silver.py","lineno":66}
{"timestamp":"2026-09-28T17:31:21.124534Z","level":"info","event":"11966","logger":"src.airflow.transformation.silver","map_index":-1,"task_id":"silver_load","try_number":1,"run_id":"manual__2026-09-28T17:31:05.816304+00:00","ti_id":"01a0e911-fee4-7c15-b49d-de2511007907","dag_id":"data_pipeline","filename":"silver.py","lineno":70}
{"timestamp":"2026-09-28T17:31:21.124668Z","level":"info","event":"11966","logger":"src.airflow.transformation.silver","map_index":-1,"task_id":"silver_load","try_number":1,"run_id":"manual__2026-09-28T17:31:05.816304+00:00","ti_id":"01a0e911-fee4-7c15-b49d-de2511007907","dag_id":"data_pipeline","filename":"silver.py","lineno":66}
{"timestamp":"2026-09-28T17:31:21.126113Z","level":"info","event":"11966","logger":"src.airflow.transformation.silver","map_index":-1,"task_id":"silver_load","try_number":1,"run_id":"manual__2026-09-28T17:31:05.816304+00:00","ti_id":"01a0e911-fee4-7c15-b49d-de2511007907","dag_id":"data_pipeline","filename":"silver.py","lineno":66}
{"timestamp":"2026-09-28T17:31:21.127146Z","level":"info","event":"11966","logger":"src.airflow.transformation.silver","map_index":-1,"task_id":"silver_load","try_number":1,"run_id":"manual__2026-09-28T17:31:05.816304+00:00","ti_id":"01a0e911-fee4-7c15-b49d-de2511007907","dag_id":"data_pipeline","filename":"silver.py","lineno":70}
{"timestamp":"2026-09-28T17:31:21.127262Z","level":"info","event":"11966","logger":"src.airflow.transformation.silver","map_index":-1,"task_id":"silver_load","try_number":1,"run_id":"manual__2026-09-28T17:31:05.816304+00:00","ti_id":"01a0e911-fee4-7c15-b49d-de2511007907","dag_id":"data_pipeline","filename":"silver.py","lineno":66}
{"timestamp":"2026-09-28T17:31:21.128225Z","level":"info","event":"11966","logger":"src.airflow.transformation.silver","map_index":-1,"task_id":"silver_load","try_number":1,"run_id":"manual__2026-09-28T17:31:05.816304+00:00","ti_id":"01a0e911-fee4-7c15-b49d-de2511007907","dag_id":"data_pipeline","filename":"silver.py","lineno":70}
{"timestamp":"2026-09-28T17:31:21.128338Z","level":"info","event":"11966","logger":"src.airflow.transformation.silver","map_index":-1,"task_id":"silver_load","try_number":1,"run_id":"manual__2026-09-28T17:31:05.816304+00:00","ti_id":"01a0e911-fee4-7c15-b49d-de2511007907","dag_id":"data_pipeline","filename":"silver.py","lineno":77}
{"timestamp":"2026-09-28T17:31:21.135236Z","level":"info","event":"data after cleaning","logger":"task.stdout"}
{"timestamp":"2026-09-28T17:31:21.135707Z","level":"info","event":"            column               dtype  missing_count  missing_percentage  unique_values","logger":"task.stdout"}
{"timestamp":"2026-09-28T17:31:21.136017Z","level":"info","event":"    Transaction ID                 str              0                 0.0          11966","logger":"task.stdout"}
{"timestamp":"2026-09-28T17:31:21.136312Z","level":"info","event":"       Customer ID                 str              0                 0.0             25","logger":"task.stdout"}
{"timestamp":"2026-09-28T17:31:21.136565Z","level":"info","event":"          Category                 str              0                 0.0              8","logger":"task.stdout"}
{"timestamp":"2026-09-28T17:31:21.136860Z","level":"info","event":"              Item                 str              0                 0.0            200","logger":"task.stdout"}
{"timestamp":"2026-09-28T17:31:21.137119Z","level":"info","event":"    Price Per Unit             float64              0                 0.0             25","logger":"task.stdout"}
{"timestamp":"2026-09-28T17:31:21.137405Z","level":"info","event":"          Quantity             float64              0                 0.0             10","logger":"task.stdout"}
{"timestamp":"2026-09-28T17:31:21.137662Z","level":"info","event":"       Total Spent             float64              0                 0.0            227","logger":"task.stdout"}
{"timestamp":"2026-09-28T17:31:21.137980Z","level":"info","event":"    Payment Method                 str              0                 0.0              3","logger":"task.stdout"}
{"timestamp":"2026-09-28T17:31:21.138245Z","level":"info","event":"          Location                 str              0                 0.0              2","logger":"task.stdout"}
{"timestamp":"2026-09-28T17:31:21.138518Z","level":"info","event":"  Transaction Date                 str              0                 0.0           1114","logger":"task.stdout"}
{"timestamp":"2026-09-28T17:31:21.138748Z","level":"info","event":"  Discount Applied              object              0                 0.0              2","logger":"task.stdout"}
{"timestamp":"2026-09-28T17:31:21.139021Z","level":"info","event":"source_loaded_time datetime64[us, UTC]              0                 0.0              1","logger":"task.stdout"}
{"timestamp":"2026-09-28T17:31:21.139262Z","level":"info","event":"       loaded_time datetime64[us, UTC]              0                 0.0              1","logger":"task.stdout"}
{"timestamp":"2026-09-28T17:31:21.135426Z","level":"info","event":"here 11966","logger":"src.airflow.transformation.silver","map_index":-1,"task_id":"silver_load","try_number":1,"run_id":"manual__2026-09-28T17:31:05.816304+00:00","ti_id":"01a0e911-fee4-7c15-b49d-de2511007907","dag_id":"data_pipeline","filename":"silver.py","lineno":46}
{"timestamp":"2026-09-28T17:31:32.121842Z","level":"info","event":"Done. Returned value was: None","map_index":-1,"task_id":"silver_load","try_number":1,"run_id":"manual__2026-09-28T17:31:05.816304+00:00","ti_id":"01a0e911-fee4-7c15-b49d-de2511007907","dag_id":"data_pipeline","logger":"airflow.task.operators.airflow.providers.standard.decorators.python._PythonDecoratedOperator","filename":"python.py","lineno":233}
{"timestamp":"2026-09-28T17:31:32.122068Z","level":"info","event":"::group::Post Execute","map_index":-1,"task_id":"silver_load","try_number":1,"run_id":"manual__2026-09-28T17:31:05.816304+00:00","ti_id":"01a0e911-fee4-7c15-b49d-de2511007907","dag_id":"data_pipeline","logger":"task","filename":"task_runner.py","lineno":1580}
{"timestamp":"2026-09-28T17:31:32.139453Z","level":"info","event":"::endgroup::","map_index":-1,"task_id":"silver_load","try_number":1,"run_id":"manual__2026-09-28T17:31:05.816304+00:00","ti_id":"01a0e911-fee4-7c15-b49d-de2511007907","dag_id":"data_pipeline","logger":"task","filename":"task_runner.py","lineno":2379}
