{"timestamp":"2026-09-28T17:13:44.364802Z","level":"info","event":"::group::Pre Execute","logger":"task","filename":"task_runner.py","lineno":2412}
{"timestamp":"2026-09-28T17:13:44.376916Z","level":"info","event":"DAG bundles loaded: dags-folder","task_id":"silver_load","dag_id":"data_pipeline","try_number":1,"map_index":-1,"ti_id":"01a0e901-dcb4-7484-bde7-e9ec3913a5d6","run_id":"manual__2026-09-28T17:13:28.484259+00:00","logger":"airflow.dag_processing.bundles.manager.DagBundlesManager","filename":"manager.py","lineno":304}
{"timestamp":"2026-09-28T17:13:44.378557Z","level":"info","event":"Filling up the DagBag from /opt/airflow/dags/data_pipeline.py","task_id":"silver_load","dag_id":"data_pipeline","try_number":1,"map_index":-1,"ti_id":"01a0e901-dcb4-7484-bde7-e9ec3913a5d6","run_id":"manual__2026-09-28T17:13:28.484259+00:00","logger":"airflow.dag_processing.dagbag.BundleDagBag","filename":"dagbag.py","lineno":460}
{"timestamp":"2026-09-28T17:13:44.772244Z","level":"info","event":"Worker startup parse complete","bundle_name":"dags-folder","bundle_version":null,"dag_file":"data_pipeline.py","dag_id":"data_pipeline","bundle_prepare_ms":2,"dag_file_parse_ms":393,"task_id":"silver_load","try_number":1,"map_index":-1,"ti_id":"01a0e901-dcb4-7484-bde7-e9ec3913a5d6","run_id":"manual__2026-09-28T17:13:28.484259+00:00","logger":"task","filename":"task_runner.py","lineno":1073}
{"timestamp":"2026-09-28T17:13:44.798127Z","level":"info","event":"::endgroup::","task_id":"silver_load","dag_id":"data_pipeline","try_number":1,"map_index":-1,"ti_id":"01a0e901-dcb4-7484-bde7-e9ec3913a5d6","run_id":"manual__2026-09-28T17:13:28.484259+00:00","logger":"task","filename":"task_runner.py","lineno":2232}
{"timestamp":"2026-09-28T17:13:45.023247Z","level":"info","event":"data before cleaning","logger":"task.stdout"}
{"timestamp":"2026-09-28T17:13:45.023751Z","level":"info","event":"            column               dtype  missing_count  missing_percentage  unique_values","logger":"task.stdout"}
{"timestamp":"2026-09-28T17:13:45.024017Z","level":"info","event":"    Transaction ID                 str              0            0.000000          12575","logger":"task.stdout"}
{"timestamp":"2026-09-28T17:13:45.024267Z","level":"info","event":"       Customer ID                 str              0            0.000000             25","logger":"task.stdout"}
{"timestamp":"2026-09-28T17:13:45.024508Z","level":"info","event":"          Category                 str              0            0.000000              8","logger":"task.stdout"}
{"timestamp":"2026-09-28T17:13:45.024784Z","level":"info","event":"              Item                 str           2426            9.646123            200","logger":"task.stdout"}
{"timestamp":"2026-09-28T17:13:45.025017Z","level":"info","event":"    Price Per Unit             float64           1218            4.842942             25","logger":"task.stdout"}
{"timestamp":"2026-09-28T17:13:45.025268Z","level":"info","event":"          Quantity             float64           1208            4.803181             10","logger":"task.stdout"}
{"timestamp":"2026-09-28T17:13:45.025499Z","level":"info","event":"       Total Spent             float64           1208            4.803181            227","logger":"task.stdout"}
{"timestamp":"2026-09-28T17:13:45.025730Z","level":"info","event":"    Payment Method                 str              0            0.000000              3","logger":"task.stdout"}
{"timestamp":"2026-09-28T17:13:45.025959Z","level":"info","event":"          Location                 str              0            0.000000              2","logger":"task.stdout"}
{"timestamp":"2026-09-28T17:13:45.026187Z","level":"info","event":"  Transaction Date                 str              0            0.000000           1114","logger":"task.stdout"}
{"timestamp":"2026-09-28T17:13:45.026395Z","level":"info","event":"  Discount Applied              object           8398           33.391650              2","logger":"task.stdout"}
{"timestamp":"2026-09-28T17:13:45.026643Z","level":"info","event":"source_loaded_time datetime64[us, UTC]              0            0.000000              1","logger":"task.stdout"}
{"timestamp":"2026-09-28T17:13:45.026885Z","level":"info","event":"       loaded_time datetime64[us, UTC]              0            0.000000              2","logger":"task.stdout"}
{"timestamp":"2026-09-28T17:13:45.044186Z","level":"info","event":"23932","logger":"src.airflow.transformation.silver","task_id":"silver_load","dag_id":"data_pipeline","try_number":1,"map_index":-1,"ti_id":"01a0e901-dcb4-7484-bde7-e9ec3913a5d6","run_id":"manual__2026-09-28T17:13:28.484259+00:00","filename":"silver.py","lineno":74}
{"timestamp":"2026-09-28T17:13:45.054219Z","level":"info","event":"data after cleaning","logger":"task.stdout"}
{"timestamp":"2026-09-28T17:13:45.054667Z","level":"info","event":"            column               dtype  missing_count  missing_percentage  unique_values","logger":"task.stdout"}
{"timestamp":"2026-09-28T17:13:45.054951Z","level":"info","event":"    Transaction ID                 str              0                 0.0          11966","logger":"task.stdout"}
{"timestamp":"2026-09-28T17:13:45.055203Z","level":"info","event":"       Customer ID                 str              0                 0.0             25","logger":"task.stdout"}
{"timestamp":"2026-09-28T17:13:45.055557Z","level":"info","event":"          Category                 str              0                 0.0              8","logger":"task.stdout"}
{"timestamp":"2026-09-28T17:13:45.055872Z","level":"info","event":"              Item                 str              0                 0.0            200","logger":"task.stdout"}
{"timestamp":"2026-09-28T17:13:45.056188Z","level":"info","event":"    Price Per Unit             float64              0                 0.0             25","logger":"task.stdout"}
{"timestamp":"2026-09-28T17:13:45.056432Z","level":"info","event":"          Quantity             float64              0                 0.0             10","logger":"task.stdout"}
{"timestamp":"2026-09-28T17:13:45.056658Z","level":"info","event":"       Total Spent             float64              0                 0.0            227","logger":"task.stdout"}
{"timestamp":"2026-09-28T17:13:45.056935Z","level":"info","event":"    Payment Method                 str              0                 0.0              3","logger":"task.stdout"}
{"timestamp":"2026-09-28T17:13:45.057135Z","level":"info","event":"          Location                 str              0                 0.0              2","logger":"task.stdout"}
{"timestamp":"2026-09-28T17:13:45.057359Z","level":"info","event":"  Transaction Date                 str              0                 0.0           1114","logger":"task.stdout"}
{"timestamp":"2026-09-28T17:13:45.057606Z","level":"info","event":"  Discount Applied              object              0                 0.0              2","logger":"task.stdout"}
{"timestamp":"2026-09-28T17:13:45.057861Z","level":"info","event":"source_loaded_time datetime64[us, UTC]              0                 0.0              1","logger":"task.stdout"}
{"timestamp":"2026-09-28T17:13:45.058159Z","level":"info","event":"       loaded_time datetime64[us, UTC]              0                 0.0              2","logger":"task.stdout"}
{"timestamp":"2026-09-28T17:13:45.054442Z","level":"info","event":"here 23932","logger":"src.airflow.transformation.silver","task_id":"silver_load","dag_id":"data_pipeline","try_number":1,"map_index":-1,"ti_id":"01a0e901-dcb4-7484-bde7-e9ec3913a5d6","run_id":"manual__2026-09-28T17:13:28.484259+00:00","filename":"silver.py","lineno":46}
{"timestamp":"2026-09-28T17:14:09.376096Z","level":"info","event":"Done. Returned value was: None","task_id":"silver_load","dag_id":"data_pipeline","try_number":1,"map_index":-1,"ti_id":"01a0e901-dcb4-7484-bde7-e9ec3913a5d6","run_id":"manual__2026-09-28T17:13:28.484259+00:00","logger":"airflow.task.operators.airflow.providers.standard.decorators.python._PythonDecoratedOperator","filename":"python.py","lineno":233}
{"timestamp":"2026-09-28T17:14:09.376372Z","level":"info","event":"::group::Post Execute","task_id":"silver_load","dag_id":"data_pipeline","try_number":1,"map_index":-1,"ti_id":"01a0e901-dcb4-7484-bde7-e9ec3913a5d6","run_id":"manual__2026-09-28T17:13:28.484259+00:00","logger":"task","filename":"task_runner.py","lineno":1580}
{"timestamp":"2026-09-28T17:14:09.394470Z","level":"info","event":"::endgroup::","task_id":"silver_load","dag_id":"data_pipeline","try_number":1,"map_index":-1,"ti_id":"01a0e901-dcb4-7484-bde7-e9ec3913a5d6","run_id":"manual__2026-09-28T17:13:28.484259+00:00","logger":"task","filename":"task_runner.py","lineno":2379}
