{"timestamp":"2026-09-28T09:07:32.770472Z","level":"info","event":"::group::Pre Execute","logger":"task","filename":"task_runner.py","lineno":2412}
{"timestamp":"2026-09-28T09:07:32.789074Z","level":"info","event":"DAG bundles loaded: dags-folder","task_id":"silver_load","map_index":-1,"try_number":1,"ti_id":"01a0e744-f2e0-7a11-aff5-a4ffc9886b9a","dag_id":"data_pipeline","run_id":"manual__2026-09-28T09:07:30.641544+00:00","logger":"airflow.dag_processing.bundles.manager.DagBundlesManager","filename":"manager.py","lineno":304}
{"timestamp":"2026-09-28T09:07:32.790410Z","level":"info","event":"Filling up the DagBag from /opt/airflow/dags/data_pipeline.py","task_id":"silver_load","map_index":-1,"try_number":1,"ti_id":"01a0e744-f2e0-7a11-aff5-a4ffc9886b9a","dag_id":"data_pipeline","run_id":"manual__2026-09-28T09:07:30.641544+00:00","logger":"airflow.dag_processing.dagbag.BundleDagBag","filename":"dagbag.py","lineno":460}
{"timestamp":"2026-09-28T09:07:33.138347Z","level":"info","event":"Worker startup parse complete","bundle_name":"dags-folder","bundle_version":null,"dag_file":"data_pipeline.py","dag_id":"data_pipeline","bundle_prepare_ms":1,"dag_file_parse_ms":348,"task_id":"silver_load","map_index":-1,"try_number":1,"ti_id":"01a0e744-f2e0-7a11-aff5-a4ffc9886b9a","run_id":"manual__2026-09-28T09:07:30.641544+00:00","logger":"task","filename":"task_runner.py","lineno":1073}
{"timestamp":"2026-09-28T09:07:33.157779Z","level":"info","event":"::endgroup::","task_id":"silver_load","map_index":-1,"try_number":1,"ti_id":"01a0e744-f2e0-7a11-aff5-a4ffc9886b9a","dag_id":"data_pipeline","run_id":"manual__2026-09-28T09:07:30.641544+00:00","logger":"task","filename":"task_runner.py","lineno":2232}
{"timestamp":"2026-09-28T09:07:33.291568Z","level":"info","event":"","logger":"task.stdout"}
{"timestamp":"2026-09-28T09:07:33.292141Z","level":"info","event":" data before cleaning","logger":"task.stdout"}
{"timestamp":"2026-09-28T09:07:33.292415Z","level":"info","event":"","logger":"task.stdout"}
{"timestamp":"2026-09-28T09:07:33.303359Z","level":"info","event":"            column               dtype  missing_count  missing_percentage  unique_values","logger":"task.stdout"}
{"timestamp":"2026-09-28T09:07:33.303864Z","level":"info","event":"    Transaction ID                 str              0            0.000000          12575","logger":"task.stdout"}
{"timestamp":"2026-09-28T09:07:33.304171Z","level":"info","event":"       Customer ID                 str              0            0.000000             25","logger":"task.stdout"}
{"timestamp":"2026-09-28T09:07:33.304421Z","level":"info","event":"          Category                 str              0            0.000000              8","logger":"task.stdout"}
{"timestamp":"2026-09-28T09:07:33.304668Z","level":"info","event":"              Item                 str           1213            9.646123            200","logger":"task.stdout"}
{"timestamp":"2026-09-28T09:07:33.304969Z","level":"info","event":"    Price Per Unit             float64            609            4.842942             25","logger":"task.stdout"}
{"timestamp":"2026-09-28T09:07:33.305246Z","level":"info","event":"          Quantity             float64            604            4.803181             10","logger":"task.stdout"}
{"timestamp":"2026-09-28T09:07:33.305481Z","level":"info","event":"       Total Spent             float64            604            4.803181            227","logger":"task.stdout"}
{"timestamp":"2026-09-28T09:07:33.305715Z","level":"info","event":"    Payment Method                 str              0            0.000000              3","logger":"task.stdout"}
{"timestamp":"2026-09-28T09:07:33.305948Z","level":"info","event":"          Location                 str              0            0.000000              2","logger":"task.stdout"}
{"timestamp":"2026-09-28T09:07:33.306179Z","level":"info","event":"  Transaction Date                 str              0            0.000000           1114","logger":"task.stdout"}
{"timestamp":"2026-09-28T09:07:33.306449Z","level":"info","event":"  Discount Applied              object           4199           33.391650              2","logger":"task.stdout"}
{"timestamp":"2026-09-28T09:07:33.306757Z","level":"info","event":"source_loaded_time datetime64[us, UTC]              0            0.000000              1","logger":"task.stdout"}
{"timestamp":"2026-09-28T09:07:33.307066Z","level":"info","event":"         loaded_at datetime64[us, UTC]              0            0.000000              1","logger":"task.stdout"}
{"timestamp":"2026-09-28T09:07:33.307364Z","level":"info","event":"            source                 str              0            0.000000              1","logger":"task.stdout"}
{"timestamp":"2026-09-28T09:07:33.325193Z","level":"info","event":"","logger":"task.stdout"}
{"timestamp":"2026-09-28T09:07:33.325718Z","level":"info","event":" data after cleaning","logger":"task.stdout"}
{"timestamp":"2026-09-28T09:07:33.325988Z","level":"info","event":"","logger":"task.stdout"}
{"timestamp":"2026-09-28T09:07:33.331960Z","level":"info","event":"            column               dtype  missing_count  missing_percentage  unique_values","logger":"task.stdout"}
{"timestamp":"2026-09-28T09:07:33.332380Z","level":"info","event":"    Transaction ID                 str              0                 0.0          11966","logger":"task.stdout"}
{"timestamp":"2026-09-28T09:07:33.332674Z","level":"info","event":"       Customer ID                 str              0                 0.0             25","logger":"task.stdout"}
{"timestamp":"2026-09-28T09:07:33.332902Z","level":"info","event":"          Category                 str              0                 0.0              8","logger":"task.stdout"}
{"timestamp":"2026-09-28T09:07:33.333134Z","level":"info","event":"              Item                 str              0                 0.0            200","logger":"task.stdout"}
{"timestamp":"2026-09-28T09:07:33.333415Z","level":"info","event":"    Price Per Unit             float64              0                 0.0             25","logger":"task.stdout"}
{"timestamp":"2026-09-28T09:07:33.333665Z","level":"info","event":"          Quantity             float64              0                 0.0             10","logger":"task.stdout"}
{"timestamp":"2026-09-28T09:07:33.333938Z","level":"info","event":"       Total Spent             float64              0                 0.0            227","logger":"task.stdout"}
{"timestamp":"2026-09-28T09:07:33.334181Z","level":"info","event":"    Payment Method                 str              0                 0.0              3","logger":"task.stdout"}
{"timestamp":"2026-09-28T09:07:33.334414Z","level":"info","event":"          Location                 str              0                 0.0              2","logger":"task.stdout"}
{"timestamp":"2026-09-28T09:07:33.334645Z","level":"info","event":"  Transaction Date                 str              0                 0.0           1114","logger":"task.stdout"}
{"timestamp":"2026-09-28T09:07:33.334968Z","level":"info","event":"  Discount Applied              object              0                 0.0              2","logger":"task.stdout"}
{"timestamp":"2026-09-28T09:07:33.335261Z","level":"info","event":"source_loaded_time datetime64[us, UTC]              0                 0.0              1","logger":"task.stdout"}
{"timestamp":"2026-09-28T09:07:33.335543Z","level":"info","event":"         loaded_at datetime64[us, UTC]              0                 0.0              1","logger":"task.stdout"}
{"timestamp":"2026-09-28T09:07:33.335812Z","level":"info","event":"            source                 str              0                 0.0              1","logger":"task.stdout"}
{"timestamp":"2026-09-28T09:07:44.051928Z","level":"info","event":"Done. Returned value was: None","task_id":"silver_load","map_index":-1,"try_number":1,"ti_id":"01a0e744-f2e0-7a11-aff5-a4ffc9886b9a","dag_id":"data_pipeline","run_id":"manual__2026-09-28T09:07:30.641544+00:00","logger":"airflow.task.operators.airflow.providers.standard.decorators.python._PythonDecoratedOperator","filename":"python.py","lineno":233}
{"timestamp":"2026-09-28T09:07:44.052190Z","level":"info","event":"::group::Post Execute","task_id":"silver_load","map_index":-1,"try_number":1,"ti_id":"01a0e744-f2e0-7a11-aff5-a4ffc9886b9a","dag_id":"data_pipeline","run_id":"manual__2026-09-28T09:07:30.641544+00:00","logger":"task","filename":"task_runner.py","lineno":1580}
{"timestamp":"2026-09-28T09:07:44.066705Z","level":"info","event":"::endgroup::","task_id":"silver_load","map_index":-1,"try_number":1,"ti_id":"01a0e744-f2e0-7a11-aff5-a4ffc9886b9a","dag_id":"data_pipeline","run_id":"manual__2026-09-28T09:07:30.641544+00:00","logger":"task","filename":"task_runner.py","lineno":2379}
