{"timestamp":"2026-09-28T06:55:15.596784Z","level":"info","event":"::group::Pre Execute","logger":"task","filename":"task_runner.py","lineno":2412}
{"timestamp":"2026-09-28T06:55:15.615089Z","level":"info","event":"DAG bundles loaded: dags-folder","task_id":"silver_load","map_index":-1,"run_id":"manual__2026-09-28T06:54:59.899658+00:00","ti_id":"01a0e6cb-a14a-70e3-8245-d5ce2fd3c17c","try_number":1,"dag_id":"data_pipeline","logger":"airflow.dag_processing.bundles.manager.DagBundlesManager","filename":"manager.py","lineno":304}
{"timestamp":"2026-09-28T06:55:15.616975Z","level":"info","event":"Filling up the DagBag from /opt/airflow/dags/data_pipeline.py","task_id":"silver_load","map_index":-1,"run_id":"manual__2026-09-28T06:54:59.899658+00:00","ti_id":"01a0e6cb-a14a-70e3-8245-d5ce2fd3c17c","try_number":1,"dag_id":"data_pipeline","logger":"airflow.dag_processing.dagbag.BundleDagBag","filename":"dagbag.py","lineno":460}
{"timestamp":"2026-09-28T06:55:16.053947Z","level":"info","event":"Worker startup parse complete","bundle_name":"dags-folder","bundle_version":null,"dag_file":"data_pipeline.py","dag_id":"data_pipeline","bundle_prepare_ms":2,"dag_file_parse_ms":437,"task_id":"silver_load","map_index":-1,"run_id":"manual__2026-09-28T06:54:59.899658+00:00","ti_id":"01a0e6cb-a14a-70e3-8245-d5ce2fd3c17c","try_number":1,"logger":"task","filename":"task_runner.py","lineno":1073}
{"timestamp":"2026-09-28T06:55:16.080084Z","level":"info","event":"::endgroup::","task_id":"silver_load","map_index":-1,"run_id":"manual__2026-09-28T06:54:59.899658+00:00","ti_id":"01a0e6cb-a14a-70e3-8245-d5ce2fd3c17c","try_number":1,"dag_id":"data_pipeline","logger":"task","filename":"task_runner.py","lineno":2232}
{"timestamp":"2026-09-28T06:55:16.194224Z","level":"info","event":"","logger":"task.stdout"}
{"timestamp":"2026-09-28T06:55:16.194861Z","level":"info","event":" data before cleaning","logger":"task.stdout"}
{"timestamp":"2026-09-28T06:55:16.195324Z","level":"info","event":"","logger":"task.stdout"}
{"timestamp":"2026-09-28T06:55:16.206450Z","level":"info","event":"          column               dtype  missing_count  missing_percentage  unique_values","logger":"task.stdout"}
{"timestamp":"2026-09-28T06:55:16.207136Z","level":"info","event":"  Transaction ID                 str              0            0.000000          12575","logger":"task.stdout"}
{"timestamp":"2026-09-28T06:55:16.207781Z","level":"info","event":"     Customer ID                 str              0            0.000000             25","logger":"task.stdout"}
{"timestamp":"2026-09-28T06:55:16.208325Z","level":"info","event":"        Category                 str              0            0.000000              8","logger":"task.stdout"}
{"timestamp":"2026-09-28T06:55:16.208763Z","level":"info","event":"            Item                 str           1213            9.646123            200","logger":"task.stdout"}
{"timestamp":"2026-09-28T06:55:16.209102Z","level":"info","event":"  Price Per Unit             float64            609            4.842942             25","logger":"task.stdout"}
{"timestamp":"2026-09-28T06:55:16.209346Z","level":"info","event":"        Quantity             float64            604            4.803181             10","logger":"task.stdout"}
{"timestamp":"2026-09-28T06:55:16.209780Z","level":"info","event":"     Total Spent             float64            604            4.803181            227","logger":"task.stdout"}
{"timestamp":"2026-09-28T06:55:16.210081Z","level":"info","event":"  Payment Method                 str              0            0.000000              3","logger":"task.stdout"}
{"timestamp":"2026-09-28T06:55:16.210325Z","level":"info","event":"        Location                 str              0            0.000000              2","logger":"task.stdout"}
{"timestamp":"2026-09-28T06:55:16.210547Z","level":"info","event":"Transaction Date                 str              0            0.000000           1114","logger":"task.stdout"}
{"timestamp":"2026-09-28T06:55:16.210764Z","level":"info","event":"Discount Applied              object           4199           33.391650              2","logger":"task.stdout"}
{"timestamp":"2026-09-28T06:55:16.211121Z","level":"info","event":"       loaded_at datetime64[us, UTC]              0            0.000000              1","logger":"task.stdout"}
{"timestamp":"2026-09-28T06:55:16.211467Z","level":"info","event":"          source                 str              0            0.000000              1","logger":"task.stdout"}
{"timestamp":"2026-09-28T06:55:16.232420Z","level":"info","event":"","logger":"task.stdout"}
{"timestamp":"2026-09-28T06:55:16.233139Z","level":"info","event":" data after cleaning","logger":"task.stdout"}
{"timestamp":"2026-09-28T06:55:16.233586Z","level":"info","event":"","logger":"task.stdout"}
{"timestamp":"2026-09-28T06:55:16.240377Z","level":"info","event":"          column               dtype  missing_count  missing_percentage  unique_values","logger":"task.stdout"}
{"timestamp":"2026-09-28T06:55:16.241067Z","level":"info","event":"  Transaction ID                 str              0                 0.0          11966","logger":"task.stdout"}
{"timestamp":"2026-09-28T06:55:16.241498Z","level":"info","event":"     Customer ID                 str              0                 0.0             25","logger":"task.stdout"}
{"timestamp":"2026-09-28T06:55:16.241943Z","level":"info","event":"        Category                 str              0                 0.0              8","logger":"task.stdout"}
{"timestamp":"2026-09-28T06:55:16.242396Z","level":"info","event":"            Item                 str              0                 0.0            200","logger":"task.stdout"}
{"timestamp":"2026-09-28T06:55:16.242875Z","level":"info","event":"  Price Per Unit             float64              0                 0.0             25","logger":"task.stdout"}
{"timestamp":"2026-09-28T06:55:16.243406Z","level":"info","event":"        Quantity             float64              0                 0.0             10","logger":"task.stdout"}
{"timestamp":"2026-09-28T06:55:16.244007Z","level":"info","event":"     Total Spent             float64              0                 0.0            227","logger":"task.stdout"}
{"timestamp":"2026-09-28T06:55:16.244554Z","level":"info","event":"  Payment Method                 str              0                 0.0              3","logger":"task.stdout"}
{"timestamp":"2026-09-28T06:55:16.245022Z","level":"info","event":"        Location                 str              0                 0.0              2","logger":"task.stdout"}
{"timestamp":"2026-09-28T06:55:16.245317Z","level":"info","event":"Transaction Date                 str              0                 0.0           1114","logger":"task.stdout"}
{"timestamp":"2026-09-28T06:55:16.245591Z","level":"info","event":"Discount Applied              object              0                 0.0              2","logger":"task.stdout"}
{"timestamp":"2026-09-28T06:55:16.245870Z","level":"info","event":"       loaded_at datetime64[us, UTC]              0                 0.0              1","logger":"task.stdout"}
{"timestamp":"2026-09-28T06:55:16.246151Z","level":"info","event":"          source                 str              0                 0.0              1","logger":"task.stdout"}
{"timestamp":"2026-09-28T06:55:28.966940Z","level":"info","event":"Done. Returned value was: None","task_id":"silver_load","map_index":-1,"run_id":"manual__2026-09-28T06:54:59.899658+00:00","ti_id":"01a0e6cb-a14a-70e3-8245-d5ce2fd3c17c","try_number":1,"dag_id":"data_pipeline","logger":"airflow.task.operators.airflow.providers.standard.decorators.python._PythonDecoratedOperator","filename":"python.py","lineno":233}
{"timestamp":"2026-09-28T06:55:28.967351Z","level":"info","event":"::group::Post Execute","task_id":"silver_load","map_index":-1,"run_id":"manual__2026-09-28T06:54:59.899658+00:00","ti_id":"01a0e6cb-a14a-70e3-8245-d5ce2fd3c17c","try_number":1,"dag_id":"data_pipeline","logger":"task","filename":"task_runner.py","lineno":1580}
{"timestamp":"2026-09-28T06:55:28.984819Z","level":"info","event":"::endgroup::","task_id":"silver_load","map_index":-1,"run_id":"manual__2026-09-28T06:54:59.899658+00:00","ti_id":"01a0e6cb-a14a-70e3-8245-d5ce2fd3c17c","try_number":1,"dag_id":"data_pipeline","logger":"task","filename":"task_runner.py","lineno":2379}
