{"timestamp":"2026-09-28T06:51:43.943535Z","level":"info","event":"::group::Pre Execute","logger":"task","filename":"task_runner.py","lineno":2412}
{"timestamp":"2026-09-28T06:51:43.958941Z","level":"info","event":"DAG bundles loaded: dags-folder","ti_id":"01a0e6c8-7076-7259-a5e4-ec33d7f83697","task_id":"silver_load","run_id":"manual__2026-09-28T06:51:30.790785+00:00","map_index":-1,"dag_id":"data_pipeline","try_number":1,"logger":"airflow.dag_processing.bundles.manager.DagBundlesManager","filename":"manager.py","lineno":304}
{"timestamp":"2026-09-28T06:51:43.960917Z","level":"info","event":"Filling up the DagBag from /opt/airflow/dags/data_pipeline.py","ti_id":"01a0e6c8-7076-7259-a5e4-ec33d7f83697","task_id":"silver_load","run_id":"manual__2026-09-28T06:51:30.790785+00:00","map_index":-1,"dag_id":"data_pipeline","try_number":1,"logger":"airflow.dag_processing.dagbag.BundleDagBag","filename":"dagbag.py","lineno":460}
{"timestamp":"2026-09-28T06:51:44.320755Z","level":"info","event":"Worker startup parse complete","bundle_name":"dags-folder","bundle_version":null,"dag_file":"data_pipeline.py","dag_id":"data_pipeline","bundle_prepare_ms":2,"dag_file_parse_ms":360,"ti_id":"01a0e6c8-7076-7259-a5e4-ec33d7f83697","task_id":"silver_load","run_id":"manual__2026-09-28T06:51:30.790785+00:00","map_index":-1,"try_number":1,"logger":"task","filename":"task_runner.py","lineno":1073}
{"timestamp":"2026-09-28T06:51:44.347947Z","level":"info","event":"::endgroup::","ti_id":"01a0e6c8-7076-7259-a5e4-ec33d7f83697","task_id":"silver_load","run_id":"manual__2026-09-28T06:51:30.790785+00:00","map_index":-1,"dag_id":"data_pipeline","try_number":1,"logger":"task","filename":"task_runner.py","lineno":2232}
{"timestamp":"2026-09-28T06:51:44.460755Z","level":"info","event":"","logger":"task.stdout"}
{"timestamp":"2026-09-28T06:51:44.461577Z","level":"info","event":" data before cleaning","logger":"task.stdout"}
{"timestamp":"2026-09-28T06:51:44.462093Z","level":"info","event":"","logger":"task.stdout"}
{"timestamp":"2026-09-28T06:51:44.484043Z","level":"info","event":"          column               dtype  missing_count  missing_percentage  unique_values","logger":"task.stdout"}
{"timestamp":"2026-09-28T06:51:44.484600Z","level":"info","event":"  Transaction ID                 str              0            0.000000          12575","logger":"task.stdout"}
{"timestamp":"2026-09-28T06:51:44.485045Z","level":"info","event":"     Customer ID                 str              0            0.000000             25","logger":"task.stdout"}
{"timestamp":"2026-09-28T06:51:44.485576Z","level":"info","event":"        Category                 str              0            0.000000              8","logger":"task.stdout"}
{"timestamp":"2026-09-28T06:51:44.486126Z","level":"info","event":"            Item                 str           1213            9.646123            200","logger":"task.stdout"}
{"timestamp":"2026-09-28T06:51:44.486542Z","level":"info","event":"  Price Per Unit             float64            609            4.842942             25","logger":"task.stdout"}
{"timestamp":"2026-09-28T06:51:44.486810Z","level":"info","event":"        Quantity             float64            604            4.803181             10","logger":"task.stdout"}
{"timestamp":"2026-09-28T06:51:44.487114Z","level":"info","event":"     Total Spent             float64            604            4.803181            227","logger":"task.stdout"}
{"timestamp":"2026-09-28T06:51:44.487398Z","level":"info","event":"  Payment Method                 str              0            0.000000              3","logger":"task.stdout"}
{"timestamp":"2026-09-28T06:51:44.487794Z","level":"info","event":"        Location                 str              0            0.000000              2","logger":"task.stdout"}
{"timestamp":"2026-09-28T06:51:44.488168Z","level":"info","event":"Transaction Date                 str              0            0.000000           1114","logger":"task.stdout"}
{"timestamp":"2026-09-28T06:51:44.488518Z","level":"info","event":"Discount Applied              object           4199           33.391650              2","logger":"task.stdout"}
{"timestamp":"2026-09-28T06:51:44.488868Z","level":"info","event":"       loaded_at datetime64[us, UTC]              0            0.000000              1","logger":"task.stdout"}
{"timestamp":"2026-09-28T06:51:44.489117Z","level":"info","event":"          source                 str              0            0.000000              1","logger":"task.stdout"}
{"timestamp":"2026-09-28T06:51:44.520659Z","level":"info","event":"","logger":"task.stdout"}
{"timestamp":"2026-09-28T06:51:44.521397Z","level":"info","event":" data after cleaning","logger":"task.stdout"}
{"timestamp":"2026-09-28T06:51:44.521921Z","level":"info","event":"","logger":"task.stdout"}
{"timestamp":"2026-09-28T06:51:44.528532Z","level":"info","event":"          column               dtype  missing_count  missing_percentage  unique_values","logger":"task.stdout"}
{"timestamp":"2026-09-28T06:51:44.529146Z","level":"info","event":"  Transaction ID                 str              0                 0.0          11966","logger":"task.stdout"}
{"timestamp":"2026-09-28T06:51:44.529733Z","level":"info","event":"     Customer ID                 str              0                 0.0             25","logger":"task.stdout"}
{"timestamp":"2026-09-28T06:51:44.530338Z","level":"info","event":"        Category                 str              0                 0.0              8","logger":"task.stdout"}
{"timestamp":"2026-09-28T06:51:44.530825Z","level":"info","event":"            Item                 str              0                 0.0            200","logger":"task.stdout"}
{"timestamp":"2026-09-28T06:51:44.531170Z","level":"info","event":"  Price Per Unit             float64              0                 0.0             25","logger":"task.stdout"}
{"timestamp":"2026-09-28T06:51:44.531623Z","level":"info","event":"        Quantity             float64              0                 0.0             10","logger":"task.stdout"}
{"timestamp":"2026-09-28T06:51:44.531925Z","level":"info","event":"     Total Spent             float64              0                 0.0            227","logger":"task.stdout"}
{"timestamp":"2026-09-28T06:51:44.532230Z","level":"info","event":"  Payment Method                 str              0                 0.0              3","logger":"task.stdout"}
{"timestamp":"2026-09-28T06:51:44.532541Z","level":"info","event":"        Location                 str              0                 0.0              2","logger":"task.stdout"}
{"timestamp":"2026-09-28T06:51:44.532826Z","level":"info","event":"Transaction Date                 str              0                 0.0           1114","logger":"task.stdout"}
{"timestamp":"2026-09-28T06:51:44.533110Z","level":"info","event":"Discount Applied              object              0                 0.0              2","logger":"task.stdout"}
{"timestamp":"2026-09-28T06:51:44.533421Z","level":"info","event":"       loaded_at datetime64[us, UTC]              0                 0.0              1","logger":"task.stdout"}
{"timestamp":"2026-09-28T06:51:44.533717Z","level":"info","event":"          source                 str              0                 0.0              1","logger":"task.stdout"}
{"timestamp":"2026-09-28T06:51:55.413294Z","level":"info","event":"Done. Returned value was: None","ti_id":"01a0e6c8-7076-7259-a5e4-ec33d7f83697","task_id":"silver_load","run_id":"manual__2026-09-28T06:51:30.790785+00:00","map_index":-1,"dag_id":"data_pipeline","try_number":1,"logger":"airflow.task.operators.airflow.providers.standard.decorators.python._PythonDecoratedOperator","filename":"python.py","lineno":233}
{"timestamp":"2026-09-28T06:51:55.413553Z","level":"info","event":"::group::Post Execute","ti_id":"01a0e6c8-7076-7259-a5e4-ec33d7f83697","task_id":"silver_load","run_id":"manual__2026-09-28T06:51:30.790785+00:00","map_index":-1,"dag_id":"data_pipeline","try_number":1,"logger":"task","filename":"task_runner.py","lineno":1580}
{"timestamp":"2026-09-28T06:51:55.432635Z","level":"info","event":"::endgroup::","ti_id":"01a0e6c8-7076-7259-a5e4-ec33d7f83697","task_id":"silver_load","run_id":"manual__2026-09-28T06:51:30.790785+00:00","map_index":-1,"dag_id":"data_pipeline","try_number":1,"logger":"task","filename":"task_runner.py","lineno":2379}
