{"timestamp":"2026-09-28T16:01:04.816717Z","level":"info","event":"::group::Pre Execute","logger":"task","filename":"task_runner.py","lineno":2412}
{"timestamp":"2026-09-28T16:01:04.828196Z","level":"info","event":"DAG bundles loaded: dags-folder","map_index":-1,"task_id":"silver_load","run_id":"manual__2026-09-28T16:00:49.729577+00:00","ti_id":"01a0e8bf-5a50-7bbe-b1b1-10167bc4220a","dag_id":"data_pipeline","try_number":1,"logger":"airflow.dag_processing.bundles.manager.DagBundlesManager","filename":"manager.py","lineno":304}
{"timestamp":"2026-09-28T16:01:04.829735Z","level":"info","event":"Filling up the DagBag from /opt/airflow/dags/data_pipeline.py","map_index":-1,"task_id":"silver_load","run_id":"manual__2026-09-28T16:00:49.729577+00:00","ti_id":"01a0e8bf-5a50-7bbe-b1b1-10167bc4220a","dag_id":"data_pipeline","try_number":1,"logger":"airflow.dag_processing.dagbag.BundleDagBag","filename":"dagbag.py","lineno":460}
{"timestamp":"2026-09-28T16:01:05.174876Z","level":"info","event":"Worker startup parse complete","bundle_name":"dags-folder","bundle_version":null,"dag_file":"data_pipeline.py","dag_id":"data_pipeline","bundle_prepare_ms":2,"dag_file_parse_ms":345,"map_index":-1,"task_id":"silver_load","run_id":"manual__2026-09-28T16:00:49.729577+00:00","ti_id":"01a0e8bf-5a50-7bbe-b1b1-10167bc4220a","try_number":1,"logger":"task","filename":"task_runner.py","lineno":1073}
{"timestamp":"2026-09-28T16:01:05.196081Z","level":"info","event":"::endgroup::","map_index":-1,"task_id":"silver_load","run_id":"manual__2026-09-28T16:00:49.729577+00:00","ti_id":"01a0e8bf-5a50-7bbe-b1b1-10167bc4220a","dag_id":"data_pipeline","try_number":1,"logger":"task","filename":"task_runner.py","lineno":2232}
{"timestamp":"2026-09-28T16:01:05.535018Z","level":"info","event":"data before cleaning","logger":"task.stdout"}
{"timestamp":"2026-09-28T16:01:05.535616Z","level":"info","event":"            column               dtype  missing_count  missing_percentage  unique_values","logger":"task.stdout"}
{"timestamp":"2026-09-28T16:01:05.536053Z","level":"info","event":"    Transaction ID                 str              0            0.000000          12575","logger":"task.stdout"}
{"timestamp":"2026-09-28T16:01:05.536420Z","level":"info","event":"       Customer ID                 str              0            0.000000             25","logger":"task.stdout"}
{"timestamp":"2026-09-28T16:01:05.536730Z","level":"info","event":"          Category                 str              0            0.000000              8","logger":"task.stdout"}
{"timestamp":"2026-09-28T16:01:05.537033Z","level":"info","event":"              Item                 str           3639            9.646123            200","logger":"task.stdout"}
{"timestamp":"2026-09-28T16:01:05.537334Z","level":"info","event":"    Price Per Unit                 str           1827            4.842942             25","logger":"task.stdout"}
{"timestamp":"2026-09-28T16:01:05.537725Z","level":"info","event":"          Quantity                 str           1812            4.803181             10","logger":"task.stdout"}
{"timestamp":"2026-09-28T16:01:05.538076Z","level":"info","event":"       Total Spent                 str           1812            4.803181            227","logger":"task.stdout"}
{"timestamp":"2026-09-28T16:01:05.538346Z","level":"info","event":"    Payment Method                 str              0            0.000000              3","logger":"task.stdout"}
{"timestamp":"2026-09-28T16:01:05.538646Z","level":"info","event":"          Location                 str              0            0.000000              2","logger":"task.stdout"}
{"timestamp":"2026-09-28T16:01:05.538897Z","level":"info","event":"  Transaction Date                 str              0            0.000000           1114","logger":"task.stdout"}
{"timestamp":"2026-09-28T16:01:05.539110Z","level":"info","event":"  Discount Applied                 str          12597           33.391650              2","logger":"task.stdout"}
{"timestamp":"2026-09-28T16:01:05.539325Z","level":"info","event":"source_loaded_time                 str              0            0.000000              1","logger":"task.stdout"}
{"timestamp":"2026-09-28T16:01:05.539573Z","level":"info","event":"       loaded_time datetime64[us, UTC]              0            0.000000              3","logger":"task.stdout"}
{"timestamp":"2026-09-28T16:01:05.853545Z","level":"info","event":"data after cleaning","logger":"task.stdout"}
{"timestamp":"2026-09-28T16:01:05.854077Z","level":"info","event":"            column   dtype  missing_count  missing_percentage  unique_values","logger":"task.stdout"}
{"timestamp":"2026-09-28T16:01:05.854426Z","level":"info","event":"    Transaction ID float64          35898               100.0              0","logger":"task.stdout"}
{"timestamp":"2026-09-28T16:01:05.854759Z","level":"info","event":"       Customer ID float64          35898               100.0              0","logger":"task.stdout"}
{"timestamp":"2026-09-28T16:01:05.855000Z","level":"info","event":"          Category float64          35898               100.0              0","logger":"task.stdout"}
{"timestamp":"2026-09-28T16:01:05.855231Z","level":"info","event":"              Item float64          35898               100.0              0","logger":"task.stdout"}
{"timestamp":"2026-09-28T16:01:05.855469Z","level":"info","event":"    Price Per Unit float64              0                 0.0             25","logger":"task.stdout"}
{"timestamp":"2026-09-28T16:01:05.855698Z","level":"info","event":"          Quantity   int64              0                 0.0             10","logger":"task.stdout"}
{"timestamp":"2026-09-28T16:01:05.855984Z","level":"info","event":"       Total Spent float64              0                 0.0            227","logger":"task.stdout"}
{"timestamp":"2026-09-28T16:01:05.856283Z","level":"info","event":"    Payment Method float64          35898               100.0              0","logger":"task.stdout"}
{"timestamp":"2026-09-28T16:01:05.856549Z","level":"info","event":"          Location float64          35898               100.0              0","logger":"task.stdout"}
{"timestamp":"2026-09-28T16:01:05.856924Z","level":"info","event":"  Transaction Date float64          35898               100.0              0","logger":"task.stdout"}
{"timestamp":"2026-09-28T16:01:05.857208Z","level":"info","event":"  Discount Applied float64          35898               100.0              0","logger":"task.stdout"}
{"timestamp":"2026-09-28T16:01:05.857477Z","level":"info","event":"source_loaded_time float64          35898               100.0              0","logger":"task.stdout"}
{"timestamp":"2026-09-28T16:01:05.857724Z","level":"info","event":"       loaded_time   int64              0                 0.0              3","logger":"task.stdout"}
{"timestamp":"2026-09-28T16:01:42.862016Z","level":"info","event":"Done. Returned value was: None","map_index":-1,"task_id":"silver_load","run_id":"manual__2026-09-28T16:00:49.729577+00:00","ti_id":"01a0e8bf-5a50-7bbe-b1b1-10167bc4220a","dag_id":"data_pipeline","try_number":1,"logger":"airflow.task.operators.airflow.providers.standard.decorators.python._PythonDecoratedOperator","filename":"python.py","lineno":233}
{"timestamp":"2026-09-28T16:01:42.862352Z","level":"info","event":"::group::Post Execute","map_index":-1,"task_id":"silver_load","run_id":"manual__2026-09-28T16:00:49.729577+00:00","ti_id":"01a0e8bf-5a50-7bbe-b1b1-10167bc4220a","dag_id":"data_pipeline","try_number":1,"logger":"task","filename":"task_runner.py","lineno":1580}
{"timestamp":"2026-09-28T16:01:42.882630Z","level":"info","event":"::endgroup::","map_index":-1,"task_id":"silver_load","run_id":"manual__2026-09-28T16:00:49.729577+00:00","ti_id":"01a0e8bf-5a50-7bbe-b1b1-10167bc4220a","dag_id":"data_pipeline","try_number":1,"logger":"task","filename":"task_runner.py","lineno":2379}
