{"timestamp":"2026-09-28T07:24:11.416017Z","level":"info","event":"::group::Pre Execute","logger":"task","filename":"task_runner.py","lineno":2412}
{"timestamp":"2026-09-28T07:24:11.430788Z","level":"info","event":"DAG bundles loaded: dags-folder","ti_id":"01a0e6e6-2a2e-7603-a1a6-4ce08566d1cc","map_index":-1,"try_number":1,"dag_id":"data_pipeline","task_id":"silver_load","run_id":"manual__2026-09-28T07:23:58.881873+00:00","logger":"airflow.dag_processing.bundles.manager.DagBundlesManager","filename":"manager.py","lineno":304}
{"timestamp":"2026-09-28T07:24:11.432941Z","level":"info","event":"Filling up the DagBag from /opt/airflow/dags/data_pipeline.py","ti_id":"01a0e6e6-2a2e-7603-a1a6-4ce08566d1cc","map_index":-1,"try_number":1,"dag_id":"data_pipeline","task_id":"silver_load","run_id":"manual__2026-09-28T07:23:58.881873+00:00","logger":"airflow.dag_processing.dagbag.BundleDagBag","filename":"dagbag.py","lineno":460}
{"timestamp":"2026-09-28T07:24:11.762488Z","level":"info","event":"Worker startup parse complete","bundle_name":"dags-folder","bundle_version":null,"dag_file":"data_pipeline.py","dag_id":"data_pipeline","bundle_prepare_ms":2,"dag_file_parse_ms":329,"ti_id":"01a0e6e6-2a2e-7603-a1a6-4ce08566d1cc","map_index":-1,"try_number":1,"task_id":"silver_load","run_id":"manual__2026-09-28T07:23:58.881873+00:00","logger":"task","filename":"task_runner.py","lineno":1073}
{"timestamp":"2026-09-28T07:24:11.778911Z","level":"info","event":"::endgroup::","ti_id":"01a0e6e6-2a2e-7603-a1a6-4ce08566d1cc","map_index":-1,"try_number":1,"dag_id":"data_pipeline","task_id":"silver_load","run_id":"manual__2026-09-28T07:23:58.881873+00:00","logger":"task","filename":"task_runner.py","lineno":2232}
{"timestamp":"2026-09-28T07:24:11.879721Z","level":"info","event":"","logger":"task.stdout"}
{"timestamp":"2026-09-28T07:24:11.880261Z","level":"info","event":" data before cleaning","logger":"task.stdout"}
{"timestamp":"2026-09-28T07:24:11.880482Z","level":"info","event":"","logger":"task.stdout"}
{"timestamp":"2026-09-28T07:24:11.889398Z","level":"info","event":"          column               dtype  missing_count  missing_percentage  unique_values","logger":"task.stdout"}
{"timestamp":"2026-09-28T07:24:11.889826Z","level":"info","event":"  Transaction ID                 str              0            0.000000          12575","logger":"task.stdout"}
{"timestamp":"2026-09-28T07:24:11.890124Z","level":"info","event":"     Customer ID                 str              0            0.000000             25","logger":"task.stdout"}
{"timestamp":"2026-09-28T07:24:11.890512Z","level":"info","event":"        Category                 str              0            0.000000              8","logger":"task.stdout"}
{"timestamp":"2026-09-28T07:24:11.890892Z","level":"info","event":"            Item                 str           1213            9.646123            200","logger":"task.stdout"}
{"timestamp":"2026-09-28T07:24:11.891185Z","level":"info","event":"  Price Per Unit             float64            609            4.842942             25","logger":"task.stdout"}
{"timestamp":"2026-09-28T07:24:11.891469Z","level":"info","event":"        Quantity             float64            604            4.803181             10","logger":"task.stdout"}
{"timestamp":"2026-09-28T07:24:11.891702Z","level":"info","event":"     Total Spent             float64            604            4.803181            227","logger":"task.stdout"}
{"timestamp":"2026-09-28T07:24:11.891922Z","level":"info","event":"  Payment Method                 str              0            0.000000              3","logger":"task.stdout"}
{"timestamp":"2026-09-28T07:24:11.892143Z","level":"info","event":"        Location                 str              0            0.000000              2","logger":"task.stdout"}
{"timestamp":"2026-09-28T07:24:11.892354Z","level":"info","event":"Transaction Date                 str              0            0.000000           1114","logger":"task.stdout"}
{"timestamp":"2026-09-28T07:24:11.892570Z","level":"info","event":"Discount Applied              object           4199           33.391650              2","logger":"task.stdout"}
{"timestamp":"2026-09-28T07:24:11.892786Z","level":"info","event":"       loaded_at datetime64[us, UTC]              0            0.000000              1","logger":"task.stdout"}
{"timestamp":"2026-09-28T07:24:11.892968Z","level":"info","event":"          source                 str              0            0.000000              1","logger":"task.stdout"}
{"timestamp":"2026-09-28T07:24:11.908239Z","level":"info","event":"","logger":"task.stdout"}
{"timestamp":"2026-09-28T07:24:11.908702Z","level":"info","event":" data after cleaning","logger":"task.stdout"}
{"timestamp":"2026-09-28T07:24:11.908986Z","level":"info","event":"","logger":"task.stdout"}
{"timestamp":"2026-09-28T07:24:11.914856Z","level":"info","event":"          column               dtype  missing_count  missing_percentage  unique_values","logger":"task.stdout"}
{"timestamp":"2026-09-28T07:24:11.915243Z","level":"info","event":"  Transaction ID                 str              0                 0.0          11966","logger":"task.stdout"}
{"timestamp":"2026-09-28T07:24:11.915516Z","level":"info","event":"     Customer ID                 str              0                 0.0             25","logger":"task.stdout"}
{"timestamp":"2026-09-28T07:24:11.915820Z","level":"info","event":"        Category                 str              0                 0.0              8","logger":"task.stdout"}
{"timestamp":"2026-09-28T07:24:11.916076Z","level":"info","event":"            Item                 str              0                 0.0            200","logger":"task.stdout"}
{"timestamp":"2026-09-28T07:24:11.916393Z","level":"info","event":"  Price Per Unit             float64              0                 0.0             25","logger":"task.stdout"}
{"timestamp":"2026-09-28T07:24:11.916648Z","level":"info","event":"        Quantity             float64              0                 0.0             10","logger":"task.stdout"}
{"timestamp":"2026-09-28T07:24:11.916863Z","level":"info","event":"     Total Spent             float64              0                 0.0            227","logger":"task.stdout"}
{"timestamp":"2026-09-28T07:24:11.917090Z","level":"info","event":"  Payment Method                 str              0                 0.0              3","logger":"task.stdout"}
{"timestamp":"2026-09-28T07:24:11.917303Z","level":"info","event":"        Location                 str              0                 0.0              2","logger":"task.stdout"}
{"timestamp":"2026-09-28T07:24:11.917518Z","level":"info","event":"Transaction Date                 str              0                 0.0           1114","logger":"task.stdout"}
{"timestamp":"2026-09-28T07:24:11.917740Z","level":"info","event":"Discount Applied              object              0                 0.0              2","logger":"task.stdout"}
{"timestamp":"2026-09-28T07:24:11.917979Z","level":"info","event":"       loaded_at datetime64[us, UTC]              0                 0.0              1","logger":"task.stdout"}
{"timestamp":"2026-09-28T07:24:11.918283Z","level":"info","event":"          source                 str              0                 0.0              1","logger":"task.stdout"}
{"timestamp":"2026-09-28T07:24:22.344969Z","level":"info","event":"Done. Returned value was: None","ti_id":"01a0e6e6-2a2e-7603-a1a6-4ce08566d1cc","map_index":-1,"try_number":1,"dag_id":"data_pipeline","task_id":"silver_load","run_id":"manual__2026-09-28T07:23:58.881873+00:00","logger":"airflow.task.operators.airflow.providers.standard.decorators.python._PythonDecoratedOperator","filename":"python.py","lineno":233}
{"timestamp":"2026-09-28T07:24:22.345226Z","level":"info","event":"::group::Post Execute","ti_id":"01a0e6e6-2a2e-7603-a1a6-4ce08566d1cc","map_index":-1,"try_number":1,"dag_id":"data_pipeline","task_id":"silver_load","run_id":"manual__2026-09-28T07:23:58.881873+00:00","logger":"task","filename":"task_runner.py","lineno":1580}
{"timestamp":"2026-09-28T07:24:22.360285Z","level":"info","event":"::endgroup::","ti_id":"01a0e6e6-2a2e-7603-a1a6-4ce08566d1cc","map_index":-1,"try_number":1,"dag_id":"data_pipeline","task_id":"silver_load","run_id":"manual__2026-09-28T07:23:58.881873+00:00","logger":"task","filename":"task_runner.py","lineno":2379}
