{"timestamp":"2026-09-28T15:28:22.135168Z","level":"info","event":"::group::Pre Execute","logger":"task","filename":"task_runner.py","lineno":2412}
{"timestamp":"2026-09-28T15:28:22.146097Z","level":"info","event":"DAG bundles loaded: dags-folder","task_id":"silver_load","ti_id":"01a0e8a1-9cc3-7565-af35-2b9736c2a8b8","map_index":-1,"try_number":1,"run_id":"manual__2026-09-28T15:28:20.662403+00:00","dag_id":"data_pipeline","logger":"airflow.dag_processing.bundles.manager.DagBundlesManager","filename":"manager.py","lineno":304}
{"timestamp":"2026-09-28T15:28:22.147665Z","level":"info","event":"Filling up the DagBag from /opt/airflow/dags/data_pipeline.py","task_id":"silver_load","ti_id":"01a0e8a1-9cc3-7565-af35-2b9736c2a8b8","map_index":-1,"try_number":1,"run_id":"manual__2026-09-28T15:28:20.662403+00:00","dag_id":"data_pipeline","logger":"airflow.dag_processing.dagbag.BundleDagBag","filename":"dagbag.py","lineno":460}
{"timestamp":"2026-09-28T15:28:22.495376Z","level":"info","event":"Worker startup parse complete","bundle_name":"dags-folder","bundle_version":null,"dag_file":"data_pipeline.py","dag_id":"data_pipeline","bundle_prepare_ms":1,"dag_file_parse_ms":348,"task_id":"silver_load","ti_id":"01a0e8a1-9cc3-7565-af35-2b9736c2a8b8","map_index":-1,"try_number":1,"run_id":"manual__2026-09-28T15:28:20.662403+00:00","logger":"task","filename":"task_runner.py","lineno":1073}
{"timestamp":"2026-09-28T15:28:22.515699Z","level":"info","event":"::endgroup::","task_id":"silver_load","ti_id":"01a0e8a1-9cc3-7565-af35-2b9736c2a8b8","map_index":-1,"try_number":1,"run_id":"manual__2026-09-28T15:28:20.662403+00:00","dag_id":"data_pipeline","logger":"task","filename":"task_runner.py","lineno":2232}
{"timestamp":"2026-09-28T15:28:22.741445Z","level":"info","event":"data before cleaning","logger":"task.stdout"}
{"timestamp":"2026-09-28T15:28:22.741897Z","level":"info","event":"            column               dtype  missing_count  missing_percentage  unique_values","logger":"task.stdout"}
{"timestamp":"2026-09-28T15:28:22.742159Z","level":"info","event":"    Transaction ID                 str              0            0.000000          12575","logger":"task.stdout"}
{"timestamp":"2026-09-28T15:28:22.742425Z","level":"info","event":"       Customer ID                 str              0            0.000000             25","logger":"task.stdout"}
{"timestamp":"2026-09-28T15:28:22.742709Z","level":"info","event":"          Category                 str              0            0.000000              8","logger":"task.stdout"}
{"timestamp":"2026-09-28T15:28:22.742965Z","level":"info","event":"              Item                 str           2426            9.646123            200","logger":"task.stdout"}
{"timestamp":"2026-09-28T15:28:22.743200Z","level":"info","event":"    Price Per Unit                 str           1218            4.842942             25","logger":"task.stdout"}
{"timestamp":"2026-09-28T15:28:22.743423Z","level":"info","event":"          Quantity                 str           1208            4.803181             10","logger":"task.stdout"}
{"timestamp":"2026-09-28T15:28:22.743643Z","level":"info","event":"       Total Spent                 str           1208            4.803181            227","logger":"task.stdout"}
{"timestamp":"2026-09-28T15:28:22.743853Z","level":"info","event":"    Payment Method                 str              0            0.000000              3","logger":"task.stdout"}
{"timestamp":"2026-09-28T15:28:22.744067Z","level":"info","event":"          Location                 str              0            0.000000              2","logger":"task.stdout"}
{"timestamp":"2026-09-28T15:28:22.744296Z","level":"info","event":"  Transaction Date                 str              0            0.000000           1114","logger":"task.stdout"}
{"timestamp":"2026-09-28T15:28:22.744596Z","level":"info","event":"  Discount Applied                 str           8398           33.391650              2","logger":"task.stdout"}
{"timestamp":"2026-09-28T15:28:22.744859Z","level":"info","event":"source_loaded_time                 str              0            0.000000              1","logger":"task.stdout"}
{"timestamp":"2026-09-28T15:28:22.745147Z","level":"info","event":"       loaded_time datetime64[us, UTC]              0            0.000000              2","logger":"task.stdout"}
{"timestamp":"2026-09-28T15:28:22.779211Z","level":"info","event":"data after cleaning","logger":"task.stdout"}
{"timestamp":"2026-09-28T15:28:22.779742Z","level":"info","event":"            column               dtype  missing_count  missing_percentage  unique_values","logger":"task.stdout"}
{"timestamp":"2026-09-28T15:28:22.780030Z","level":"info","event":"    Transaction ID                 str              0                 0.0          11966","logger":"task.stdout"}
{"timestamp":"2026-09-28T15:28:22.780293Z","level":"info","event":"       Customer ID                 str              0                 0.0             25","logger":"task.stdout"}
{"timestamp":"2026-09-28T15:28:22.780563Z","level":"info","event":"          Category                 str              0                 0.0              8","logger":"task.stdout"}
{"timestamp":"2026-09-28T15:28:22.780812Z","level":"info","event":"              Item                 str              0                 0.0            200","logger":"task.stdout"}
{"timestamp":"2026-09-28T15:28:22.781019Z","level":"info","event":"    Price Per Unit                 str              0                 0.0             25","logger":"task.stdout"}
{"timestamp":"2026-09-28T15:28:22.781243Z","level":"info","event":"          Quantity                 str              0                 0.0             10","logger":"task.stdout"}
{"timestamp":"2026-09-28T15:28:22.781465Z","level":"info","event":"       Total Spent                 str              0                 0.0            227","logger":"task.stdout"}
{"timestamp":"2026-09-28T15:28:22.781700Z","level":"info","event":"    Payment Method                 str              0                 0.0              3","logger":"task.stdout"}
{"timestamp":"2026-09-28T15:28:22.781962Z","level":"info","event":"          Location                 str              0                 0.0              2","logger":"task.stdout"}
{"timestamp":"2026-09-28T15:28:22.782253Z","level":"info","event":"  Transaction Date                 str              0                 0.0           1114","logger":"task.stdout"}
{"timestamp":"2026-09-28T15:28:22.782544Z","level":"info","event":"  Discount Applied                 str              0                 0.0              2","logger":"task.stdout"}
{"timestamp":"2026-09-28T15:28:22.782813Z","level":"info","event":"source_loaded_time                 str              0                 0.0              1","logger":"task.stdout"}
{"timestamp":"2026-09-28T15:28:22.783047Z","level":"info","event":"       loaded_time datetime64[us, UTC]              0                 0.0              2","logger":"task.stdout"}
{"timestamp":"2026-09-28T15:28:47.572057Z","level":"info","event":"Done. Returned value was: None","task_id":"silver_load","ti_id":"01a0e8a1-9cc3-7565-af35-2b9736c2a8b8","map_index":-1,"try_number":1,"run_id":"manual__2026-09-28T15:28:20.662403+00:00","dag_id":"data_pipeline","logger":"airflow.task.operators.airflow.providers.standard.decorators.python._PythonDecoratedOperator","filename":"python.py","lineno":233}
{"timestamp":"2026-09-28T15:28:47.572389Z","level":"info","event":"::group::Post Execute","task_id":"silver_load","ti_id":"01a0e8a1-9cc3-7565-af35-2b9736c2a8b8","map_index":-1,"try_number":1,"run_id":"manual__2026-09-28T15:28:20.662403+00:00","dag_id":"data_pipeline","logger":"task","filename":"task_runner.py","lineno":1580}
{"timestamp":"2026-09-28T15:28:47.589090Z","level":"info","event":"::endgroup::","task_id":"silver_load","ti_id":"01a0e8a1-9cc3-7565-af35-2b9736c2a8b8","map_index":-1,"try_number":1,"run_id":"manual__2026-09-28T15:28:20.662403+00:00","dag_id":"data_pipeline","logger":"task","filename":"task_runner.py","lineno":2379}
