{"timestamp":"2026-09-28T17:25:41.929890Z","level":"info","event":"::group::Pre Execute","logger":"task","filename":"task_runner.py","lineno":2412}
{"timestamp":"2026-09-28T17:25:41.943887Z","level":"info","event":"DAG bundles loaded: dags-folder","dag_id":"data_pipeline","run_id":"manual__2026-09-28T17:25:23.145411+00:00","try_number":1,"ti_id":"01a0e90c-c45a-7eed-98e0-7573bbc2b8ee","map_index":-1,"task_id":"silver_load","logger":"airflow.dag_processing.bundles.manager.DagBundlesManager","filename":"manager.py","lineno":304}
{"timestamp":"2026-09-28T17:25:41.945509Z","level":"info","event":"Filling up the DagBag from /opt/airflow/dags/data_pipeline.py","dag_id":"data_pipeline","run_id":"manual__2026-09-28T17:25:23.145411+00:00","try_number":1,"ti_id":"01a0e90c-c45a-7eed-98e0-7573bbc2b8ee","map_index":-1,"task_id":"silver_load","logger":"airflow.dag_processing.dagbag.BundleDagBag","filename":"dagbag.py","lineno":460}
{"timestamp":"2026-09-28T17:25:42.306893Z","level":"info","event":"Worker startup parse complete","bundle_name":"dags-folder","bundle_version":null,"dag_file":"data_pipeline.py","dag_id":"data_pipeline","bundle_prepare_ms":2,"dag_file_parse_ms":361,"run_id":"manual__2026-09-28T17:25:23.145411+00:00","try_number":1,"ti_id":"01a0e90c-c45a-7eed-98e0-7573bbc2b8ee","map_index":-1,"task_id":"silver_load","logger":"task","filename":"task_runner.py","lineno":1073}
{"timestamp":"2026-09-28T17:25:42.328885Z","level":"info","event":"::endgroup::","dag_id":"data_pipeline","run_id":"manual__2026-09-28T17:25:23.145411+00:00","try_number":1,"ti_id":"01a0e90c-c45a-7eed-98e0-7573bbc2b8ee","map_index":-1,"task_id":"silver_load","logger":"task","filename":"task_runner.py","lineno":2232}
{"timestamp":"2026-09-28T17:25:42.476375Z","level":"info","event":"data before cleaning","logger":"task.stdout"}
{"timestamp":"2026-09-28T17:25:42.476963Z","level":"info","event":"            column               dtype  missing_count  missing_percentage  unique_values","logger":"task.stdout"}
{"timestamp":"2026-09-28T17:25:42.477309Z","level":"info","event":"    Transaction ID                 str              0            0.000000          12575","logger":"task.stdout"}
{"timestamp":"2026-09-28T17:25:42.477633Z","level":"info","event":"       Customer ID                 str              0            0.000000             25","logger":"task.stdout"}
{"timestamp":"2026-09-28T17:25:42.477909Z","level":"info","event":"          Category                 str              0            0.000000              8","logger":"task.stdout"}
{"timestamp":"2026-09-28T17:25:42.478153Z","level":"info","event":"              Item                 str           1213            9.646123            200","logger":"task.stdout"}
{"timestamp":"2026-09-28T17:25:42.478379Z","level":"info","event":"    Price Per Unit             float64            609            4.842942             25","logger":"task.stdout"}
{"timestamp":"2026-09-28T17:25:42.478631Z","level":"info","event":"          Quantity             float64            604            4.803181             10","logger":"task.stdout"}
{"timestamp":"2026-09-28T17:25:42.478845Z","level":"info","event":"       Total Spent             float64            604            4.803181            227","logger":"task.stdout"}
{"timestamp":"2026-09-28T17:25:42.479044Z","level":"info","event":"    Payment Method                 str              0            0.000000              3","logger":"task.stdout"}
{"timestamp":"2026-09-28T17:25:42.479241Z","level":"info","event":"          Location                 str              0            0.000000              2","logger":"task.stdout"}
{"timestamp":"2026-09-28T17:25:42.479460Z","level":"info","event":"  Transaction Date                 str              0            0.000000           1114","logger":"task.stdout"}
{"timestamp":"2026-09-28T17:25:42.479724Z","level":"info","event":"  Discount Applied              object           4199           33.391650              2","logger":"task.stdout"}
{"timestamp":"2026-09-28T17:25:42.479953Z","level":"info","event":"source_loaded_time datetime64[us, UTC]              0            0.000000              1","logger":"task.stdout"}
{"timestamp":"2026-09-28T17:25:42.480321Z","level":"info","event":"       loaded_time datetime64[us, UTC]              0            0.000000              1","logger":"task.stdout"}
{"timestamp":"2026-09-28T17:25:42.499836Z","level":"info","event":"11966","logger":"src.airflow.transformation.silver","dag_id":"data_pipeline","run_id":"manual__2026-09-28T17:25:23.145411+00:00","try_number":1,"ti_id":"01a0e90c-c45a-7eed-98e0-7573bbc2b8ee","map_index":-1,"task_id":"silver_load","filename":"silver.py","lineno":74}
{"timestamp":"2026-09-28T17:25:42.507198Z","level":"info","event":"data after cleaning","logger":"task.stdout"}
{"timestamp":"2026-09-28T17:25:42.507721Z","level":"info","event":"            column               dtype  missing_count  missing_percentage  unique_values","logger":"task.stdout"}
{"timestamp":"2026-09-28T17:25:42.508093Z","level":"info","event":"    Transaction ID                 str              0                 0.0          11966","logger":"task.stdout"}
{"timestamp":"2026-09-28T17:25:42.508380Z","level":"info","event":"       Customer ID                 str              0                 0.0             25","logger":"task.stdout"}
{"timestamp":"2026-09-28T17:25:42.508644Z","level":"info","event":"          Category                 str              0                 0.0              8","logger":"task.stdout"}
{"timestamp":"2026-09-28T17:25:42.508899Z","level":"info","event":"              Item                 str              0                 0.0            200","logger":"task.stdout"}
{"timestamp":"2026-09-28T17:25:42.509222Z","level":"info","event":"    Price Per Unit             float64              0                 0.0             25","logger":"task.stdout"}
{"timestamp":"2026-09-28T17:25:42.509474Z","level":"info","event":"          Quantity             float64              0                 0.0             10","logger":"task.stdout"}
{"timestamp":"2026-09-28T17:25:42.509768Z","level":"info","event":"       Total Spent             float64              0                 0.0            227","logger":"task.stdout"}
{"timestamp":"2026-09-28T17:25:42.510000Z","level":"info","event":"    Payment Method                 str              0                 0.0              3","logger":"task.stdout"}
{"timestamp":"2026-09-28T17:25:42.510238Z","level":"info","event":"          Location                 str              0                 0.0              2","logger":"task.stdout"}
{"timestamp":"2026-09-28T17:25:42.510496Z","level":"info","event":"  Transaction Date                 str              0                 0.0           1114","logger":"task.stdout"}
{"timestamp":"2026-09-28T17:25:42.510745Z","level":"info","event":"  Discount Applied              object              0                 0.0              2","logger":"task.stdout"}
{"timestamp":"2026-09-28T17:25:42.511062Z","level":"info","event":"source_loaded_time datetime64[us, UTC]              0                 0.0              1","logger":"task.stdout"}
{"timestamp":"2026-09-28T17:25:42.511360Z","level":"info","event":"       loaded_time datetime64[us, UTC]              0                 0.0              1","logger":"task.stdout"}
{"timestamp":"2026-09-28T17:25:42.507397Z","level":"info","event":"here 11966","logger":"src.airflow.transformation.silver","dag_id":"data_pipeline","run_id":"manual__2026-09-28T17:25:23.145411+00:00","try_number":1,"ti_id":"01a0e90c-c45a-7eed-98e0-7573bbc2b8ee","map_index":-1,"task_id":"silver_load","filename":"silver.py","lineno":46}
{"timestamp":"2026-09-28T17:25:54.126204Z","level":"info","event":"Done. Returned value was: None","dag_id":"data_pipeline","run_id":"manual__2026-09-28T17:25:23.145411+00:00","try_number":1,"ti_id":"01a0e90c-c45a-7eed-98e0-7573bbc2b8ee","map_index":-1,"task_id":"silver_load","logger":"airflow.task.operators.airflow.providers.standard.decorators.python._PythonDecoratedOperator","filename":"python.py","lineno":233}
{"timestamp":"2026-09-28T17:25:54.126438Z","level":"info","event":"::group::Post Execute","dag_id":"data_pipeline","run_id":"manual__2026-09-28T17:25:23.145411+00:00","try_number":1,"ti_id":"01a0e90c-c45a-7eed-98e0-7573bbc2b8ee","map_index":-1,"task_id":"silver_load","logger":"task","filename":"task_runner.py","lineno":1580}
{"timestamp":"2026-09-28T17:25:54.142045Z","level":"info","event":"::endgroup::","dag_id":"data_pipeline","run_id":"manual__2026-09-28T17:25:23.145411+00:00","try_number":1,"ti_id":"01a0e90c-c45a-7eed-98e0-7573bbc2b8ee","map_index":-1,"task_id":"silver_load","logger":"task","filename":"task_runner.py","lineno":2379}
