{"timestamp":"2026-09-28T07:59:11.837613Z","level":"info","event":"::group::Pre Execute","logger":"task","filename":"task_runner.py","lineno":2412}
{"timestamp":"2026-09-28T07:59:11.857034Z","level":"info","event":"DAG bundles loaded: dags-folder","try_number":1,"dag_id":"data_pipeline","map_index":-1,"run_id":"manual__2026-09-28T07:58:55.351739+00:00","ti_id":"01a0e706-2785-72c3-8fd7-4d703acdeff6","task_id":"silver_load","logger":"airflow.dag_processing.bundles.manager.DagBundlesManager","filename":"manager.py","lineno":304}
{"timestamp":"2026-09-28T07:59:11.858749Z","level":"info","event":"Filling up the DagBag from /opt/airflow/dags/data_pipeline.py","try_number":1,"dag_id":"data_pipeline","map_index":-1,"run_id":"manual__2026-09-28T07:58:55.351739+00:00","ti_id":"01a0e706-2785-72c3-8fd7-4d703acdeff6","task_id":"silver_load","logger":"airflow.dag_processing.dagbag.BundleDagBag","filename":"dagbag.py","lineno":460}
{"timestamp":"2026-09-28T07:59:12.226851Z","level":"info","event":"Worker startup parse complete","bundle_name":"dags-folder","bundle_version":null,"dag_file":"data_pipeline.py","dag_id":"data_pipeline","bundle_prepare_ms":2,"dag_file_parse_ms":368,"try_number":1,"map_index":-1,"run_id":"manual__2026-09-28T07:58:55.351739+00:00","ti_id":"01a0e706-2785-72c3-8fd7-4d703acdeff6","task_id":"silver_load","logger":"task","filename":"task_runner.py","lineno":1073}
{"timestamp":"2026-09-28T07:59:12.248391Z","level":"info","event":"::endgroup::","try_number":1,"dag_id":"data_pipeline","map_index":-1,"run_id":"manual__2026-09-28T07:58:55.351739+00:00","ti_id":"01a0e706-2785-72c3-8fd7-4d703acdeff6","task_id":"silver_load","logger":"task","filename":"task_runner.py","lineno":2232}
{"timestamp":"2026-09-28T07:59:12.378166Z","level":"info","event":"","logger":"task.stdout"}
{"timestamp":"2026-09-28T07:59:12.378922Z","level":"info","event":" data before cleaning","logger":"task.stdout"}
{"timestamp":"2026-09-28T07:59:12.379314Z","level":"info","event":"","logger":"task.stdout"}
{"timestamp":"2026-09-28T07:59:12.390998Z","level":"info","event":"          column               dtype  missing_count  missing_percentage  unique_values","logger":"task.stdout"}
{"timestamp":"2026-09-28T07:59:12.391520Z","level":"info","event":"  Transaction ID                 str              0            0.000000          12575","logger":"task.stdout"}
{"timestamp":"2026-09-28T07:59:12.391847Z","level":"info","event":"     Customer ID                 str              0            0.000000             25","logger":"task.stdout"}
{"timestamp":"2026-09-28T07:59:12.392065Z","level":"info","event":"        Category                 str              0            0.000000              8","logger":"task.stdout"}
{"timestamp":"2026-09-28T07:59:12.392333Z","level":"info","event":"            Item                 str           1213            9.646123            200","logger":"task.stdout"}
{"timestamp":"2026-09-28T07:59:12.392608Z","level":"info","event":"  Price Per Unit             float64            609            4.842942             25","logger":"task.stdout"}
{"timestamp":"2026-09-28T07:59:12.392985Z","level":"info","event":"        Quantity             float64            604            4.803181             10","logger":"task.stdout"}
{"timestamp":"2026-09-28T07:59:12.393286Z","level":"info","event":"     Total Spent             float64            604            4.803181            227","logger":"task.stdout"}
{"timestamp":"2026-09-28T07:59:12.393539Z","level":"info","event":"  Payment Method                 str              0            0.000000              3","logger":"task.stdout"}
{"timestamp":"2026-09-28T07:59:12.393775Z","level":"info","event":"        Location                 str              0            0.000000              2","logger":"task.stdout"}
{"timestamp":"2026-09-28T07:59:12.393987Z","level":"info","event":"Transaction Date                 str              0            0.000000           1114","logger":"task.stdout"}
{"timestamp":"2026-09-28T07:59:12.394213Z","level":"info","event":"Discount Applied              object           4199           33.391650              2","logger":"task.stdout"}
{"timestamp":"2026-09-28T07:59:12.394486Z","level":"info","event":"       loaded_at datetime64[us, UTC]              0            0.000000              1","logger":"task.stdout"}
{"timestamp":"2026-09-28T07:59:12.394708Z","level":"info","event":"          source                 str              0            0.000000              1","logger":"task.stdout"}
{"timestamp":"2026-09-28T07:59:12.416530Z","level":"info","event":"","logger":"task.stdout"}
{"timestamp":"2026-09-28T07:59:12.417009Z","level":"info","event":" data after cleaning","logger":"task.stdout"}
{"timestamp":"2026-09-28T07:59:12.417254Z","level":"info","event":"","logger":"task.stdout"}
{"timestamp":"2026-09-28T07:59:12.424615Z","level":"info","event":"          column               dtype  missing_count  missing_percentage  unique_values","logger":"task.stdout"}
{"timestamp":"2026-09-28T07:59:12.425135Z","level":"info","event":"  Transaction ID                 str              0                 0.0          11966","logger":"task.stdout"}
{"timestamp":"2026-09-28T07:59:12.425498Z","level":"info","event":"     Customer ID                 str              0                 0.0             25","logger":"task.stdout"}
{"timestamp":"2026-09-28T07:59:12.425776Z","level":"info","event":"        Category                 str              0                 0.0              8","logger":"task.stdout"}
{"timestamp":"2026-09-28T07:59:12.426016Z","level":"info","event":"            Item                 str              0                 0.0            200","logger":"task.stdout"}
{"timestamp":"2026-09-28T07:59:12.426354Z","level":"info","event":"  Price Per Unit             float64              0                 0.0             25","logger":"task.stdout"}
{"timestamp":"2026-09-28T07:59:12.426637Z","level":"info","event":"        Quantity             float64              0                 0.0             10","logger":"task.stdout"}
{"timestamp":"2026-09-28T07:59:12.426893Z","level":"info","event":"     Total Spent             float64              0                 0.0            227","logger":"task.stdout"}
{"timestamp":"2026-09-28T07:59:12.427099Z","level":"info","event":"  Payment Method                 str              0                 0.0              3","logger":"task.stdout"}
{"timestamp":"2026-09-28T07:59:12.427349Z","level":"info","event":"        Location                 str              0                 0.0              2","logger":"task.stdout"}
{"timestamp":"2026-09-28T07:59:12.427671Z","level":"info","event":"Transaction Date                 str              0                 0.0           1114","logger":"task.stdout"}
{"timestamp":"2026-09-28T07:59:12.427964Z","level":"info","event":"Discount Applied              object              0                 0.0              2","logger":"task.stdout"}
{"timestamp":"2026-09-28T07:59:12.428267Z","level":"info","event":"       loaded_at datetime64[us, UTC]              0                 0.0              1","logger":"task.stdout"}
{"timestamp":"2026-09-28T07:59:12.428561Z","level":"info","event":"          source                 str              0                 0.0              1","logger":"task.stdout"}
{"timestamp":"2026-09-28T07:59:23.851315Z","level":"info","event":"Done. Returned value was: None","try_number":1,"dag_id":"data_pipeline","map_index":-1,"run_id":"manual__2026-09-28T07:58:55.351739+00:00","ti_id":"01a0e706-2785-72c3-8fd7-4d703acdeff6","task_id":"silver_load","logger":"airflow.task.operators.airflow.providers.standard.decorators.python._PythonDecoratedOperator","filename":"python.py","lineno":233}
{"timestamp":"2026-09-28T07:59:23.851734Z","level":"info","event":"::group::Post Execute","try_number":1,"dag_id":"data_pipeline","map_index":-1,"run_id":"manual__2026-09-28T07:58:55.351739+00:00","ti_id":"01a0e706-2785-72c3-8fd7-4d703acdeff6","task_id":"silver_load","logger":"task","filename":"task_runner.py","lineno":1580}
{"timestamp":"2026-09-28T07:59:23.869131Z","level":"info","event":"::endgroup::","try_number":1,"dag_id":"data_pipeline","map_index":-1,"run_id":"manual__2026-09-28T07:58:55.351739+00:00","ti_id":"01a0e706-2785-72c3-8fd7-4d703acdeff6","task_id":"silver_load","logger":"task","filename":"task_runner.py","lineno":2379}
