{"timestamp":"2026-09-28T16:35:51.186043Z","level":"info","event":"::group::Pre Execute","logger":"task","filename":"task_runner.py","lineno":2412}
{"timestamp":"2026-09-28T16:35:51.198215Z","level":"info","event":"DAG bundles loaded: dags-folder","task_id":"silver_load","try_number":1,"dag_id":"data_pipeline","ti_id":"01a0e8df-3503-7f6d-a010-79ffe194da16","map_index":-1,"run_id":"manual__2026-09-28T16:35:37.328847+00:00","logger":"airflow.dag_processing.bundles.manager.DagBundlesManager","filename":"manager.py","lineno":304}
{"timestamp":"2026-09-28T16:35:51.199558Z","level":"info","event":"Filling up the DagBag from /opt/airflow/dags/data_pipeline.py","task_id":"silver_load","try_number":1,"dag_id":"data_pipeline","ti_id":"01a0e8df-3503-7f6d-a010-79ffe194da16","map_index":-1,"run_id":"manual__2026-09-28T16:35:37.328847+00:00","logger":"airflow.dag_processing.dagbag.BundleDagBag","filename":"dagbag.py","lineno":460}
{"timestamp":"2026-09-28T16:35:51.543503Z","level":"info","event":"Worker startup parse complete","bundle_name":"dags-folder","bundle_version":null,"dag_file":"data_pipeline.py","dag_id":"data_pipeline","bundle_prepare_ms":1,"dag_file_parse_ms":344,"task_id":"silver_load","try_number":1,"ti_id":"01a0e8df-3503-7f6d-a010-79ffe194da16","map_index":-1,"run_id":"manual__2026-09-28T16:35:37.328847+00:00","logger":"task","filename":"task_runner.py","lineno":1073}
{"timestamp":"2026-09-28T16:35:51.561186Z","level":"info","event":"::endgroup::","task_id":"silver_load","try_number":1,"dag_id":"data_pipeline","ti_id":"01a0e8df-3503-7f6d-a010-79ffe194da16","map_index":-1,"run_id":"manual__2026-09-28T16:35:37.328847+00:00","logger":"task","filename":"task_runner.py","lineno":2232}
{"timestamp":"2026-09-28T16:35:51.768590Z","level":"info","event":"data before cleaning","logger":"task.stdout"}
{"timestamp":"2026-09-28T16:35:51.769294Z","level":"info","event":"            column               dtype  missing_count  missing_percentage  unique_values","logger":"task.stdout"}
{"timestamp":"2026-09-28T16:35:51.769656Z","level":"info","event":"    Transaction ID                 str              0            0.000000          12575","logger":"task.stdout"}
{"timestamp":"2026-09-28T16:35:51.770004Z","level":"info","event":"       Customer ID                 str              0            0.000000             25","logger":"task.stdout"}
{"timestamp":"2026-09-28T16:35:51.770265Z","level":"info","event":"          Category                 str              0            0.000000              8","logger":"task.stdout"}
{"timestamp":"2026-09-28T16:35:51.770547Z","level":"info","event":"              Item                 str           2426            9.646123            200","logger":"task.stdout"}
{"timestamp":"2026-09-28T16:35:51.770986Z","level":"info","event":"    Price Per Unit                 str           1218            4.842942             25","logger":"task.stdout"}
{"timestamp":"2026-09-28T16:35:51.771310Z","level":"info","event":"          Quantity                 str           1208            4.803181             10","logger":"task.stdout"}
{"timestamp":"2026-09-28T16:35:51.771624Z","level":"info","event":"       Total Spent                 str           1208            4.803181            227","logger":"task.stdout"}
{"timestamp":"2026-09-28T16:35:51.771952Z","level":"info","event":"    Payment Method                 str              0            0.000000              3","logger":"task.stdout"}
{"timestamp":"2026-09-28T16:35:51.772182Z","level":"info","event":"          Location                 str              0            0.000000              2","logger":"task.stdout"}
{"timestamp":"2026-09-28T16:35:51.772404Z","level":"info","event":"  Transaction Date                 str              0            0.000000           1114","logger":"task.stdout"}
{"timestamp":"2026-09-28T16:35:51.772670Z","level":"info","event":"  Discount Applied                 str           8398           33.391650              2","logger":"task.stdout"}
{"timestamp":"2026-09-28T16:35:51.772943Z","level":"info","event":"source_loaded_time                 str              0            0.000000              1","logger":"task.stdout"}
{"timestamp":"2026-09-28T16:35:51.773185Z","level":"info","event":"       loaded_time datetime64[us, UTC]              0            0.000000              2","logger":"task.stdout"}
{"timestamp":"2026-09-28T16:35:51.805089Z","level":"info","event":"data after cleaning","logger":"task.stdout"}
{"timestamp":"2026-09-28T16:35:51.805665Z","level":"info","event":"            column               dtype  missing_count  missing_percentage  unique_values","logger":"task.stdout"}
{"timestamp":"2026-09-28T16:35:51.806121Z","level":"info","event":"    Transaction ID                 str              0                 0.0          11966","logger":"task.stdout"}
{"timestamp":"2026-09-28T16:35:51.806543Z","level":"info","event":"       Customer ID                 str              0                 0.0             25","logger":"task.stdout"}
{"timestamp":"2026-09-28T16:35:51.806842Z","level":"info","event":"          Category                 str              0                 0.0              8","logger":"task.stdout"}
{"timestamp":"2026-09-28T16:35:51.807125Z","level":"info","event":"              Item                 str              0                 0.0            200","logger":"task.stdout"}
{"timestamp":"2026-09-28T16:35:51.807410Z","level":"info","event":"    Price Per Unit                 str              0                 0.0             25","logger":"task.stdout"}
{"timestamp":"2026-09-28T16:35:51.807665Z","level":"info","event":"          Quantity                 str              0                 0.0             10","logger":"task.stdout"}
{"timestamp":"2026-09-28T16:35:51.807913Z","level":"info","event":"       Total Spent                 str              0                 0.0            227","logger":"task.stdout"}
{"timestamp":"2026-09-28T16:35:51.808192Z","level":"info","event":"    Payment Method                 str              0                 0.0              3","logger":"task.stdout"}
{"timestamp":"2026-09-28T16:35:51.808438Z","level":"info","event":"          Location                 str              0                 0.0              2","logger":"task.stdout"}
{"timestamp":"2026-09-28T16:35:51.808716Z","level":"info","event":"  Transaction Date                 str              0                 0.0           1114","logger":"task.stdout"}
{"timestamp":"2026-09-28T16:35:51.808960Z","level":"info","event":"  Discount Applied                 str              0                 0.0              2","logger":"task.stdout"}
{"timestamp":"2026-09-28T16:35:51.809266Z","level":"info","event":"source_loaded_time                 str              0                 0.0              1","logger":"task.stdout"}
{"timestamp":"2026-09-28T16:35:51.809496Z","level":"info","event":"       loaded_time datetime64[us, UTC]              0                 0.0              2","logger":"task.stdout"}
{"timestamp":"2026-09-28T16:36:13.595939Z","level":"info","event":"Done. Returned value was: None","task_id":"silver_load","try_number":1,"dag_id":"data_pipeline","ti_id":"01a0e8df-3503-7f6d-a010-79ffe194da16","map_index":-1,"run_id":"manual__2026-09-28T16:35:37.328847+00:00","logger":"airflow.task.operators.airflow.providers.standard.decorators.python._PythonDecoratedOperator","filename":"python.py","lineno":233}
{"timestamp":"2026-09-28T16:36:13.596248Z","level":"info","event":"::group::Post Execute","task_id":"silver_load","try_number":1,"dag_id":"data_pipeline","ti_id":"01a0e8df-3503-7f6d-a010-79ffe194da16","map_index":-1,"run_id":"manual__2026-09-28T16:35:37.328847+00:00","logger":"task","filename":"task_runner.py","lineno":1580}
{"timestamp":"2026-09-28T16:36:13.614518Z","level":"info","event":"::endgroup::","task_id":"silver_load","try_number":1,"dag_id":"data_pipeline","ti_id":"01a0e8df-3503-7f6d-a010-79ffe194da16","map_index":-1,"run_id":"manual__2026-09-28T16:35:37.328847+00:00","logger":"task","filename":"task_runner.py","lineno":2379}
