{"timestamp":"2026-09-28T10:33:56.933818Z","level":"info","event":"::group::Pre Execute","logger":"task","filename":"task_runner.py","lineno":2412}
{"timestamp":"2026-09-28T10:33:56.948861Z","level":"info","event":"DAG bundles loaded: dags-folder","task_id":"silver_load","map_index":-1,"run_id":"manual__2026-09-28T10:33:55.696444+00:00","ti_id":"01a0e794-10fd-7a79-84ed-4382f988bb99","try_number":1,"dag_id":"data_pipeline","logger":"airflow.dag_processing.bundles.manager.DagBundlesManager","filename":"manager.py","lineno":304}
{"timestamp":"2026-09-28T10:33:56.950463Z","level":"info","event":"Filling up the DagBag from /opt/airflow/dags/data_pipeline.py","task_id":"silver_load","map_index":-1,"run_id":"manual__2026-09-28T10:33:55.696444+00:00","ti_id":"01a0e794-10fd-7a79-84ed-4382f988bb99","try_number":1,"dag_id":"data_pipeline","logger":"airflow.dag_processing.dagbag.BundleDagBag","filename":"dagbag.py","lineno":460}
{"timestamp":"2026-09-28T10:33:57.314729Z","level":"info","event":"Worker startup parse complete","bundle_name":"dags-folder","bundle_version":null,"dag_file":"data_pipeline.py","dag_id":"data_pipeline","bundle_prepare_ms":2,"dag_file_parse_ms":364,"task_id":"silver_load","map_index":-1,"run_id":"manual__2026-09-28T10:33:55.696444+00:00","ti_id":"01a0e794-10fd-7a79-84ed-4382f988bb99","try_number":1,"logger":"task","filename":"task_runner.py","lineno":1073}
{"timestamp":"2026-09-28T10:33:57.336445Z","level":"info","event":"::endgroup::","task_id":"silver_load","map_index":-1,"run_id":"manual__2026-09-28T10:33:55.696444+00:00","ti_id":"01a0e794-10fd-7a79-84ed-4382f988bb99","try_number":1,"dag_id":"data_pipeline","logger":"task","filename":"task_runner.py","lineno":2232}
{"timestamp":"2026-09-28T10:33:57.473953Z","level":"info","event":"","logger":"task.stdout"}
{"timestamp":"2026-09-28T10:33:57.474544Z","level":"info","event":" data before cleaning","logger":"task.stdout"}
{"timestamp":"2026-09-28T10:33:57.474920Z","level":"info","event":"","logger":"task.stdout"}
{"timestamp":"2026-09-28T10:33:57.488634Z","level":"info","event":"            column               dtype  missing_count  missing_percentage  unique_values","logger":"task.stdout"}
{"timestamp":"2026-09-28T10:33:57.489167Z","level":"info","event":"    Transaction ID                 str              0            0.000000          12575","logger":"task.stdout"}
{"timestamp":"2026-09-28T10:33:57.489442Z","level":"info","event":"       Customer ID                 str              0            0.000000             25","logger":"task.stdout"}
{"timestamp":"2026-09-28T10:33:57.489797Z","level":"info","event":"          Category                 str              0            0.000000              8","logger":"task.stdout"}
{"timestamp":"2026-09-28T10:33:57.490176Z","level":"info","event":"              Item                 str           1213            9.646123            200","logger":"task.stdout"}
{"timestamp":"2026-09-28T10:33:57.490479Z","level":"info","event":"    Price Per Unit             float64            609            4.842942             25","logger":"task.stdout"}
{"timestamp":"2026-09-28T10:33:57.490788Z","level":"info","event":"          Quantity             float64            604            4.803181             10","logger":"task.stdout"}
{"timestamp":"2026-09-28T10:33:57.491062Z","level":"info","event":"       Total Spent             float64            604            4.803181            227","logger":"task.stdout"}
{"timestamp":"2026-09-28T10:33:57.491326Z","level":"info","event":"    Payment Method                 str              0            0.000000              3","logger":"task.stdout"}
{"timestamp":"2026-09-28T10:33:57.491596Z","level":"info","event":"          Location                 str              0            0.000000              2","logger":"task.stdout"}
{"timestamp":"2026-09-28T10:33:57.491830Z","level":"info","event":"  Transaction Date                 str              0            0.000000           1114","logger":"task.stdout"}
{"timestamp":"2026-09-28T10:33:57.492099Z","level":"info","event":"  Discount Applied              object           4199           33.391650              2","logger":"task.stdout"}
{"timestamp":"2026-09-28T10:33:57.492394Z","level":"info","event":"source_loaded_time datetime64[us, UTC]              0            0.000000              1","logger":"task.stdout"}
{"timestamp":"2026-09-28T10:33:57.492627Z","level":"info","event":"         loaded_at datetime64[us, UTC]              0            0.000000              1","logger":"task.stdout"}
{"timestamp":"2026-09-28T10:33:57.492853Z","level":"info","event":"            source                 str              0            0.000000              1","logger":"task.stdout"}
{"timestamp":"2026-09-28T10:33:57.517761Z","level":"info","event":"","logger":"task.stdout"}
{"timestamp":"2026-09-28T10:33:57.518272Z","level":"info","event":" data after cleaning","logger":"task.stdout"}
{"timestamp":"2026-09-28T10:33:57.518707Z","level":"info","event":"","logger":"task.stdout"}
{"timestamp":"2026-09-28T10:33:57.525571Z","level":"info","event":"            column               dtype  missing_count  missing_percentage  unique_values","logger":"task.stdout"}
{"timestamp":"2026-09-28T10:33:57.526190Z","level":"info","event":"    Transaction ID                 str              0                 0.0          11966","logger":"task.stdout"}
{"timestamp":"2026-09-28T10:33:57.526559Z","level":"info","event":"       Customer ID                 str              0                 0.0             25","logger":"task.stdout"}
{"timestamp":"2026-09-28T10:33:57.526894Z","level":"info","event":"          Category                 str              0                 0.0              8","logger":"task.stdout"}
{"timestamp":"2026-09-28T10:33:57.527177Z","level":"info","event":"              Item                 str              0                 0.0            200","logger":"task.stdout"}
{"timestamp":"2026-09-28T10:33:57.527472Z","level":"info","event":"    Price Per Unit             float64              0                 0.0             25","logger":"task.stdout"}
{"timestamp":"2026-09-28T10:33:57.527750Z","level":"info","event":"          Quantity             float64              0                 0.0             10","logger":"task.stdout"}
{"timestamp":"2026-09-28T10:33:57.527959Z","level":"info","event":"       Total Spent             float64              0                 0.0            227","logger":"task.stdout"}
{"timestamp":"2026-09-28T10:33:57.528156Z","level":"info","event":"    Payment Method                 str              0                 0.0              3","logger":"task.stdout"}
{"timestamp":"2026-09-28T10:33:57.528344Z","level":"info","event":"          Location                 str              0                 0.0              2","logger":"task.stdout"}
{"timestamp":"2026-09-28T10:33:57.528533Z","level":"info","event":"  Transaction Date                 str              0                 0.0           1114","logger":"task.stdout"}
{"timestamp":"2026-09-28T10:33:57.528726Z","level":"info","event":"  Discount Applied              object              0                 0.0              2","logger":"task.stdout"}
{"timestamp":"2026-09-28T10:33:57.528926Z","level":"info","event":"source_loaded_time datetime64[us, UTC]              0                 0.0              1","logger":"task.stdout"}
{"timestamp":"2026-09-28T10:33:57.529137Z","level":"info","event":"         loaded_at datetime64[us, UTC]              0                 0.0              1","logger":"task.stdout"}
{"timestamp":"2026-09-28T10:33:57.529354Z","level":"info","event":"            source                 str              0                 0.0              1","logger":"task.stdout"}
{"timestamp":"2026-09-28T10:34:09.520584Z","level":"info","event":"Done. Returned value was: None","task_id":"silver_load","map_index":-1,"run_id":"manual__2026-09-28T10:33:55.696444+00:00","ti_id":"01a0e794-10fd-7a79-84ed-4382f988bb99","try_number":1,"dag_id":"data_pipeline","logger":"airflow.task.operators.airflow.providers.standard.decorators.python._PythonDecoratedOperator","filename":"python.py","lineno":233}
{"timestamp":"2026-09-28T10:34:09.520970Z","level":"info","event":"::group::Post Execute","task_id":"silver_load","map_index":-1,"run_id":"manual__2026-09-28T10:33:55.696444+00:00","ti_id":"01a0e794-10fd-7a79-84ed-4382f988bb99","try_number":1,"dag_id":"data_pipeline","logger":"task","filename":"task_runner.py","lineno":1580}
{"timestamp":"2026-09-28T10:34:09.542882Z","level":"info","event":"::endgroup::","task_id":"silver_load","map_index":-1,"run_id":"manual__2026-09-28T10:33:55.696444+00:00","ti_id":"01a0e794-10fd-7a79-84ed-4382f988bb99","try_number":1,"dag_id":"data_pipeline","logger":"task","filename":"task_runner.py","lineno":2379}
