{"timestamp":"2026-09-28T16:47:29.785655Z","level":"info","event":"::group::Pre Execute","logger":"task","filename":"task_runner.py","lineno":2412}
{"timestamp":"2026-09-28T16:47:29.798859Z","level":"info","event":"DAG bundles loaded: dags-folder","dag_id":"data_pipeline","task_id":"silver_load","try_number":1,"ti_id":"01a0e8e9-e2fa-7a3a-a8a6-8a08b16abe16","map_index":-1,"run_id":"manual__2026-09-28T16:47:17.225131+00:00","logger":"airflow.dag_processing.bundles.manager.DagBundlesManager","filename":"manager.py","lineno":304}
{"timestamp":"2026-09-28T16:47:29.800348Z","level":"info","event":"Filling up the DagBag from /opt/airflow/dags/data_pipeline.py","dag_id":"data_pipeline","task_id":"silver_load","try_number":1,"ti_id":"01a0e8e9-e2fa-7a3a-a8a6-8a08b16abe16","map_index":-1,"run_id":"manual__2026-09-28T16:47:17.225131+00:00","logger":"airflow.dag_processing.dagbag.BundleDagBag","filename":"dagbag.py","lineno":460}
{"timestamp":"2026-09-28T16:47:30.144722Z","level":"info","event":"Worker startup parse complete","bundle_name":"dags-folder","bundle_version":null,"dag_file":"data_pipeline.py","dag_id":"data_pipeline","bundle_prepare_ms":1,"dag_file_parse_ms":344,"task_id":"silver_load","try_number":1,"ti_id":"01a0e8e9-e2fa-7a3a-a8a6-8a08b16abe16","map_index":-1,"run_id":"manual__2026-09-28T16:47:17.225131+00:00","logger":"task","filename":"task_runner.py","lineno":1073}
{"timestamp":"2026-09-28T16:47:30.161238Z","level":"info","event":"::endgroup::","dag_id":"data_pipeline","task_id":"silver_load","try_number":1,"ti_id":"01a0e8e9-e2fa-7a3a-a8a6-8a08b16abe16","map_index":-1,"run_id":"manual__2026-09-28T16:47:17.225131+00:00","logger":"task","filename":"task_runner.py","lineno":2232}
{"timestamp":"2026-09-28T16:47:30.445960Z","level":"info","event":"data before cleaning","logger":"task.stdout"}
{"timestamp":"2026-09-28T16:47:30.446492Z","level":"info","event":"            column               dtype  missing_count  missing_percentage  unique_values","logger":"task.stdout"}
{"timestamp":"2026-09-28T16:47:30.446778Z","level":"info","event":"    Transaction ID                 str              0            0.000000          12575","logger":"task.stdout"}
{"timestamp":"2026-09-28T16:47:30.447172Z","level":"info","event":"       Customer ID                 str              0            0.000000             25","logger":"task.stdout"}
{"timestamp":"2026-09-28T16:47:30.447483Z","level":"info","event":"          Category                 str              0            0.000000              8","logger":"task.stdout"}
{"timestamp":"2026-09-28T16:47:30.447776Z","level":"info","event":"              Item                 str           3639            9.646123            200","logger":"task.stdout"}
{"timestamp":"2026-09-28T16:47:30.448088Z","level":"info","event":"    Price Per Unit                 str           1827            4.842942             25","logger":"task.stdout"}
{"timestamp":"2026-09-28T16:47:30.448386Z","level":"info","event":"          Quantity                 str           1812            4.803181             10","logger":"task.stdout"}
{"timestamp":"2026-09-28T16:47:30.448728Z","level":"info","event":"       Total Spent                 str           1812            4.803181            227","logger":"task.stdout"}
{"timestamp":"2026-09-28T16:47:30.449006Z","level":"info","event":"    Payment Method                 str              0            0.000000              3","logger":"task.stdout"}
{"timestamp":"2026-09-28T16:47:30.449282Z","level":"info","event":"          Location                 str              0            0.000000              2","logger":"task.stdout"}
{"timestamp":"2026-09-28T16:47:30.449534Z","level":"info","event":"  Transaction Date                 str              0            0.000000           1114","logger":"task.stdout"}
{"timestamp":"2026-09-28T16:47:30.449749Z","level":"info","event":"  Discount Applied                 str          12597           33.391650              2","logger":"task.stdout"}
{"timestamp":"2026-09-28T16:47:30.449963Z","level":"info","event":"source_loaded_time                 str              0            0.000000              1","logger":"task.stdout"}
{"timestamp":"2026-09-28T16:47:30.450211Z","level":"info","event":"       loaded_time datetime64[us, UTC]              0            0.000000              3","logger":"task.stdout"}
{"timestamp":"2026-09-28T16:47:30.490355Z","level":"info","event":"data after cleaning","logger":"task.stdout"}
{"timestamp":"2026-09-28T16:47:30.490948Z","level":"info","event":"            column               dtype  missing_count  missing_percentage  unique_values","logger":"task.stdout"}
{"timestamp":"2026-09-28T16:47:30.491289Z","level":"info","event":"    Transaction ID                 str              0                 0.0          11966","logger":"task.stdout"}
{"timestamp":"2026-09-28T16:47:30.491601Z","level":"info","event":"       Customer ID                 str              0                 0.0             25","logger":"task.stdout"}
{"timestamp":"2026-09-28T16:47:30.491970Z","level":"info","event":"          Category                 str              0                 0.0              8","logger":"task.stdout"}
{"timestamp":"2026-09-28T16:47:30.492328Z","level":"info","event":"              Item                 str              0                 0.0            200","logger":"task.stdout"}
{"timestamp":"2026-09-28T16:47:30.492650Z","level":"info","event":"    Price Per Unit                 str              0                 0.0             25","logger":"task.stdout"}
{"timestamp":"2026-09-28T16:47:30.492988Z","level":"info","event":"          Quantity                 str              0                 0.0             10","logger":"task.stdout"}
{"timestamp":"2026-09-28T16:47:30.493257Z","level":"info","event":"       Total Spent                 str              0                 0.0            227","logger":"task.stdout"}
{"timestamp":"2026-09-28T16:47:30.493531Z","level":"info","event":"    Payment Method                 str              0                 0.0              3","logger":"task.stdout"}
{"timestamp":"2026-09-28T16:47:30.493797Z","level":"info","event":"          Location                 str              0                 0.0              2","logger":"task.stdout"}
{"timestamp":"2026-09-28T16:47:30.494078Z","level":"info","event":"  Transaction Date                 str              0                 0.0           1114","logger":"task.stdout"}
{"timestamp":"2026-09-28T16:47:30.494358Z","level":"info","event":"  Discount Applied                 str              0                 0.0              2","logger":"task.stdout"}
{"timestamp":"2026-09-28T16:47:30.494618Z","level":"info","event":"source_loaded_time                 str              0                 0.0              1","logger":"task.stdout"}
{"timestamp":"2026-09-28T16:47:30.494825Z","level":"info","event":"       loaded_time datetime64[us, UTC]              0                 0.0              3","logger":"task.stdout"}
{"timestamp":"2026-09-28T16:48:05.331508Z","level":"info","event":"Done. Returned value was: None","dag_id":"data_pipeline","task_id":"silver_load","try_number":1,"ti_id":"01a0e8e9-e2fa-7a3a-a8a6-8a08b16abe16","map_index":-1,"run_id":"manual__2026-09-28T16:47:17.225131+00:00","logger":"airflow.task.operators.airflow.providers.standard.decorators.python._PythonDecoratedOperator","filename":"python.py","lineno":233}
{"timestamp":"2026-09-28T16:48:05.331723Z","level":"info","event":"::group::Post Execute","dag_id":"data_pipeline","task_id":"silver_load","try_number":1,"ti_id":"01a0e8e9-e2fa-7a3a-a8a6-8a08b16abe16","map_index":-1,"run_id":"manual__2026-09-28T16:47:17.225131+00:00","logger":"task","filename":"task_runner.py","lineno":1580}
{"timestamp":"2026-09-28T16:48:05.348811Z","level":"info","event":"::endgroup::","dag_id":"data_pipeline","task_id":"silver_load","try_number":1,"ti_id":"01a0e8e9-e2fa-7a3a-a8a6-8a08b16abe16","map_index":-1,"run_id":"manual__2026-09-28T16:47:17.225131+00:00","logger":"task","filename":"task_runner.py","lineno":2379}
