{"timestamp":"2026-09-28T15:24:36.278728Z","level":"info","event":"::group::Pre Execute","logger":"task","filename":"task_runner.py","lineno":2412}
{"timestamp":"2026-09-28T15:24:36.288881Z","level":"info","event":"DAG bundles loaded: dags-folder","task_id":"silver_load","ti_id":"01a0e89e-05b3-7996-8b87-194f9532d4e6","map_index":-1,"try_number":3,"run_id":"manual__2026-09-28T15:23:21.971608+00:00","dag_id":"data_pipeline","logger":"airflow.dag_processing.bundles.manager.DagBundlesManager","filename":"manager.py","lineno":304}
{"timestamp":"2026-09-28T15:24:36.290237Z","level":"info","event":"Filling up the DagBag from /opt/airflow/dags/data_pipeline.py","task_id":"silver_load","ti_id":"01a0e89e-05b3-7996-8b87-194f9532d4e6","map_index":-1,"try_number":3,"run_id":"manual__2026-09-28T15:23:21.971608+00:00","dag_id":"data_pipeline","logger":"airflow.dag_processing.dagbag.BundleDagBag","filename":"dagbag.py","lineno":460}
{"timestamp":"2026-09-28T15:24:36.652491Z","level":"info","event":"Worker startup parse complete","bundle_name":"dags-folder","bundle_version":null,"dag_file":"data_pipeline.py","dag_id":"data_pipeline","bundle_prepare_ms":1,"dag_file_parse_ms":362,"task_id":"silver_load","ti_id":"01a0e89e-05b3-7996-8b87-194f9532d4e6","map_index":-1,"try_number":3,"run_id":"manual__2026-09-28T15:23:21.971608+00:00","logger":"task","filename":"task_runner.py","lineno":1073}
{"timestamp":"2026-09-28T15:24:36.677023Z","level":"info","event":"::endgroup::","task_id":"silver_load","ti_id":"01a0e89e-05b3-7996-8b87-194f9532d4e6","map_index":-1,"try_number":3,"run_id":"manual__2026-09-28T15:23:21.971608+00:00","dag_id":"data_pipeline","logger":"task","filename":"task_runner.py","lineno":2232}
{"timestamp":"2026-09-28T15:24:36.913819Z","level":"info","event":"data before cleaning","logger":"task.stdout"}
{"timestamp":"2026-09-28T15:24:36.914254Z","level":"info","event":"            column               dtype  missing_count  missing_percentage  unique_values","logger":"task.stdout"}
{"timestamp":"2026-09-28T15:24:36.916600Z","level":"info","event":"    Transaction ID                 str              0            0.000000          12575","logger":"task.stdout"}
{"timestamp":"2026-09-28T15:24:36.916953Z","level":"info","event":"       Customer ID                 str              0            0.000000             25","logger":"task.stdout"}
{"timestamp":"2026-09-28T15:24:36.917195Z","level":"info","event":"          Category                 str              0            0.000000              8","logger":"task.stdout"}
{"timestamp":"2026-09-28T15:24:36.917427Z","level":"info","event":"              Item                 str           2426            9.646123            200","logger":"task.stdout"}
{"timestamp":"2026-09-28T15:24:36.917677Z","level":"info","event":"    Price Per Unit                 str           1218            4.842942             25","logger":"task.stdout"}
{"timestamp":"2026-09-28T15:24:36.917856Z","level":"info","event":"          Quantity                 str           1208            4.803181             10","logger":"task.stdout"}
{"timestamp":"2026-09-28T15:24:36.918050Z","level":"info","event":"       Total Spent                 str           1208            4.803181            227","logger":"task.stdout"}
{"timestamp":"2026-09-28T15:24:36.918256Z","level":"info","event":"    Payment Method                 str              0            0.000000              3","logger":"task.stdout"}
{"timestamp":"2026-09-28T15:24:36.918488Z","level":"info","event":"          Location                 str              0            0.000000              2","logger":"task.stdout"}
{"timestamp":"2026-09-28T15:24:36.918701Z","level":"info","event":"  Transaction Date                 str              0            0.000000           1114","logger":"task.stdout"}
{"timestamp":"2026-09-28T15:24:36.918910Z","level":"info","event":"  Discount Applied                 str           8398           33.391650              2","logger":"task.stdout"}
{"timestamp":"2026-09-28T15:24:36.919136Z","level":"info","event":"source_loaded_time                 str              0            0.000000              1","logger":"task.stdout"}
{"timestamp":"2026-09-28T15:24:36.919388Z","level":"info","event":"       loaded_time datetime64[us, UTC]              0            0.000000              2","logger":"task.stdout"}
{"timestamp":"2026-09-28T15:24:36.958754Z","level":"info","event":"data after cleaning","logger":"task.stdout"}
{"timestamp":"2026-09-28T15:24:36.959254Z","level":"info","event":"            column               dtype  missing_count  missing_percentage  unique_values","logger":"task.stdout"}
{"timestamp":"2026-09-28T15:24:36.959526Z","level":"info","event":"    Transaction ID                 str              0                 0.0          11966","logger":"task.stdout"}
{"timestamp":"2026-09-28T15:24:36.959738Z","level":"info","event":"       Customer ID                 str              0                 0.0             25","logger":"task.stdout"}
{"timestamp":"2026-09-28T15:24:36.959945Z","level":"info","event":"          Category                 str              0                 0.0              8","logger":"task.stdout"}
{"timestamp":"2026-09-28T15:24:36.960197Z","level":"info","event":"              Item                 str              0                 0.0            200","logger":"task.stdout"}
{"timestamp":"2026-09-28T15:24:36.960444Z","level":"info","event":"    Price Per Unit                 str              0                 0.0             25","logger":"task.stdout"}
{"timestamp":"2026-09-28T15:24:36.960798Z","level":"info","event":"          Quantity                 str              0                 0.0             10","logger":"task.stdout"}
{"timestamp":"2026-09-28T15:24:36.961012Z","level":"info","event":"       Total Spent                 str              0                 0.0            227","logger":"task.stdout"}
{"timestamp":"2026-09-28T15:24:36.961207Z","level":"info","event":"    Payment Method                 str              0                 0.0              3","logger":"task.stdout"}
{"timestamp":"2026-09-28T15:24:36.961426Z","level":"info","event":"          Location                 str              0                 0.0              2","logger":"task.stdout"}
{"timestamp":"2026-09-28T15:24:36.961619Z","level":"info","event":"  Transaction Date                 str              0                 0.0           1114","logger":"task.stdout"}
{"timestamp":"2026-09-28T15:24:36.961814Z","level":"info","event":"  Discount Applied                 str              0                 0.0              2","logger":"task.stdout"}
{"timestamp":"2026-09-28T15:24:36.962006Z","level":"info","event":"source_loaded_time                 str              0                 0.0              1","logger":"task.stdout"}
{"timestamp":"2026-09-28T15:24:36.962203Z","level":"info","event":"       loaded_time datetime64[us, UTC]              0                 0.0              2","logger":"task.stdout"}
{"timestamp":"2026-09-28T15:25:03.103274Z","level":"info","event":"error","logger":"task.stdout"}
{"timestamp":"2026-09-28T15:25:03.103360Z","level":"error","event":"Task failed with exception","task_id":"silver_load","ti_id":"01a0e89e-05b3-7996-8b87-194f9532d4e6","map_index":-1,"try_number":3,"run_id":"manual__2026-09-28T15:23:21.971608+00:00","dag_id":"data_pipeline","logger":"task","filename":"task_runner.py","lineno":1676,"error_detail":[{"exc_type":"TypeError","exc_value":"metadata_insert() got an unexpected keyword argument 'time'","exc_notes":[],"syntax_error":null,"is_cause":false,"frames":[{"filename":"/home/airflow/.local/lib/python3.13/site-packages/airflow/sdk/execution_time/task_runner.py","lineno":1579,"name":"_run_task_and_map_outcome"},{"filename":"/home/airflow/.local/lib/python3.13/site-packages/airflow/sdk/execution_time/task_runner.py","lineno":197,"name":"wrapper"},{"filename":"/home/airflow/.local/lib/python3.13/site-packages/airflow/sdk/execution_time/task_runner.py","lineno":2234,"name":"_execute_task"},{"filename":"/home/airflow/.local/lib/python3.13/site-packages/airflow/sdk/execution_time/task_runner.py","lineno":197,"name":"wrapper"},{"filename":"/home/airflow/.local/lib/python3.13/site-packages/airflow/sdk/execution_time/task_runner.py","lineno":2192,"name":"_run_execute_callable"},{"filename":"/home/airflow/.local/lib/python3.13/site-packages/airflow/sdk/bases/operator.py","lineno":445,"name":"wrapper"},{"filename":"/home/airflow/.local/lib/python3.13/site-packages/airflow/sdk/bases/decorator.py","lineno":398,"name":"execute"},{"filename":"/home/airflow/.local/lib/python3.13/site-packages/airflow/sdk/bases/operator.py","lineno":445,"name":"wrapper"},{"filename":"/home/airflow/.local/lib/python3.13/site-packages/airflow/providers/standard/operators/python.py","lineno":231,"name":"execute"},{"filename":"/home/airflow/.local/lib/python3.13/site-packages/airflow/providers/standard/operators/python.py","lineno":254,"name":"execute_callable"},{"filename":"/home/airflow/.local/lib/python3.13/site-packages/airflow/sdk/execution_time/callback_runner.py","lineno":97,"name":"run"},{"filename":"/opt/airflow/dags/data_pipeline.py","lineno":25,"name":"silver_load"},{"filename":"/opt/airflow/src/airflow/transformation/silver.py","lineno":97,"name":"main"}],"is_group":false,"exceptions":[]}]}
{"timestamp":"2026-09-28T15:25:03.103922Z","level":"info","event":"::group::Post Execute","task_id":"silver_load","ti_id":"01a0e89e-05b3-7996-8b87-194f9532d4e6","map_index":-1,"try_number":3,"run_id":"manual__2026-09-28T15:23:21.971608+00:00","dag_id":"data_pipeline","logger":"task","filename":"task_runner.py","lineno":1677}
{"timestamp":"2026-09-28T15:25:03.107050Z","level":"info","event":"::endgroup::","task_id":"silver_load","ti_id":"01a0e89e-05b3-7996-8b87-194f9532d4e6","map_index":-1,"try_number":3,"run_id":"manual__2026-09-28T15:23:21.971608+00:00","dag_id":"data_pipeline","logger":"task","filename":"task_runner.py","lineno":2379}
