{"timestamp":"2026-09-28T17:29:14.556206Z","level":"info","event":"::group::Pre Execute","logger":"task","filename":"task_runner.py","lineno":2412}
{"timestamp":"2026-09-28T17:29:14.572067Z","level":"info","event":"DAG bundles loaded: dags-folder","dag_id":"data_pipeline","try_number":1,"map_index":-1,"run_id":"manual__2026-09-28T17:28:56.844211+00:00","ti_id":"01a0e910-071f-7c54-85a7-91beaccfc95a","task_id":"silver_load","logger":"airflow.dag_processing.bundles.manager.DagBundlesManager","filename":"manager.py","lineno":304}
{"timestamp":"2026-09-28T17:29:14.574832Z","level":"info","event":"Filling up the DagBag from /opt/airflow/dags/data_pipeline.py","dag_id":"data_pipeline","try_number":1,"map_index":-1,"run_id":"manual__2026-09-28T17:28:56.844211+00:00","ti_id":"01a0e910-071f-7c54-85a7-91beaccfc95a","task_id":"silver_load","logger":"airflow.dag_processing.dagbag.BundleDagBag","filename":"dagbag.py","lineno":460}
{"timestamp":"2026-09-28T17:29:14.954893Z","level":"info","event":"Worker startup parse complete","bundle_name":"dags-folder","bundle_version":null,"dag_file":"data_pipeline.py","dag_id":"data_pipeline","bundle_prepare_ms":3,"dag_file_parse_ms":380,"try_number":1,"map_index":-1,"run_id":"manual__2026-09-28T17:28:56.844211+00:00","ti_id":"01a0e910-071f-7c54-85a7-91beaccfc95a","task_id":"silver_load","logger":"task","filename":"task_runner.py","lineno":1073}
{"timestamp":"2026-09-28T17:29:14.977803Z","level":"info","event":"::endgroup::","dag_id":"data_pipeline","try_number":1,"map_index":-1,"run_id":"manual__2026-09-28T17:28:56.844211+00:00","ti_id":"01a0e910-071f-7c54-85a7-91beaccfc95a","task_id":"silver_load","logger":"task","filename":"task_runner.py","lineno":2232}
{"timestamp":"2026-09-28T17:29:15.114317Z","level":"info","event":"data before cleaning","logger":"task.stdout"}
{"timestamp":"2026-09-28T17:29:15.115215Z","level":"info","event":"            column               dtype  missing_count  missing_percentage  unique_values","logger":"task.stdout"}
{"timestamp":"2026-09-28T17:29:15.115616Z","level":"info","event":"    Transaction ID                 str              0            0.000000          12575","logger":"task.stdout"}
{"timestamp":"2026-09-28T17:29:15.115898Z","level":"info","event":"       Customer ID                 str              0            0.000000             25","logger":"task.stdout"}
{"timestamp":"2026-09-28T17:29:15.116224Z","level":"info","event":"          Category                 str              0            0.000000              8","logger":"task.stdout"}
{"timestamp":"2026-09-28T17:29:15.116677Z","level":"info","event":"              Item                 str           1213            9.646123            200","logger":"task.stdout"}
{"timestamp":"2026-09-28T17:29:15.117062Z","level":"info","event":"    Price Per Unit             float64            609            4.842942             25","logger":"task.stdout"}
{"timestamp":"2026-09-28T17:29:15.117440Z","level":"info","event":"          Quantity             float64            604            4.803181             10","logger":"task.stdout"}
{"timestamp":"2026-09-28T17:29:15.117759Z","level":"info","event":"       Total Spent             float64            604            4.803181            227","logger":"task.stdout"}
{"timestamp":"2026-09-28T17:29:15.118061Z","level":"info","event":"    Payment Method                 str              0            0.000000              3","logger":"task.stdout"}
{"timestamp":"2026-09-28T17:29:15.118348Z","level":"info","event":"          Location                 str              0            0.000000              2","logger":"task.stdout"}
{"timestamp":"2026-09-28T17:29:15.118647Z","level":"info","event":"  Transaction Date                 str              0            0.000000           1114","logger":"task.stdout"}
{"timestamp":"2026-09-28T17:29:15.118904Z","level":"info","event":"  Discount Applied              object           4199           33.391650              2","logger":"task.stdout"}
{"timestamp":"2026-09-28T17:29:15.119157Z","level":"info","event":"source_loaded_time datetime64[us, UTC]              0            0.000000              1","logger":"task.stdout"}
{"timestamp":"2026-09-28T17:29:15.119458Z","level":"info","event":"       loaded_time datetime64[us, UTC]              0            0.000000              1","logger":"task.stdout"}
{"timestamp":"2026-09-28T17:29:15.114423Z","level":"info","event":"12575","logger":"src.airflow.transformation.silver","dag_id":"data_pipeline","try_number":1,"map_index":-1,"run_id":"manual__2026-09-28T17:28:56.844211+00:00","ti_id":"01a0e910-071f-7c54-85a7-91beaccfc95a","task_id":"silver_load","filename":"silver.py","lineno":66}
{"timestamp":"2026-09-28T17:29:15.116075Z","level":"info","event":"12575","logger":"src.airflow.transformation.silver","dag_id":"data_pipeline","try_number":1,"map_index":-1,"run_id":"manual__2026-09-28T17:28:56.844211+00:00","ti_id":"01a0e910-071f-7c54-85a7-91beaccfc95a","task_id":"silver_load","filename":"silver.py","lineno":70}
{"timestamp":"2026-09-28T17:29:15.116182Z","level":"info","event":"12575","logger":"src.airflow.transformation.silver","dag_id":"data_pipeline","try_number":1,"map_index":-1,"run_id":"manual__2026-09-28T17:28:56.844211+00:00","ti_id":"01a0e910-071f-7c54-85a7-91beaccfc95a","task_id":"silver_load","filename":"silver.py","lineno":66}
{"timestamp":"2026-09-28T17:29:15.117310Z","level":"info","event":"12575","logger":"src.airflow.transformation.silver","dag_id":"data_pipeline","try_number":1,"map_index":-1,"run_id":"manual__2026-09-28T17:28:56.844211+00:00","ti_id":"01a0e910-071f-7c54-85a7-91beaccfc95a","task_id":"silver_load","filename":"silver.py","lineno":70}
{"timestamp":"2026-09-28T17:29:15.117429Z","level":"info","event":"12575","logger":"src.airflow.transformation.silver","dag_id":"data_pipeline","try_number":1,"map_index":-1,"run_id":"manual__2026-09-28T17:28:56.844211+00:00","ti_id":"01a0e910-071f-7c54-85a7-91beaccfc95a","task_id":"silver_load","filename":"silver.py","lineno":66}
{"timestamp":"2026-09-28T17:29:15.118347Z","level":"info","event":"12575","logger":"src.airflow.transformation.silver","dag_id":"data_pipeline","try_number":1,"map_index":-1,"run_id":"manual__2026-09-28T17:28:56.844211+00:00","ti_id":"01a0e910-071f-7c54-85a7-91beaccfc95a","task_id":"silver_load","filename":"silver.py","lineno":70}
{"timestamp":"2026-09-28T17:29:15.118457Z","level":"info","event":"12575","logger":"src.airflow.transformation.silver","dag_id":"data_pipeline","try_number":1,"map_index":-1,"run_id":"manual__2026-09-28T17:28:56.844211+00:00","ti_id":"01a0e910-071f-7c54-85a7-91beaccfc95a","task_id":"silver_load","filename":"silver.py","lineno":66}
{"timestamp":"2026-09-28T17:29:15.122017Z","level":"info","event":"12575","logger":"src.airflow.transformation.silver","dag_id":"data_pipeline","try_number":1,"map_index":-1,"run_id":"manual__2026-09-28T17:28:56.844211+00:00","ti_id":"01a0e910-071f-7c54-85a7-91beaccfc95a","task_id":"silver_load","filename":"silver.py","lineno":66}
{"timestamp":"2026-09-28T17:29:15.125571Z","level":"info","event":"11966","logger":"src.airflow.transformation.silver","dag_id":"data_pipeline","try_number":1,"map_index":-1,"run_id":"manual__2026-09-28T17:28:56.844211+00:00","ti_id":"01a0e910-071f-7c54-85a7-91beaccfc95a","task_id":"silver_load","filename":"silver.py","lineno":70}
{"timestamp":"2026-09-28T17:29:15.125765Z","level":"info","event":"11966","logger":"src.airflow.transformation.silver","dag_id":"data_pipeline","try_number":1,"map_index":-1,"run_id":"manual__2026-09-28T17:28:56.844211+00:00","ti_id":"01a0e910-071f-7c54-85a7-91beaccfc95a","task_id":"silver_load","filename":"silver.py","lineno":66}
{"timestamp":"2026-09-28T17:29:15.126967Z","level":"info","event":"11966","logger":"src.airflow.transformation.silver","dag_id":"data_pipeline","try_number":1,"map_index":-1,"run_id":"manual__2026-09-28T17:28:56.844211+00:00","ti_id":"01a0e910-071f-7c54-85a7-91beaccfc95a","task_id":"silver_load","filename":"silver.py","lineno":74}
{"timestamp":"2026-09-28T17:29:15.127091Z","level":"info","event":"11966","logger":"src.airflow.transformation.silver","dag_id":"data_pipeline","try_number":1,"map_index":-1,"run_id":"manual__2026-09-28T17:28:56.844211+00:00","ti_id":"01a0e910-071f-7c54-85a7-91beaccfc95a","task_id":"silver_load","filename":"silver.py","lineno":66}
{"timestamp":"2026-09-28T17:29:15.127742Z","level":"info","event":"11966","logger":"src.airflow.transformation.silver","dag_id":"data_pipeline","try_number":1,"map_index":-1,"run_id":"manual__2026-09-28T17:28:56.844211+00:00","ti_id":"01a0e910-071f-7c54-85a7-91beaccfc95a","task_id":"silver_load","filename":"silver.py","lineno":74}
{"timestamp":"2026-09-28T17:29:15.127823Z","level":"info","event":"11966","logger":"src.airflow.transformation.silver","dag_id":"data_pipeline","try_number":1,"map_index":-1,"run_id":"manual__2026-09-28T17:28:56.844211+00:00","ti_id":"01a0e910-071f-7c54-85a7-91beaccfc95a","task_id":"silver_load","filename":"silver.py","lineno":66}
{"timestamp":"2026-09-28T17:29:15.128916Z","level":"info","event":"11966","logger":"src.airflow.transformation.silver","dag_id":"data_pipeline","try_number":1,"map_index":-1,"run_id":"manual__2026-09-28T17:28:56.844211+00:00","ti_id":"01a0e910-071f-7c54-85a7-91beaccfc95a","task_id":"silver_load","filename":"silver.py","lineno":70}
{"timestamp":"2026-09-28T17:29:15.128999Z","level":"info","event":"11966","logger":"src.airflow.transformation.silver","dag_id":"data_pipeline","try_number":1,"map_index":-1,"run_id":"manual__2026-09-28T17:28:56.844211+00:00","ti_id":"01a0e910-071f-7c54-85a7-91beaccfc95a","task_id":"silver_load","filename":"silver.py","lineno":66}
{"timestamp":"2026-09-28T17:29:15.129956Z","level":"info","event":"11966","logger":"src.airflow.transformation.silver","dag_id":"data_pipeline","try_number":1,"map_index":-1,"run_id":"manual__2026-09-28T17:28:56.844211+00:00","ti_id":"01a0e910-071f-7c54-85a7-91beaccfc95a","task_id":"silver_load","filename":"silver.py","lineno":70}
{"timestamp":"2026-09-28T17:29:15.130093Z","level":"info","event":"11966","logger":"src.airflow.transformation.silver","dag_id":"data_pipeline","try_number":1,"map_index":-1,"run_id":"manual__2026-09-28T17:28:56.844211+00:00","ti_id":"01a0e910-071f-7c54-85a7-91beaccfc95a","task_id":"silver_load","filename":"silver.py","lineno":66}
{"timestamp":"2026-09-28T17:29:15.131093Z","level":"info","event":"11966","logger":"src.airflow.transformation.silver","dag_id":"data_pipeline","try_number":1,"map_index":-1,"run_id":"manual__2026-09-28T17:28:56.844211+00:00","ti_id":"01a0e910-071f-7c54-85a7-91beaccfc95a","task_id":"silver_load","filename":"silver.py","lineno":70}
{"timestamp":"2026-09-28T17:29:15.131199Z","level":"info","event":"11966","logger":"src.airflow.transformation.silver","dag_id":"data_pipeline","try_number":1,"map_index":-1,"run_id":"manual__2026-09-28T17:28:56.844211+00:00","ti_id":"01a0e910-071f-7c54-85a7-91beaccfc95a","task_id":"silver_load","filename":"silver.py","lineno":66}
{"timestamp":"2026-09-28T17:29:15.132572Z","level":"info","event":"11966","logger":"src.airflow.transformation.silver","dag_id":"data_pipeline","try_number":1,"map_index":-1,"run_id":"manual__2026-09-28T17:28:56.844211+00:00","ti_id":"01a0e910-071f-7c54-85a7-91beaccfc95a","task_id":"silver_load","filename":"silver.py","lineno":66}
{"timestamp":"2026-09-28T17:29:15.133584Z","level":"info","event":"11966","logger":"src.airflow.transformation.silver","dag_id":"data_pipeline","try_number":1,"map_index":-1,"run_id":"manual__2026-09-28T17:28:56.844211+00:00","ti_id":"01a0e910-071f-7c54-85a7-91beaccfc95a","task_id":"silver_load","filename":"silver.py","lineno":70}
{"timestamp":"2026-09-28T17:29:15.133700Z","level":"info","event":"11966","logger":"src.airflow.transformation.silver","dag_id":"data_pipeline","try_number":1,"map_index":-1,"run_id":"manual__2026-09-28T17:28:56.844211+00:00","ti_id":"01a0e910-071f-7c54-85a7-91beaccfc95a","task_id":"silver_load","filename":"silver.py","lineno":66}
{"timestamp":"2026-09-28T17:29:15.134736Z","level":"info","event":"11966","logger":"src.airflow.transformation.silver","dag_id":"data_pipeline","try_number":1,"map_index":-1,"run_id":"manual__2026-09-28T17:28:56.844211+00:00","ti_id":"01a0e910-071f-7c54-85a7-91beaccfc95a","task_id":"silver_load","filename":"silver.py","lineno":70}
{"timestamp":"2026-09-28T17:29:15.134847Z","level":"info","event":"11966","logger":"src.airflow.transformation.silver","dag_id":"data_pipeline","try_number":1,"map_index":-1,"run_id":"manual__2026-09-28T17:28:56.844211+00:00","ti_id":"01a0e910-071f-7c54-85a7-91beaccfc95a","task_id":"silver_load","filename":"silver.py","lineno":77}
{"timestamp":"2026-09-28T17:29:15.141885Z","level":"info","event":"data after cleaning","logger":"task.stdout"}
{"timestamp":"2026-09-28T17:29:15.142342Z","level":"info","event":"            column               dtype  missing_count  missing_percentage  unique_values","logger":"task.stdout"}
{"timestamp":"2026-09-28T17:29:15.142627Z","level":"info","event":"    Transaction ID                 str              0                 0.0          11966","logger":"task.stdout"}
{"timestamp":"2026-09-28T17:29:15.142884Z","level":"info","event":"       Customer ID                 str              0                 0.0             25","logger":"task.stdout"}
{"timestamp":"2026-09-28T17:29:15.143117Z","level":"info","event":"          Category                 str              0                 0.0              8","logger":"task.stdout"}
{"timestamp":"2026-09-28T17:29:15.143501Z","level":"info","event":"              Item                 str              0                 0.0            200","logger":"task.stdout"}
{"timestamp":"2026-09-28T17:29:15.143824Z","level":"info","event":"    Price Per Unit             float64              0                 0.0             25","logger":"task.stdout"}
{"timestamp":"2026-09-28T17:29:15.144136Z","level":"info","event":"          Quantity             float64              0                 0.0             10","logger":"task.stdout"}
{"timestamp":"2026-09-28T17:29:15.144402Z","level":"info","event":"       Total Spent             float64              0                 0.0            227","logger":"task.stdout"}
{"timestamp":"2026-09-28T17:29:15.144662Z","level":"info","event":"    Payment Method                 str              0                 0.0              3","logger":"task.stdout"}
{"timestamp":"2026-09-28T17:29:15.144934Z","level":"info","event":"          Location                 str              0                 0.0              2","logger":"task.stdout"}
{"timestamp":"2026-09-28T17:29:15.145170Z","level":"info","event":"  Transaction Date                 str              0                 0.0           1114","logger":"task.stdout"}
{"timestamp":"2026-09-28T17:29:15.145413Z","level":"info","event":"  Discount Applied              object              0                 0.0              2","logger":"task.stdout"}
{"timestamp":"2026-09-28T17:29:15.145644Z","level":"info","event":"source_loaded_time datetime64[us, UTC]              0                 0.0              1","logger":"task.stdout"}
{"timestamp":"2026-09-28T17:29:15.145904Z","level":"info","event":"       loaded_time datetime64[us, UTC]              0                 0.0              1","logger":"task.stdout"}
{"timestamp":"2026-09-28T17:29:15.142079Z","level":"info","event":"here 11966","logger":"src.airflow.transformation.silver","dag_id":"data_pipeline","try_number":1,"map_index":-1,"run_id":"manual__2026-09-28T17:28:56.844211+00:00","ti_id":"01a0e910-071f-7c54-85a7-91beaccfc95a","task_id":"silver_load","filename":"silver.py","lineno":46}
{"timestamp":"2026-09-28T17:29:26.186980Z","level":"info","event":"Done. Returned value was: None","dag_id":"data_pipeline","try_number":1,"map_index":-1,"run_id":"manual__2026-09-28T17:28:56.844211+00:00","ti_id":"01a0e910-071f-7c54-85a7-91beaccfc95a","task_id":"silver_load","logger":"airflow.task.operators.airflow.providers.standard.decorators.python._PythonDecoratedOperator","filename":"python.py","lineno":233}
{"timestamp":"2026-09-28T17:29:26.187347Z","level":"info","event":"::group::Post Execute","dag_id":"data_pipeline","try_number":1,"map_index":-1,"run_id":"manual__2026-09-28T17:28:56.844211+00:00","ti_id":"01a0e910-071f-7c54-85a7-91beaccfc95a","task_id":"silver_load","logger":"task","filename":"task_runner.py","lineno":1580}
{"timestamp":"2026-09-28T17:29:26.208397Z","level":"info","event":"::endgroup::","dag_id":"data_pipeline","try_number":1,"map_index":-1,"run_id":"manual__2026-09-28T17:28:56.844211+00:00","ti_id":"01a0e910-071f-7c54-85a7-91beaccfc95a","task_id":"silver_load","logger":"task","filename":"task_runner.py","lineno":2379}
