{"timestamp":"2026-09-28T07:23:00.662942Z","level":"info","event":"::group::Pre Execute","logger":"task","filename":"task_runner.py","lineno":2412}
{"timestamp":"2026-09-28T07:23:00.678043Z","level":"info","event":"DAG bundles loaded: dags-folder","dag_id":"data_pipeline","task_id":"silver_load","ti_id":"01a0e6e5-1083-77a0-84eb-1e76da314150","map_index":-1,"try_number":1,"run_id":"manual__2026-09-28T07:22:46.771470+00:00","logger":"airflow.dag_processing.bundles.manager.DagBundlesManager","filename":"manager.py","lineno":304}
{"timestamp":"2026-09-28T07:23:00.679425Z","level":"info","event":"Filling up the DagBag from /opt/airflow/dags/data_pipeline.py","dag_id":"data_pipeline","task_id":"silver_load","ti_id":"01a0e6e5-1083-77a0-84eb-1e76da314150","map_index":-1,"try_number":1,"run_id":"manual__2026-09-28T07:22:46.771470+00:00","logger":"airflow.dag_processing.dagbag.BundleDagBag","filename":"dagbag.py","lineno":460}
{"timestamp":"2026-09-28T07:23:01.013409Z","level":"info","event":"Worker startup parse complete","bundle_name":"dags-folder","bundle_version":null,"dag_file":"data_pipeline.py","dag_id":"data_pipeline","bundle_prepare_ms":1,"dag_file_parse_ms":334,"task_id":"silver_load","ti_id":"01a0e6e5-1083-77a0-84eb-1e76da314150","map_index":-1,"try_number":1,"run_id":"manual__2026-09-28T07:22:46.771470+00:00","logger":"task","filename":"task_runner.py","lineno":1073}
{"timestamp":"2026-09-28T07:23:01.030394Z","level":"info","event":"::endgroup::","dag_id":"data_pipeline","task_id":"silver_load","ti_id":"01a0e6e5-1083-77a0-84eb-1e76da314150","map_index":-1,"try_number":1,"run_id":"manual__2026-09-28T07:22:46.771470+00:00","logger":"task","filename":"task_runner.py","lineno":2232}
{"timestamp":"2026-09-28T07:23:01.133541Z","level":"info","event":"","logger":"task.stdout"}
{"timestamp":"2026-09-28T07:23:01.134155Z","level":"info","event":" data before cleaning","logger":"task.stdout"}
{"timestamp":"2026-09-28T07:23:01.134564Z","level":"info","event":"","logger":"task.stdout"}
{"timestamp":"2026-09-28T07:23:01.145290Z","level":"info","event":"          column               dtype  missing_count  missing_percentage  unique_values","logger":"task.stdout"}
{"timestamp":"2026-09-28T07:23:01.145814Z","level":"info","event":"  Transaction ID                 str              0            0.000000          12575","logger":"task.stdout"}
{"timestamp":"2026-09-28T07:23:01.146205Z","level":"info","event":"     Customer ID                 str              0            0.000000             25","logger":"task.stdout"}
{"timestamp":"2026-09-28T07:23:01.146551Z","level":"info","event":"        Category                 str              0            0.000000              8","logger":"task.stdout"}
{"timestamp":"2026-09-28T07:23:01.146815Z","level":"info","event":"            Item                 str           1213            9.646123            200","logger":"task.stdout"}
{"timestamp":"2026-09-28T07:23:01.147104Z","level":"info","event":"  Price Per Unit             float64            609            4.842942             25","logger":"task.stdout"}
{"timestamp":"2026-09-28T07:23:01.147410Z","level":"info","event":"        Quantity             float64            604            4.803181             10","logger":"task.stdout"}
{"timestamp":"2026-09-28T07:23:01.147703Z","level":"info","event":"     Total Spent             float64            604            4.803181            227","logger":"task.stdout"}
{"timestamp":"2026-09-28T07:23:01.147978Z","level":"info","event":"  Payment Method                 str              0            0.000000              3","logger":"task.stdout"}
{"timestamp":"2026-09-28T07:23:01.148289Z","level":"info","event":"        Location                 str              0            0.000000              2","logger":"task.stdout"}
{"timestamp":"2026-09-28T07:23:01.148527Z","level":"info","event":"Transaction Date                 str              0            0.000000           1114","logger":"task.stdout"}
{"timestamp":"2026-09-28T07:23:01.148837Z","level":"info","event":"Discount Applied              object           4199           33.391650              2","logger":"task.stdout"}
{"timestamp":"2026-09-28T07:23:01.149183Z","level":"info","event":"       loaded_at datetime64[us, UTC]              0            0.000000              1","logger":"task.stdout"}
{"timestamp":"2026-09-28T07:23:01.149535Z","level":"info","event":"          source                 str              0            0.000000              1","logger":"task.stdout"}
{"timestamp":"2026-09-28T07:23:01.163363Z","level":"info","event":"","logger":"task.stdout"}
{"timestamp":"2026-09-28T07:23:01.163839Z","level":"info","event":" data after cleaning","logger":"task.stdout"}
{"timestamp":"2026-09-28T07:23:01.164111Z","level":"info","event":"","logger":"task.stdout"}
{"timestamp":"2026-09-28T07:23:01.170200Z","level":"info","event":"          column               dtype  missing_count  missing_percentage  unique_values","logger":"task.stdout"}
{"timestamp":"2026-09-28T07:23:01.170673Z","level":"info","event":"  Transaction ID                 str              0                 0.0          11966","logger":"task.stdout"}
{"timestamp":"2026-09-28T07:23:01.170951Z","level":"info","event":"     Customer ID                 str              0                 0.0             25","logger":"task.stdout"}
{"timestamp":"2026-09-28T07:23:01.171196Z","level":"info","event":"        Category                 str              0                 0.0              8","logger":"task.stdout"}
{"timestamp":"2026-09-28T07:23:01.171421Z","level":"info","event":"            Item                 str              0                 0.0            200","logger":"task.stdout"}
{"timestamp":"2026-09-28T07:23:01.171628Z","level":"info","event":"  Price Per Unit             float64              0                 0.0             25","logger":"task.stdout"}
{"timestamp":"2026-09-28T07:23:01.171835Z","level":"info","event":"        Quantity             float64              0                 0.0             10","logger":"task.stdout"}
{"timestamp":"2026-09-28T07:23:01.172127Z","level":"info","event":"     Total Spent             float64              0                 0.0            227","logger":"task.stdout"}
{"timestamp":"2026-09-28T07:23:01.172453Z","level":"info","event":"  Payment Method                 str              0                 0.0              3","logger":"task.stdout"}
{"timestamp":"2026-09-28T07:23:01.173112Z","level":"info","event":"        Location                 str              0                 0.0              2","logger":"task.stdout"}
{"timestamp":"2026-09-28T07:23:01.173436Z","level":"info","event":"Transaction Date                 str              0                 0.0           1114","logger":"task.stdout"}
{"timestamp":"2026-09-28T07:23:01.173825Z","level":"info","event":"Discount Applied              object              0                 0.0              2","logger":"task.stdout"}
{"timestamp":"2026-09-28T07:23:01.174090Z","level":"info","event":"       loaded_at datetime64[us, UTC]              0                 0.0              1","logger":"task.stdout"}
{"timestamp":"2026-09-28T07:23:01.174330Z","level":"info","event":"          source                 str              0                 0.0              1","logger":"task.stdout"}
{"timestamp":"2026-09-28T07:23:12.041317Z","level":"info","event":"Done. Returned value was: None","dag_id":"data_pipeline","task_id":"silver_load","ti_id":"01a0e6e5-1083-77a0-84eb-1e76da314150","map_index":-1,"try_number":1,"run_id":"manual__2026-09-28T07:22:46.771470+00:00","logger":"airflow.task.operators.airflow.providers.standard.decorators.python._PythonDecoratedOperator","filename":"python.py","lineno":233}
{"timestamp":"2026-09-28T07:23:12.041671Z","level":"info","event":"::group::Post Execute","dag_id":"data_pipeline","task_id":"silver_load","ti_id":"01a0e6e5-1083-77a0-84eb-1e76da314150","map_index":-1,"try_number":1,"run_id":"manual__2026-09-28T07:22:46.771470+00:00","logger":"task","filename":"task_runner.py","lineno":1580}
{"timestamp":"2026-09-28T07:23:12.057637Z","level":"info","event":"::endgroup::","dag_id":"data_pipeline","task_id":"silver_load","ti_id":"01a0e6e5-1083-77a0-84eb-1e76da314150","map_index":-1,"try_number":1,"run_id":"manual__2026-09-28T07:22:46.771470+00:00","logger":"task","filename":"task_runner.py","lineno":2379}
