{"timestamp":"2026-09-06T16:22:58.228111Z","level":"info","event":"Filling up the DagBag from /opt/airflow/dags/1.py","logger":"airflow.dag_processing.dagbag.BundleDagBag","filename":"dagbag.py","lineno":460}
{"timestamp":"2026-09-06T16:23:28.714814Z","level":"info","event":"Filling up the DagBag from /opt/airflow/dags/1.py","logger":"airflow.dag_processing.dagbag.BundleDagBag","filename":"dagbag.py","lineno":460}
{"timestamp":"2026-09-06T16:23:59.167157Z","level":"info","event":"Filling up the DagBag from /opt/airflow/dags/1.py","logger":"airflow.dag_processing.dagbag.BundleDagBag","filename":"dagbag.py","lineno":460}
{"timestamp":"2026-09-06T16:24:29.617327Z","level":"info","event":"Filling up the DagBag from /opt/airflow/dags/1.py","logger":"airflow.dag_processing.dagbag.BundleDagBag","filename":"dagbag.py","lineno":460}
{"timestamp":"2026-09-06T16:25:00.035435Z","level":"info","event":"Filling up the DagBag from /opt/airflow/dags/1.py","logger":"airflow.dag_processing.dagbag.BundleDagBag","filename":"dagbag.py","lineno":460}
{"timestamp":"2026-09-06T16:25:30.489012Z","level":"info","event":"Filling up the DagBag from /opt/airflow/dags/1.py","logger":"airflow.dag_processing.dagbag.BundleDagBag","filename":"dagbag.py","lineno":460}
{"timestamp":"2026-09-06T16:26:00.930288Z","level":"info","event":"Filling up the DagBag from /opt/airflow/dags/1.py","logger":"airflow.dag_processing.dagbag.BundleDagBag","filename":"dagbag.py","lineno":460}
{"timestamp":"2026-09-06T16:26:31.341423Z","level":"info","event":"Filling up the DagBag from /opt/airflow/dags/1.py","logger":"airflow.dag_processing.dagbag.BundleDagBag","filename":"dagbag.py","lineno":460}
{"timestamp":"2026-09-06T16:27:01.778350Z","level":"info","event":"Filling up the DagBag from /opt/airflow/dags/1.py","logger":"airflow.dag_processing.dagbag.BundleDagBag","filename":"dagbag.py","lineno":460}
{"timestamp":"2026-09-06T16:27:32.226832Z","level":"info","event":"Filling up the DagBag from /opt/airflow/dags/1.py","logger":"airflow.dag_processing.dagbag.BundleDagBag","filename":"dagbag.py","lineno":460}
{"timestamp":"2026-09-06T16:28:02.745956Z","level":"info","event":"Filling up the DagBag from /opt/airflow/dags/1.py","logger":"airflow.dag_processing.dagbag.BundleDagBag","filename":"dagbag.py","lineno":460}
{"timestamp":"2026-09-06T16:28:33.201875Z","level":"info","event":"Filling up the DagBag from /opt/airflow/dags/1.py","logger":"airflow.dag_processing.dagbag.BundleDagBag","filename":"dagbag.py","lineno":460}
{"timestamp":"2026-09-06T16:29:03.646171Z","level":"info","event":"Filling up the DagBag from /opt/airflow/dags/1.py","logger":"airflow.dag_processing.dagbag.BundleDagBag","filename":"dagbag.py","lineno":460}
{"timestamp":"2026-09-06T16:29:34.073391Z","level":"info","event":"Filling up the DagBag from /opt/airflow/dags/1.py","logger":"airflow.dag_processing.dagbag.BundleDagBag","filename":"dagbag.py","lineno":460}
{"timestamp":"2026-09-06T16:30:04.524505Z","level":"info","event":"Filling up the DagBag from /opt/airflow/dags/1.py","logger":"airflow.dag_processing.dagbag.BundleDagBag","filename":"dagbag.py","lineno":460}
{"timestamp":"2026-09-06T16:30:34.948390Z","level":"info","event":"Filling up the DagBag from /opt/airflow/dags/1.py","logger":"airflow.dag_processing.dagbag.BundleDagBag","filename":"dagbag.py","lineno":460}
{"timestamp":"2026-09-06T16:31:05.368531Z","level":"info","event":"Filling up the DagBag from /opt/airflow/dags/1.py","logger":"airflow.dag_processing.dagbag.BundleDagBag","filename":"dagbag.py","lineno":460}
{"timestamp":"2026-09-06T16:31:35.809805Z","level":"info","event":"Filling up the DagBag from /opt/airflow/dags/1.py","logger":"airflow.dag_processing.dagbag.BundleDagBag","filename":"dagbag.py","lineno":460}
{"timestamp":"2026-09-06T16:32:06.265980Z","level":"info","event":"Filling up the DagBag from /opt/airflow/dags/1.py","logger":"airflow.dag_processing.dagbag.BundleDagBag","filename":"dagbag.py","lineno":460}
{"timestamp":"2026-09-06T16:32:36.712008Z","level":"info","event":"Filling up the DagBag from /opt/airflow/dags/1.py","logger":"airflow.dag_processing.dagbag.BundleDagBag","filename":"dagbag.py","lineno":460}
{"timestamp":"2026-09-06T16:33:07.201768Z","level":"info","event":"Filling up the DagBag from /opt/airflow/dags/1.py","logger":"airflow.dag_processing.dagbag.BundleDagBag","filename":"dagbag.py","lineno":460}
{"timestamp":"2026-09-06T16:33:37.628380Z","level":"info","event":"Filling up the DagBag from /opt/airflow/dags/1.py","logger":"airflow.dag_processing.dagbag.BundleDagBag","filename":"dagbag.py","lineno":460}
{"timestamp":"2026-09-06T16:34:08.049076Z","level":"info","event":"Filling up the DagBag from /opt/airflow/dags/1.py","logger":"airflow.dag_processing.dagbag.BundleDagBag","filename":"dagbag.py","lineno":460}
{"timestamp":"2026-09-06T16:34:38.492097Z","level":"info","event":"Filling up the DagBag from /opt/airflow/dags/1.py","logger":"airflow.dag_processing.dagbag.BundleDagBag","filename":"dagbag.py","lineno":460}
{"timestamp":"2026-09-06T16:35:01.875132Z","level":"info","event":"Filling up the DagBag from /opt/airflow/dags/1.py","logger":"airflow.dag_processing.dagbag.BundleDagBag","filename":"dagbag.py","lineno":460}
{"timestamp":"2026-09-06T16:35:09.076052Z","level":"info","event":"Filling up the DagBag from /opt/airflow/dags/1.py","logger":"airflow.dag_processing.dagbag.BundleDagBag","filename":"dagbag.py","lineno":460}
{"timestamp":"2026-09-06T16:35:19.412266Z","level":"info","event":"Filling up the DagBag from /opt/airflow/dags/1.py","logger":"airflow.dag_processing.dagbag.BundleDagBag","filename":"dagbag.py","lineno":460}
{"timestamp":"2026-09-06T16:35:49.984627Z","level":"info","event":"Filling up the DagBag from /opt/airflow/dags/1.py","logger":"airflow.dag_processing.dagbag.BundleDagBag","filename":"dagbag.py","lineno":460}
{"timestamp":"2026-09-06T16:36:20.541666Z","level":"info","event":"Filling up the DagBag from /opt/airflow/dags/1.py","logger":"airflow.dag_processing.dagbag.BundleDagBag","filename":"dagbag.py","lineno":460}
{"timestamp":"2026-09-06T16:36:51.115271Z","level":"info","event":"Filling up the DagBag from /opt/airflow/dags/1.py","logger":"airflow.dag_processing.dagbag.BundleDagBag","filename":"dagbag.py","lineno":460}
{"timestamp":"2026-09-06T16:37:21.660196Z","level":"info","event":"Filling up the DagBag from /opt/airflow/dags/1.py","logger":"airflow.dag_processing.dagbag.BundleDagBag","filename":"dagbag.py","lineno":460}
{"timestamp":"2026-09-06T16:37:52.213502Z","level":"info","event":"Filling up the DagBag from /opt/airflow/dags/1.py","logger":"airflow.dag_processing.dagbag.BundleDagBag","filename":"dagbag.py","lineno":460}
{"timestamp":"2026-09-06T16:38:22.744958Z","level":"info","event":"Filling up the DagBag from /opt/airflow/dags/1.py","logger":"airflow.dag_processing.dagbag.BundleDagBag","filename":"dagbag.py","lineno":460}
{"timestamp":"2026-09-06T16:38:53.287751Z","level":"info","event":"Filling up the DagBag from /opt/airflow/dags/1.py","logger":"airflow.dag_processing.dagbag.BundleDagBag","filename":"dagbag.py","lineno":460}
{"timestamp":"2026-09-06T16:39:23.851392Z","level":"info","event":"Filling up the DagBag from /opt/airflow/dags/1.py","logger":"airflow.dag_processing.dagbag.BundleDagBag","filename":"dagbag.py","lineno":460}
{"timestamp":"2026-09-06T16:39:25.996396Z","level":"info","event":"Filling up the DagBag from /opt/airflow/dags/1.py","logger":"airflow.dag_processing.dagbag.BundleDagBag","filename":"dagbag.py","lineno":460}
{"timestamp":"2026-09-06T16:39:56.609106Z","level":"info","event":"Filling up the DagBag from /opt/airflow/dags/1.py","logger":"airflow.dag_processing.dagbag.BundleDagBag","filename":"dagbag.py","lineno":460}
{"timestamp":"2026-09-06T16:40:27.239758Z","level":"info","event":"Filling up the DagBag from /opt/airflow/dags/1.py","logger":"airflow.dag_processing.dagbag.BundleDagBag","filename":"dagbag.py","lineno":460}
{"timestamp":"2026-09-06T16:40:57.792070Z","level":"info","event":"Filling up the DagBag from /opt/airflow/dags/1.py","logger":"airflow.dag_processing.dagbag.BundleDagBag","filename":"dagbag.py","lineno":460}
{"timestamp":"2026-09-06T16:41:12.056051Z","level":"info","event":"Filling up the DagBag from /opt/airflow/dags/1.py","logger":"airflow.dag_processing.dagbag.BundleDagBag","filename":"dagbag.py","lineno":460}
{"timestamp":"2026-09-06T16:41:21.410597Z","level":"info","event":"Filling up the DagBag from /opt/airflow/dags/1.py","logger":"airflow.dag_processing.dagbag.BundleDagBag","filename":"dagbag.py","lineno":460}
{"timestamp":"2026-09-06T16:41:51.979760Z","level":"info","event":"Filling up the DagBag from /opt/airflow/dags/1.py","logger":"airflow.dag_processing.dagbag.BundleDagBag","filename":"dagbag.py","lineno":460}
{"timestamp":"2026-09-06T16:42:22.516468Z","level":"info","event":"Filling up the DagBag from /opt/airflow/dags/1.py","logger":"airflow.dag_processing.dagbag.BundleDagBag","filename":"dagbag.py","lineno":460}
{"timestamp":"2026-09-06T16:42:27.679782Z","level":"info","event":"Filling up the DagBag from /opt/airflow/dags/1.py","logger":"airflow.dag_processing.dagbag.BundleDagBag","filename":"dagbag.py","lineno":460}
{"timestamp":"2026-09-06T16:42:58.238106Z","level":"info","event":"Filling up the DagBag from /opt/airflow/dags/1.py","logger":"airflow.dag_processing.dagbag.BundleDagBag","filename":"dagbag.py","lineno":460}
{"timestamp":"2026-09-06T16:43:28.754977Z","level":"info","event":"Filling up the DagBag from /opt/airflow/dags/1.py","logger":"airflow.dag_processing.dagbag.BundleDagBag","filename":"dagbag.py","lineno":460}
{"timestamp":"2026-09-06T16:43:59.308392Z","level":"info","event":"Filling up the DagBag from /opt/airflow/dags/1.py","logger":"airflow.dag_processing.dagbag.BundleDagBag","filename":"dagbag.py","lineno":460}
{"timestamp":"2026-09-06T16:44:29.857761Z","level":"info","event":"Filling up the DagBag from /opt/airflow/dags/1.py","logger":"airflow.dag_processing.dagbag.BundleDagBag","filename":"dagbag.py","lineno":460}
{"timestamp":"2026-09-06T16:45:00.428623Z","level":"info","event":"Filling up the DagBag from /opt/airflow/dags/1.py","logger":"airflow.dag_processing.dagbag.BundleDagBag","filename":"dagbag.py","lineno":460}
{"timestamp":"2026-09-06T16:45:30.968245Z","level":"info","event":"Filling up the DagBag from /opt/airflow/dags/1.py","logger":"airflow.dag_processing.dagbag.BundleDagBag","filename":"dagbag.py","lineno":460}
{"timestamp":"2026-09-06T16:46:01.533443Z","level":"info","event":"Filling up the DagBag from /opt/airflow/dags/1.py","logger":"airflow.dag_processing.dagbag.BundleDagBag","filename":"dagbag.py","lineno":460}
{"timestamp":"2026-09-06T16:46:32.048985Z","level":"info","event":"Filling up the DagBag from /opt/airflow/dags/1.py","logger":"airflow.dag_processing.dagbag.BundleDagBag","filename":"dagbag.py","lineno":460}
{"timestamp":"2026-09-06T16:47:02.533392Z","level":"info","event":"Filling up the DagBag from /opt/airflow/dags/1.py","logger":"airflow.dag_processing.dagbag.BundleDagBag","filename":"dagbag.py","lineno":460}
{"timestamp":"2026-09-06T16:47:33.037678Z","level":"info","event":"Filling up the DagBag from /opt/airflow/dags/1.py","logger":"airflow.dag_processing.dagbag.BundleDagBag","filename":"dagbag.py","lineno":460}
{"timestamp":"2026-09-06T16:48:03.568662Z","level":"info","event":"Filling up the DagBag from /opt/airflow/dags/1.py","logger":"airflow.dag_processing.dagbag.BundleDagBag","filename":"dagbag.py","lineno":460}
{"timestamp":"2026-09-06T16:48:34.086384Z","level":"info","event":"Filling up the DagBag from /opt/airflow/dags/1.py","logger":"airflow.dag_processing.dagbag.BundleDagBag","filename":"dagbag.py","lineno":460}
{"timestamp":"2026-09-06T16:49:04.575844Z","level":"info","event":"Filling up the DagBag from /opt/airflow/dags/1.py","logger":"airflow.dag_processing.dagbag.BundleDagBag","filename":"dagbag.py","lineno":460}
{"timestamp":"2026-09-06T16:49:35.078828Z","level":"info","event":"Filling up the DagBag from /opt/airflow/dags/1.py","logger":"airflow.dag_processing.dagbag.BundleDagBag","filename":"dagbag.py","lineno":460}
{"timestamp":"2026-09-06T16:50:05.633423Z","level":"info","event":"Filling up the DagBag from /opt/airflow/dags/1.py","logger":"airflow.dag_processing.dagbag.BundleDagBag","filename":"dagbag.py","lineno":460}
{"timestamp":"2026-09-06T16:50:36.165136Z","level":"info","event":"Filling up the DagBag from /opt/airflow/dags/1.py","logger":"airflow.dag_processing.dagbag.BundleDagBag","filename":"dagbag.py","lineno":460}
{"timestamp":"2026-09-06T16:50:41.343995Z","level":"info","event":"Filling up the DagBag from /opt/airflow/dags/1.py","logger":"airflow.dag_processing.dagbag.BundleDagBag","filename":"dagbag.py","lineno":460}
{"timestamp":"2026-09-06T16:51:11.897473Z","level":"info","event":"Filling up the DagBag from /opt/airflow/dags/1.py","logger":"airflow.dag_processing.dagbag.BundleDagBag","filename":"dagbag.py","lineno":460}
{"timestamp":"2026-09-06T16:51:42.431540Z","level":"info","event":"Filling up the DagBag from /opt/airflow/dags/1.py","logger":"airflow.dag_processing.dagbag.BundleDagBag","filename":"dagbag.py","lineno":460}
{"timestamp":"2026-09-06T16:52:12.969309Z","level":"info","event":"Filling up the DagBag from /opt/airflow/dags/1.py","logger":"airflow.dag_processing.dagbag.BundleDagBag","filename":"dagbag.py","lineno":460}
{"timestamp":"2026-09-06T16:52:43.545779Z","level":"info","event":"Filling up the DagBag from /opt/airflow/dags/1.py","logger":"airflow.dag_processing.dagbag.BundleDagBag","filename":"dagbag.py","lineno":460}
{"timestamp":"2026-09-06T16:53:14.099660Z","level":"info","event":"Filling up the DagBag from /opt/airflow/dags/1.py","logger":"airflow.dag_processing.dagbag.BundleDagBag","filename":"dagbag.py","lineno":460}
{"timestamp":"2026-09-06T16:53:44.661854Z","level":"info","event":"Filling up the DagBag from /opt/airflow/dags/1.py","logger":"airflow.dag_processing.dagbag.BundleDagBag","filename":"dagbag.py","lineno":460}
{"timestamp":"2026-09-06T16:53:56.909383Z","level":"info","event":"Filling up the DagBag from /opt/airflow/dags/1.py","logger":"airflow.dag_processing.dagbag.BundleDagBag","filename":"dagbag.py","lineno":460}
{"timestamp":"2026-09-06T16:53:56.929505Z","level":"error","event":"Failed to import: /opt/airflow/dags/1.py","logger":"airflow.dag_processing.importers.python_importer","filename":"python_importer.py","lineno":244,"error_detail":[{"exc_type":"SyntaxError","exc_value":"invalid syntax. Perhaps you forgot a comma? (1.py, line 5)","exc_notes":[],"syntax_error":{"offset":12,"filename":"/opt/airflow/dags/1.py","line":"    dag_id=\"dag_1\"  \n","lineno":5,"msg":"invalid syntax. Perhaps you forgot a comma?"},"is_cause":false,"frames":[{"filename":"/home/airflow/.local/lib/python3.13/site-packages/airflow/dag_processing/importers/python_importer.py","lineno":238,"name":"parse"},{"filename":"<frozen importlib._bootstrap_external>","lineno":1019,"name":"exec_module"},{"filename":"<frozen importlib._bootstrap_external>","lineno":1157,"name":"get_code"},{"filename":"<frozen importlib._bootstrap_external>","lineno":1087,"name":"source_to_code"},{"filename":"<frozen importlib._bootstrap>","lineno":488,"name":"_call_with_frames_removed"}],"is_group":false,"exceptions":[]}]}
{"timestamp":"2026-09-06T16:53:56.931611Z","level":"error","event":"Error loading DAG from 1.py: invalid syntax. Perhaps you forgot a comma? (1.py, line 5)","logger":"airflow.dag_processing.dagbag.BundleDagBag","filename":"dagbag.py","lineno":319}
{"timestamp":"2026-09-06T16:54:27.425041Z","level":"info","event":"Filling up the DagBag from /opt/airflow/dags/1.py","logger":"airflow.dag_processing.dagbag.BundleDagBag","filename":"dagbag.py","lineno":460}
{"timestamp":"2026-09-06T16:54:27.445139Z","level":"error","event":"Failed to import: /opt/airflow/dags/1.py","logger":"airflow.dag_processing.importers.python_importer","filename":"python_importer.py","lineno":244,"error_detail":[{"exc_type":"SyntaxError","exc_value":"invalid syntax. Perhaps you forgot a comma? (1.py, line 5)","exc_notes":[],"syntax_error":{"offset":12,"filename":"/opt/airflow/dags/1.py","line":"    dag_id=\"dag_1\"  \n","lineno":5,"msg":"invalid syntax. Perhaps you forgot a comma?"},"is_cause":false,"frames":[{"filename":"/home/airflow/.local/lib/python3.13/site-packages/airflow/dag_processing/importers/python_importer.py","lineno":238,"name":"parse"},{"filename":"<frozen importlib._bootstrap_external>","lineno":1019,"name":"exec_module"},{"filename":"<frozen importlib._bootstrap_external>","lineno":1157,"name":"get_code"},{"filename":"<frozen importlib._bootstrap_external>","lineno":1087,"name":"source_to_code"},{"filename":"<frozen importlib._bootstrap>","lineno":488,"name":"_call_with_frames_removed"}],"is_group":false,"exceptions":[]}]}
{"timestamp":"2026-09-06T16:54:27.446302Z","level":"error","event":"Error loading DAG from 1.py: invalid syntax. Perhaps you forgot a comma? (1.py, line 5)","logger":"airflow.dag_processing.dagbag.BundleDagBag","filename":"dagbag.py","lineno":319}
{"timestamp":"2026-09-06T16:54:46.807638Z","level":"info","event":"Filling up the DagBag from /opt/airflow/dags/1.py","logger":"airflow.dag_processing.dagbag.BundleDagBag","filename":"dagbag.py","lineno":460}
{"timestamp":"2026-09-06T16:54:46.823027Z","level":"error","event":"Failed to import: /opt/airflow/dags/1.py","logger":"airflow.dag_processing.importers.python_importer","filename":"python_importer.py","lineno":244,"error_detail":[{"exc_type":"SyntaxError","exc_value":"invalid syntax (1.py, line 2)","exc_notes":[],"syntax_error":{"offset":17,"filename":"/opt/airflow/dags/1.py","line":"import pendulum import datetime\n","lineno":2,"msg":"invalid syntax"},"is_cause":false,"frames":[{"filename":"/home/airflow/.local/lib/python3.13/site-packages/airflow/dag_processing/importers/python_importer.py","lineno":238,"name":"parse"},{"filename":"<frozen importlib._bootstrap_external>","lineno":1019,"name":"exec_module"},{"filename":"<frozen importlib._bootstrap_external>","lineno":1157,"name":"get_code"},{"filename":"<frozen importlib._bootstrap_external>","lineno":1087,"name":"source_to_code"},{"filename":"<frozen importlib._bootstrap>","lineno":488,"name":"_call_with_frames_removed"}],"is_group":false,"exceptions":[]}]}
{"timestamp":"2026-09-06T16:54:46.824036Z","level":"error","event":"Error loading DAG from 1.py: invalid syntax (1.py, line 2)","logger":"airflow.dag_processing.dagbag.BundleDagBag","filename":"dagbag.py","lineno":319}
{"timestamp":"2026-09-06T16:54:53.961638Z","level":"info","event":"Filling up the DagBag from /opt/airflow/dags/1.py","logger":"airflow.dag_processing.dagbag.BundleDagBag","filename":"dagbag.py","lineno":460}
{"timestamp":"2026-09-06T16:55:24.513367Z","level":"info","event":"Filling up the DagBag from /opt/airflow/dags/1.py","logger":"airflow.dag_processing.dagbag.BundleDagBag","filename":"dagbag.py","lineno":460}
{"timestamp":"2026-09-06T16:55:55.008888Z","level":"info","event":"Filling up the DagBag from /opt/airflow/dags/1.py","logger":"airflow.dag_processing.dagbag.BundleDagBag","filename":"dagbag.py","lineno":460}
{"timestamp":"2026-09-06T16:56:07.383637Z","level":"info","event":"Filling up the DagBag from /opt/airflow/dags/1.py","logger":"airflow.dag_processing.dagbag.BundleDagBag","filename":"dagbag.py","lineno":460}
{"timestamp":"2026-09-06T16:56:37.938275Z","level":"info","event":"Filling up the DagBag from /opt/airflow/dags/1.py","logger":"airflow.dag_processing.dagbag.BundleDagBag","filename":"dagbag.py","lineno":460}
{"timestamp":"2026-09-06T16:57:08.505598Z","level":"info","event":"Filling up the DagBag from /opt/airflow/dags/1.py","logger":"airflow.dag_processing.dagbag.BundleDagBag","filename":"dagbag.py","lineno":460}
{"timestamp":"2026-09-06T16:57:39.050914Z","level":"info","event":"Filling up the DagBag from /opt/airflow/dags/1.py","logger":"airflow.dag_processing.dagbag.BundleDagBag","filename":"dagbag.py","lineno":460}
{"timestamp":"2026-09-06T16:57:51.289578Z","level":"info","event":"Filling up the DagBag from /opt/airflow/dags/1.py","logger":"airflow.dag_processing.dagbag.BundleDagBag","filename":"dagbag.py","lineno":460}
{"timestamp":"2026-09-06T16:58:21.834962Z","level":"info","event":"Filling up the DagBag from /opt/airflow/dags/1.py","logger":"airflow.dag_processing.dagbag.BundleDagBag","filename":"dagbag.py","lineno":460}
{"timestamp":"2026-09-06T16:58:52.357027Z","level":"info","event":"Filling up the DagBag from /opt/airflow/dags/1.py","logger":"airflow.dag_processing.dagbag.BundleDagBag","filename":"dagbag.py","lineno":460}
{"timestamp":"2026-09-06T16:59:22.877688Z","level":"info","event":"Filling up the DagBag from /opt/airflow/dags/1.py","logger":"airflow.dag_processing.dagbag.BundleDagBag","filename":"dagbag.py","lineno":460}
{"timestamp":"2026-09-06T16:59:53.408688Z","level":"info","event":"Filling up the DagBag from /opt/airflow/dags/1.py","logger":"airflow.dag_processing.dagbag.BundleDagBag","filename":"dagbag.py","lineno":460}
{"timestamp":"2026-09-06T17:00:24.000541Z","level":"info","event":"Filling up the DagBag from /opt/airflow/dags/1.py","logger":"airflow.dag_processing.dagbag.BundleDagBag","filename":"dagbag.py","lineno":460}
{"timestamp":"2026-09-06T17:00:54.528373Z","level":"info","event":"Filling up the DagBag from /opt/airflow/dags/1.py","logger":"airflow.dag_processing.dagbag.BundleDagBag","filename":"dagbag.py","lineno":460}
{"timestamp":"2026-09-06T17:01:25.091129Z","level":"info","event":"Filling up the DagBag from /opt/airflow/dags/1.py","logger":"airflow.dag_processing.dagbag.BundleDagBag","filename":"dagbag.py","lineno":460}
{"timestamp":"2026-09-06T17:01:55.644247Z","level":"info","event":"Filling up the DagBag from /opt/airflow/dags/1.py","logger":"airflow.dag_processing.dagbag.BundleDagBag","filename":"dagbag.py","lineno":460}
{"timestamp":"2026-09-06T17:02:26.186145Z","level":"info","event":"Filling up the DagBag from /opt/airflow/dags/1.py","logger":"airflow.dag_processing.dagbag.BundleDagBag","filename":"dagbag.py","lineno":460}
{"timestamp":"2026-09-06T17:02:56.730500Z","level":"info","event":"Filling up the DagBag from /opt/airflow/dags/1.py","logger":"airflow.dag_processing.dagbag.BundleDagBag","filename":"dagbag.py","lineno":460}
{"timestamp":"2026-09-06T17:03:27.264131Z","level":"info","event":"Filling up the DagBag from /opt/airflow/dags/1.py","logger":"airflow.dag_processing.dagbag.BundleDagBag","filename":"dagbag.py","lineno":460}
{"timestamp":"2026-09-06T17:03:57.819250Z","level":"info","event":"Filling up the DagBag from /opt/airflow/dags/1.py","logger":"airflow.dag_processing.dagbag.BundleDagBag","filename":"dagbag.py","lineno":460}
{"timestamp":"2026-09-06T17:04:28.377662Z","level":"info","event":"Filling up the DagBag from /opt/airflow/dags/1.py","logger":"airflow.dag_processing.dagbag.BundleDagBag","filename":"dagbag.py","lineno":460}
{"timestamp":"2026-09-06T17:04:58.931366Z","level":"info","event":"Filling up the DagBag from /opt/airflow/dags/1.py","logger":"airflow.dag_processing.dagbag.BundleDagBag","filename":"dagbag.py","lineno":460}
{"timestamp":"2026-09-06T17:05:20.385336Z","level":"info","event":"Filling up the DagBag from /opt/airflow/dags/1.py","logger":"airflow.dag_processing.dagbag.BundleDagBag","filename":"dagbag.py","lineno":460}
{"timestamp":"2026-09-06T17:05:20.443548Z","level":"error","event":"Failed to import: /opt/airflow/dags/1.py","logger":"airflow.dag_processing.importers.python_importer","filename":"python_importer.py","lineno":244,"error_detail":[{"exc_type":"TypeError","exc_value":"CronTriggerTimetable.__init__() missing 1 required keyword-only argument: 'timezone'","exc_notes":[],"syntax_error":null,"is_cause":false,"frames":[{"filename":"/home/airflow/.local/lib/python3.13/site-packages/airflow/dag_processing/importers/python_importer.py","lineno":238,"name":"parse"},{"filename":"<frozen importlib._bootstrap_external>","lineno":1023,"name":"exec_module"},{"filename":"<frozen importlib._bootstrap>","lineno":488,"name":"_call_with_frames_removed"},{"filename":"/opt/airflow/dags/1.py","lineno":10,"name":"<module>"}],"is_group":false,"exceptions":[]}]}
{"timestamp":"2026-09-06T17:05:20.449043Z","level":"error","event":"Error loading DAG from 1.py: CronTriggerTimetable.__init__() missing 1 required keyword-only argument: 'timezone'","logger":"airflow.dag_processing.dagbag.BundleDagBag","filename":"dagbag.py","lineno":319}
{"timestamp":"2026-09-06T17:05:50.938067Z","level":"info","event":"Filling up the DagBag from /opt/airflow/dags/1.py","logger":"airflow.dag_processing.dagbag.BundleDagBag","filename":"dagbag.py","lineno":460}
{"timestamp":"2026-09-06T17:05:50.975695Z","level":"error","event":"Failed to import: /opt/airflow/dags/1.py","logger":"airflow.dag_processing.importers.python_importer","filename":"python_importer.py","lineno":244,"error_detail":[{"exc_type":"TypeError","exc_value":"CronTriggerTimetable.__init__() missing 1 required keyword-only argument: 'timezone'","exc_notes":[],"syntax_error":null,"is_cause":false,"frames":[{"filename":"/home/airflow/.local/lib/python3.13/site-packages/airflow/dag_processing/importers/python_importer.py","lineno":238,"name":"parse"},{"filename":"<frozen importlib._bootstrap_external>","lineno":1023,"name":"exec_module"},{"filename":"<frozen importlib._bootstrap>","lineno":488,"name":"_call_with_frames_removed"},{"filename":"/opt/airflow/dags/1.py","lineno":10,"name":"<module>"}],"is_group":false,"exceptions":[]}]}
{"timestamp":"2026-09-06T17:05:50.981173Z","level":"error","event":"Error loading DAG from 1.py: CronTriggerTimetable.__init__() missing 1 required keyword-only argument: 'timezone'","logger":"airflow.dag_processing.dagbag.BundleDagBag","filename":"dagbag.py","lineno":319}
{"timestamp":"2026-09-06T17:06:04.277596Z","level":"info","event":"Filling up the DagBag from /opt/airflow/dags/1.py","logger":"airflow.dag_processing.dagbag.BundleDagBag","filename":"dagbag.py","lineno":460}
{"timestamp":"2026-09-06T17:06:34.831408Z","level":"info","event":"Filling up the DagBag from /opt/airflow/dags/1.py","logger":"airflow.dag_processing.dagbag.BundleDagBag","filename":"dagbag.py","lineno":460}
{"timestamp":"2026-09-06T17:06:37.993809Z","level":"info","event":"Filling up the DagBag from /opt/airflow/dags/1.py","logger":"airflow.dag_processing.dagbag.BundleDagBag","filename":"dagbag.py","lineno":460}
{"timestamp":"2026-09-06T17:07:08.568120Z","level":"info","event":"Filling up the DagBag from /opt/airflow/dags/1.py","logger":"airflow.dag_processing.dagbag.BundleDagBag","filename":"dagbag.py","lineno":460}
{"timestamp":"2026-09-06T17:07:39.114716Z","level":"info","event":"Filling up the DagBag from /opt/airflow/dags/1.py","logger":"airflow.dag_processing.dagbag.BundleDagBag","filename":"dagbag.py","lineno":460}
{"timestamp":"2026-09-06T17:08:09.655668Z","level":"info","event":"Filling up the DagBag from /opt/airflow/dags/1.py","logger":"airflow.dag_processing.dagbag.BundleDagBag","filename":"dagbag.py","lineno":460}
{"timestamp":"2026-09-06T17:08:40.216663Z","level":"info","event":"Filling up the DagBag from /opt/airflow/dags/1.py","logger":"airflow.dag_processing.dagbag.BundleDagBag","filename":"dagbag.py","lineno":460}
{"timestamp":"2026-09-06T17:09:09.752844Z","level":"info","event":"Filling up the DagBag from /opt/airflow/dags/1.py","logger":"airflow.dag_processing.dagbag.BundleDagBag","filename":"dagbag.py","lineno":460}
{"timestamp":"2026-09-06T17:09:40.293966Z","level":"info","event":"Filling up the DagBag from /opt/airflow/dags/1.py","logger":"airflow.dag_processing.dagbag.BundleDagBag","filename":"dagbag.py","lineno":460}
{"timestamp":"2026-09-06T17:10:10.834249Z","level":"info","event":"Filling up the DagBag from /opt/airflow/dags/1.py","logger":"airflow.dag_processing.dagbag.BundleDagBag","filename":"dagbag.py","lineno":460}
{"timestamp":"2026-09-06T17:10:41.407664Z","level":"info","event":"Filling up the DagBag from /opt/airflow/dags/1.py","logger":"airflow.dag_processing.dagbag.BundleDagBag","filename":"dagbag.py","lineno":460}
{"timestamp":"2026-09-06T17:11:11.958870Z","level":"info","event":"Filling up the DagBag from /opt/airflow/dags/1.py","logger":"airflow.dag_processing.dagbag.BundleDagBag","filename":"dagbag.py","lineno":460}
{"timestamp":"2026-09-06T17:11:42.492947Z","level":"info","event":"Filling up the DagBag from /opt/airflow/dags/1.py","logger":"airflow.dag_processing.dagbag.BundleDagBag","filename":"dagbag.py","lineno":460}
{"timestamp":"2026-09-06T17:12:13.028437Z","level":"info","event":"Filling up the DagBag from /opt/airflow/dags/1.py","logger":"airflow.dag_processing.dagbag.BundleDagBag","filename":"dagbag.py","lineno":460}
{"timestamp":"2026-09-06T17:12:43.563228Z","level":"info","event":"Filling up the DagBag from /opt/airflow/dags/1.py","logger":"airflow.dag_processing.dagbag.BundleDagBag","filename":"dagbag.py","lineno":460}
{"timestamp":"2026-09-06T17:13:14.153682Z","level":"info","event":"Filling up the DagBag from /opt/airflow/dags/1.py","logger":"airflow.dag_processing.dagbag.BundleDagBag","filename":"dagbag.py","lineno":460}
{"timestamp":"2026-09-06T17:13:15.300469Z","level":"info","event":"Filling up the DagBag from /opt/airflow/dags/1.py","logger":"airflow.dag_processing.dagbag.BundleDagBag","filename":"dagbag.py","lineno":460}
{"timestamp":"2026-09-06T17:13:15.356453Z","level":"error","event":"Failed to import: /opt/airflow/dags/1.py","logger":"airflow.dag_processing.importers.python_importer","filename":"python_importer.py","lineno":244,"error_detail":[{"exc_type":"TypeError","exc_value":"DeltaTriggerTimetable.__init__() got an unexpected keyword argument 'timezone'","exc_notes":[],"syntax_error":null,"is_cause":false,"frames":[{"filename":"/home/airflow/.local/lib/python3.13/site-packages/airflow/dag_processing/importers/python_importer.py","lineno":238,"name":"parse"},{"filename":"<frozen importlib._bootstrap_external>","lineno":1023,"name":"exec_module"},{"filename":"<frozen importlib._bootstrap>","lineno":488,"name":"_call_with_frames_removed"},{"filename":"/opt/airflow/dags/1.py","lineno":10,"name":"<module>"}],"is_group":false,"exceptions":[]}]}
{"timestamp":"2026-09-06T17:13:15.361950Z","level":"error","event":"Error loading DAG from 1.py: DeltaTriggerTimetable.__init__() got an unexpected keyword argument 'timezone'","logger":"airflow.dag_processing.dagbag.BundleDagBag","filename":"dagbag.py","lineno":319}
{"timestamp":"2026-09-06T17:13:45.855213Z","level":"info","event":"Filling up the DagBag from /opt/airflow/dags/1.py","logger":"airflow.dag_processing.dagbag.BundleDagBag","filename":"dagbag.py","lineno":460}
{"timestamp":"2026-09-06T17:13:45.895894Z","level":"error","event":"Failed to import: /opt/airflow/dags/1.py","logger":"airflow.dag_processing.importers.python_importer","filename":"python_importer.py","lineno":244,"error_detail":[{"exc_type":"TypeError","exc_value":"DeltaTriggerTimetable.__init__() got an unexpected keyword argument 'timezone'","exc_notes":[],"syntax_error":null,"is_cause":false,"frames":[{"filename":"/home/airflow/.local/lib/python3.13/site-packages/airflow/dag_processing/importers/python_importer.py","lineno":238,"name":"parse"},{"filename":"<frozen importlib._bootstrap_external>","lineno":1023,"name":"exec_module"},{"filename":"<frozen importlib._bootstrap>","lineno":488,"name":"_call_with_frames_removed"},{"filename":"/opt/airflow/dags/1.py","lineno":10,"name":"<module>"}],"is_group":false,"exceptions":[]}]}
{"timestamp":"2026-09-06T17:13:45.901667Z","level":"error","event":"Error loading DAG from 1.py: DeltaTriggerTimetable.__init__() got an unexpected keyword argument 'timezone'","logger":"airflow.dag_processing.dagbag.BundleDagBag","filename":"dagbag.py","lineno":319}
{"timestamp":"2026-09-06T17:14:16.397066Z","level":"info","event":"Filling up the DagBag from /opt/airflow/dags/1.py","logger":"airflow.dag_processing.dagbag.BundleDagBag","filename":"dagbag.py","lineno":460}
{"timestamp":"2026-09-06T17:14:16.436565Z","level":"error","event":"Failed to import: /opt/airflow/dags/1.py","logger":"airflow.dag_processing.importers.python_importer","filename":"python_importer.py","lineno":244,"error_detail":[{"exc_type":"TypeError","exc_value":"DeltaTriggerTimetable.__init__() got an unexpected keyword argument 'timezone'","exc_notes":[],"syntax_error":null,"is_cause":false,"frames":[{"filename":"/home/airflow/.local/lib/python3.13/site-packages/airflow/dag_processing/importers/python_importer.py","lineno":238,"name":"parse"},{"filename":"<frozen importlib._bootstrap_external>","lineno":1023,"name":"exec_module"},{"filename":"<frozen importlib._bootstrap>","lineno":488,"name":"_call_with_frames_removed"},{"filename":"/opt/airflow/dags/1.py","lineno":10,"name":"<module>"}],"is_group":false,"exceptions":[]}]}
{"timestamp":"2026-09-06T17:14:16.441481Z","level":"error","event":"Error loading DAG from 1.py: DeltaTriggerTimetable.__init__() got an unexpected keyword argument 'timezone'","logger":"airflow.dag_processing.dagbag.BundleDagBag","filename":"dagbag.py","lineno":319}
{"timestamp":"2026-09-06T17:14:24.582256Z","level":"info","event":"Filling up the DagBag from /opt/airflow/dags/1.py","logger":"airflow.dag_processing.dagbag.BundleDagBag","filename":"dagbag.py","lineno":460}
{"timestamp":"2026-09-06T17:14:55.136044Z","level":"info","event":"Filling up the DagBag from /opt/airflow/dags/1.py","logger":"airflow.dag_processing.dagbag.BundleDagBag","filename":"dagbag.py","lineno":460}
{"timestamp":"2026-09-06T17:15:02.348291Z","level":"info","event":"Filling up the DagBag from /opt/airflow/dags/1.py","logger":"airflow.dag_processing.dagbag.BundleDagBag","filename":"dagbag.py","lineno":460}
{"timestamp":"2026-09-06T17:15:32.914620Z","level":"info","event":"Filling up the DagBag from /opt/airflow/dags/1.py","logger":"airflow.dag_processing.dagbag.BundleDagBag","filename":"dagbag.py","lineno":460}
{"timestamp":"2026-09-06T17:16:03.457244Z","level":"info","event":"Filling up the DagBag from /opt/airflow/dags/1.py","logger":"airflow.dag_processing.dagbag.BundleDagBag","filename":"dagbag.py","lineno":460}
{"timestamp":"2026-09-06T17:16:33.995891Z","level":"info","event":"Filling up the DagBag from /opt/airflow/dags/1.py","logger":"airflow.dag_processing.dagbag.BundleDagBag","filename":"dagbag.py","lineno":460}
{"timestamp":"2026-09-06T17:17:04.557670Z","level":"info","event":"Filling up the DagBag from /opt/airflow/dags/1.py","logger":"airflow.dag_processing.dagbag.BundleDagBag","filename":"dagbag.py","lineno":460}
{"timestamp":"2026-09-06T17:17:35.130188Z","level":"info","event":"Filling up the DagBag from /opt/airflow/dags/1.py","logger":"airflow.dag_processing.dagbag.BundleDagBag","filename":"dagbag.py","lineno":460}
{"timestamp":"2026-09-06T17:18:05.708183Z","level":"info","event":"Filling up the DagBag from /opt/airflow/dags/1.py","logger":"airflow.dag_processing.dagbag.BundleDagBag","filename":"dagbag.py","lineno":460}
{"timestamp":"2026-09-06T17:18:36.262782Z","level":"info","event":"Filling up the DagBag from /opt/airflow/dags/1.py","logger":"airflow.dag_processing.dagbag.BundleDagBag","filename":"dagbag.py","lineno":460}
{"timestamp":"2026-09-06T17:19:06.819099Z","level":"info","event":"Filling up the DagBag from /opt/airflow/dags/1.py","logger":"airflow.dag_processing.dagbag.BundleDagBag","filename":"dagbag.py","lineno":460}
{"timestamp":"2026-09-06T17:19:37.384489Z","level":"info","event":"Filling up the DagBag from /opt/airflow/dags/1.py","logger":"airflow.dag_processing.dagbag.BundleDagBag","filename":"dagbag.py","lineno":460}
{"timestamp":"2026-09-06T17:20:07.938350Z","level":"info","event":"Filling up the DagBag from /opt/airflow/dags/1.py","logger":"airflow.dag_processing.dagbag.BundleDagBag","filename":"dagbag.py","lineno":460}
{"timestamp":"2026-09-06T17:20:38.502386Z","level":"info","event":"Filling up the DagBag from /opt/airflow/dags/1.py","logger":"airflow.dag_processing.dagbag.BundleDagBag","filename":"dagbag.py","lineno":460}
{"timestamp":"2026-09-06T17:21:09.066185Z","level":"info","event":"Filling up the DagBag from /opt/airflow/dags/1.py","logger":"airflow.dag_processing.dagbag.BundleDagBag","filename":"dagbag.py","lineno":460}
{"timestamp":"2026-09-06T17:21:39.657491Z","level":"info","event":"Filling up the DagBag from /opt/airflow/dags/1.py","logger":"airflow.dag_processing.dagbag.BundleDagBag","filename":"dagbag.py","lineno":460}
{"timestamp":"2026-09-06T17:22:10.281174Z","level":"info","event":"Filling up the DagBag from /opt/airflow/dags/1.py","logger":"airflow.dag_processing.dagbag.BundleDagBag","filename":"dagbag.py","lineno":460}
{"timestamp":"2026-09-06T17:22:40.849582Z","level":"info","event":"Filling up the DagBag from /opt/airflow/dags/1.py","logger":"airflow.dag_processing.dagbag.BundleDagBag","filename":"dagbag.py","lineno":460}
{"timestamp":"2026-09-06T17:23:11.416147Z","level":"info","event":"Filling up the DagBag from /opt/airflow/dags/1.py","logger":"airflow.dag_processing.dagbag.BundleDagBag","filename":"dagbag.py","lineno":460}
{"timestamp":"2026-09-06T17:23:41.991702Z","level":"info","event":"Filling up the DagBag from /opt/airflow/dags/1.py","logger":"airflow.dag_processing.dagbag.BundleDagBag","filename":"dagbag.py","lineno":460}
{"timestamp":"2026-09-06T17:24:12.550090Z","level":"info","event":"Filling up the DagBag from /opt/airflow/dags/1.py","logger":"airflow.dag_processing.dagbag.BundleDagBag","filename":"dagbag.py","lineno":460}
{"timestamp":"2026-09-06T17:24:43.092411Z","level":"info","event":"Filling up the DagBag from /opt/airflow/dags/1.py","logger":"airflow.dag_processing.dagbag.BundleDagBag","filename":"dagbag.py","lineno":460}
{"timestamp":"2026-09-06T17:25:13.634933Z","level":"info","event":"Filling up the DagBag from /opt/airflow/dags/1.py","logger":"airflow.dag_processing.dagbag.BundleDagBag","filename":"dagbag.py","lineno":460}
{"timestamp":"2026-09-06T17:25:44.193647Z","level":"info","event":"Filling up the DagBag from /opt/airflow/dags/1.py","logger":"airflow.dag_processing.dagbag.BundleDagBag","filename":"dagbag.py","lineno":460}
{"timestamp":"2026-09-06T17:26:14.743323Z","level":"info","event":"Filling up the DagBag from /opt/airflow/dags/1.py","logger":"airflow.dag_processing.dagbag.BundleDagBag","filename":"dagbag.py","lineno":460}
{"timestamp":"2026-09-06T17:26:45.297583Z","level":"info","event":"Filling up the DagBag from /opt/airflow/dags/1.py","logger":"airflow.dag_processing.dagbag.BundleDagBag","filename":"dagbag.py","lineno":460}
{"timestamp":"2026-09-06T17:27:15.842757Z","level":"info","event":"Filling up the DagBag from /opt/airflow/dags/1.py","logger":"airflow.dag_processing.dagbag.BundleDagBag","filename":"dagbag.py","lineno":460}
{"timestamp":"2026-09-06T17:27:46.421430Z","level":"info","event":"Filling up the DagBag from /opt/airflow/dags/1.py","logger":"airflow.dag_processing.dagbag.BundleDagBag","filename":"dagbag.py","lineno":460}
{"timestamp":"2026-09-06T17:28:16.973460Z","level":"info","event":"Filling up the DagBag from /opt/airflow/dags/1.py","logger":"airflow.dag_processing.dagbag.BundleDagBag","filename":"dagbag.py","lineno":460}
{"timestamp":"2026-09-06T17:28:47.525012Z","level":"info","event":"Filling up the DagBag from /opt/airflow/dags/1.py","logger":"airflow.dag_processing.dagbag.BundleDagBag","filename":"dagbag.py","lineno":460}
{"timestamp":"2026-09-06T17:29:18.090940Z","level":"info","event":"Filling up the DagBag from /opt/airflow/dags/1.py","logger":"airflow.dag_processing.dagbag.BundleDagBag","filename":"dagbag.py","lineno":460}
{"timestamp":"2026-09-06T17:29:48.650092Z","level":"info","event":"Filling up the DagBag from /opt/airflow/dags/1.py","logger":"airflow.dag_processing.dagbag.BundleDagBag","filename":"dagbag.py","lineno":460}
{"timestamp":"2026-09-06T17:30:19.214868Z","level":"info","event":"Filling up the DagBag from /opt/airflow/dags/1.py","logger":"airflow.dag_processing.dagbag.BundleDagBag","filename":"dagbag.py","lineno":460}
{"timestamp":"2026-09-06T17:30:49.769364Z","level":"info","event":"Filling up the DagBag from /opt/airflow/dags/1.py","logger":"airflow.dag_processing.dagbag.BundleDagBag","filename":"dagbag.py","lineno":460}
{"timestamp":"2026-09-06T17:31:20.324064Z","level":"info","event":"Filling up the DagBag from /opt/airflow/dags/1.py","logger":"airflow.dag_processing.dagbag.BundleDagBag","filename":"dagbag.py","lineno":460}
{"timestamp":"2026-09-06T17:31:50.878186Z","level":"info","event":"Filling up the DagBag from /opt/airflow/dags/1.py","logger":"airflow.dag_processing.dagbag.BundleDagBag","filename":"dagbag.py","lineno":460}
{"timestamp":"2026-09-06T17:32:21.415064Z","level":"info","event":"Filling up the DagBag from /opt/airflow/dags/1.py","logger":"airflow.dag_processing.dagbag.BundleDagBag","filename":"dagbag.py","lineno":460}
{"timestamp":"2026-09-06T17:35:18.579869Z","level":"info","event":"Filling up the DagBag from /opt/airflow/dags/1.py","logger":"airflow.dag_processing.dagbag.BundleDagBag","filename":"dagbag.py","lineno":460}
{"timestamp":"2026-09-06T18:20:50.798610Z","level":"info","event":"Filling up the DagBag from /opt/airflow/dags/1.py","logger":"airflow.dag_processing.dagbag.BundleDagBag","filename":"dagbag.py","lineno":460}
{"timestamp":"2026-09-06T19:49:46.436660Z","level":"info","event":"Filling up the DagBag from /opt/airflow/dags/1.py","logger":"airflow.dag_processing.dagbag.BundleDagBag","filename":"dagbag.py","lineno":460}
