{"timestamp":"2026-09-28T17:09:25.537541Z","level":"info","event":"::group::Pre Execute","logger":"task","filename":"task_runner.py","lineno":2412}
{"timestamp":"2026-09-28T17:09:25.552548Z","level":"info","event":"DAG bundles loaded: dags-folder","dag_id":"data_pipeline","try_number":1,"run_id":"manual__2026-09-28T17:09:10.422093+00:00","ti_id":"01a0e8fd-eca5-775b-8923-cf3f61b709fe","task_id":"silver_load","map_index":-1,"logger":"airflow.dag_processing.bundles.manager.DagBundlesManager","filename":"manager.py","lineno":304}
{"timestamp":"2026-09-28T17:09:25.555108Z","level":"info","event":"Filling up the DagBag from /opt/airflow/dags/data_pipeline.py","dag_id":"data_pipeline","try_number":1,"run_id":"manual__2026-09-28T17:09:10.422093+00:00","ti_id":"01a0e8fd-eca5-775b-8923-cf3f61b709fe","task_id":"silver_load","map_index":-1,"logger":"airflow.dag_processing.dagbag.BundleDagBag","filename":"dagbag.py","lineno":460}
{"timestamp":"2026-09-28T17:09:25.974977Z","level":"info","event":"Worker startup parse complete","bundle_name":"dags-folder","bundle_version":null,"dag_file":"data_pipeline.py","dag_id":"data_pipeline","bundle_prepare_ms":3,"dag_file_parse_ms":420,"try_number":1,"run_id":"manual__2026-09-28T17:09:10.422093+00:00","ti_id":"01a0e8fd-eca5-775b-8923-cf3f61b709fe","task_id":"silver_load","map_index":-1,"logger":"task","filename":"task_runner.py","lineno":1073}
{"timestamp":"2026-09-28T17:09:25.997171Z","level":"info","event":"::endgroup::","dag_id":"data_pipeline","try_number":1,"run_id":"manual__2026-09-28T17:09:10.422093+00:00","ti_id":"01a0e8fd-eca5-775b-8923-cf3f61b709fe","task_id":"silver_load","map_index":-1,"logger":"task","filename":"task_runner.py","lineno":2232}
{"timestamp":"2026-09-28T17:09:26.137242Z","level":"info","event":"data before cleaning","logger":"task.stdout"}
{"timestamp":"2026-09-28T17:09:26.137807Z","level":"info","event":"            column               dtype  missing_count  missing_percentage  unique_values","logger":"task.stdout"}
{"timestamp":"2026-09-28T17:09:26.138239Z","level":"info","event":"    Transaction ID                 str              0            0.000000          12575","logger":"task.stdout"}
{"timestamp":"2026-09-28T17:09:26.138559Z","level":"info","event":"       Customer ID                 str              0            0.000000             25","logger":"task.stdout"}
{"timestamp":"2026-09-28T17:09:26.138828Z","level":"info","event":"          Category                 str              0            0.000000              8","logger":"task.stdout"}
{"timestamp":"2026-09-28T17:09:26.139085Z","level":"info","event":"              Item                 str           1213            9.646123            200","logger":"task.stdout"}
{"timestamp":"2026-09-28T17:09:26.139341Z","level":"info","event":"    Price Per Unit             float64            609            4.842942             25","logger":"task.stdout"}
{"timestamp":"2026-09-28T17:09:26.139700Z","level":"info","event":"          Quantity             float64            604            4.803181             10","logger":"task.stdout"}
{"timestamp":"2026-09-28T17:09:26.140115Z","level":"info","event":"       Total Spent             float64            604            4.803181            227","logger":"task.stdout"}
{"timestamp":"2026-09-28T17:09:26.140471Z","level":"info","event":"    Payment Method                 str              0            0.000000              3","logger":"task.stdout"}
{"timestamp":"2026-09-28T17:09:26.140778Z","level":"info","event":"          Location                 str              0            0.000000              2","logger":"task.stdout"}
{"timestamp":"2026-09-28T17:09:26.141067Z","level":"info","event":"  Transaction Date                 str              0            0.000000           1114","logger":"task.stdout"}
{"timestamp":"2026-09-28T17:09:26.141343Z","level":"info","event":"  Discount Applied              object           4199           33.391650              2","logger":"task.stdout"}
{"timestamp":"2026-09-28T17:09:26.141569Z","level":"info","event":"source_loaded_time datetime64[us, UTC]              0            0.000000              1","logger":"task.stdout"}
{"timestamp":"2026-09-28T17:09:26.141852Z","level":"info","event":"       loaded_time datetime64[us, UTC]              0            0.000000              1","logger":"task.stdout"}
{"timestamp":"2026-09-28T17:09:26.160127Z","level":"info","event":"11966","logger":"src.airflow.transformation.silver","dag_id":"data_pipeline","try_number":1,"run_id":"manual__2026-09-28T17:09:10.422093+00:00","ti_id":"01a0e8fd-eca5-775b-8923-cf3f61b709fe","task_id":"silver_load","map_index":-1,"filename":"silver.py","lineno":74}
{"timestamp":"2026-09-28T17:09:26.167925Z","level":"info","event":"data after cleaning","logger":"task.stdout"}
{"timestamp":"2026-09-28T17:09:26.168423Z","level":"info","event":"            column               dtype  missing_count  missing_percentage  unique_values","logger":"task.stdout"}
{"timestamp":"2026-09-28T17:09:26.168742Z","level":"info","event":"    Transaction ID                 str              0                 0.0          11966","logger":"task.stdout"}
{"timestamp":"2026-09-28T17:09:26.169122Z","level":"info","event":"       Customer ID                 str              0                 0.0             25","logger":"task.stdout"}
{"timestamp":"2026-09-28T17:09:26.169394Z","level":"info","event":"          Category                 str              0                 0.0              8","logger":"task.stdout"}
{"timestamp":"2026-09-28T17:09:26.169761Z","level":"info","event":"              Item                 str              0                 0.0            200","logger":"task.stdout"}
{"timestamp":"2026-09-28T17:09:26.170038Z","level":"info","event":"    Price Per Unit             float64              0                 0.0             25","logger":"task.stdout"}
{"timestamp":"2026-09-28T17:09:26.170337Z","level":"info","event":"          Quantity             float64              0                 0.0             10","logger":"task.stdout"}
{"timestamp":"2026-09-28T17:09:26.170599Z","level":"info","event":"       Total Spent             float64              0                 0.0            227","logger":"task.stdout"}
{"timestamp":"2026-09-28T17:09:26.170874Z","level":"info","event":"    Payment Method                 str              0                 0.0              3","logger":"task.stdout"}
{"timestamp":"2026-09-28T17:09:26.171146Z","level":"info","event":"          Location                 str              0                 0.0              2","logger":"task.stdout"}
{"timestamp":"2026-09-28T17:09:26.171408Z","level":"info","event":"  Transaction Date                 str              0                 0.0           1114","logger":"task.stdout"}
{"timestamp":"2026-09-28T17:09:26.171645Z","level":"info","event":"  Discount Applied              object              0                 0.0              2","logger":"task.stdout"}
{"timestamp":"2026-09-28T17:09:26.171920Z","level":"info","event":"source_loaded_time datetime64[us, UTC]              0                 0.0              1","logger":"task.stdout"}
{"timestamp":"2026-09-28T17:09:26.172187Z","level":"info","event":"       loaded_time datetime64[us, UTC]              0                 0.0              1","logger":"task.stdout"}
{"timestamp":"2026-09-28T17:09:26.168175Z","level":"info","event":"11966","logger":"src.airflow.transformation.silver","dag_id":"data_pipeline","try_number":1,"run_id":"manual__2026-09-28T17:09:10.422093+00:00","ti_id":"01a0e8fd-eca5-775b-8923-cf3f61b709fe","task_id":"silver_load","map_index":-1,"filename":"silver.py","lineno":46}
{"timestamp":"2026-09-28T17:09:37.665177Z","level":"info","event":"Done. Returned value was: None","dag_id":"data_pipeline","try_number":1,"run_id":"manual__2026-09-28T17:09:10.422093+00:00","ti_id":"01a0e8fd-eca5-775b-8923-cf3f61b709fe","task_id":"silver_load","map_index":-1,"logger":"airflow.task.operators.airflow.providers.standard.decorators.python._PythonDecoratedOperator","filename":"python.py","lineno":233}
{"timestamp":"2026-09-28T17:09:37.665410Z","level":"info","event":"::group::Post Execute","dag_id":"data_pipeline","try_number":1,"run_id":"manual__2026-09-28T17:09:10.422093+00:00","ti_id":"01a0e8fd-eca5-775b-8923-cf3f61b709fe","task_id":"silver_load","map_index":-1,"logger":"task","filename":"task_runner.py","lineno":1580}
{"timestamp":"2026-09-28T17:09:37.681799Z","level":"info","event":"::endgroup::","dag_id":"data_pipeline","try_number":1,"run_id":"manual__2026-09-28T17:09:10.422093+00:00","ti_id":"01a0e8fd-eca5-775b-8923-cf3f61b709fe","task_id":"silver_load","map_index":-1,"logger":"task","filename":"task_runner.py","lineno":2379}
