{"timestamp":"2026-09-28T17:52:23.801585Z","level":"info","event":"::group::Pre Execute","logger":"task","filename":"task_runner.py","lineno":2412}
{"timestamp":"2026-09-28T17:52:23.816211Z","level":"info","event":"DAG bundles loaded: dags-folder","dag_id":"data_pipeline","run_id":"manual__2026-09-28T17:52:10.712208+00:00","ti_id":"01a0e925-4be8-7dc7-92d3-6a85b16cc577","try_number":1,"map_index":-1,"task_id":"silver_load","logger":"airflow.dag_processing.bundles.manager.DagBundlesManager","filename":"manager.py","lineno":304}
{"timestamp":"2026-09-28T17:52:23.817791Z","level":"info","event":"Filling up the DagBag from /opt/airflow/dags/data_pipeline.py","dag_id":"data_pipeline","run_id":"manual__2026-09-28T17:52:10.712208+00:00","ti_id":"01a0e925-4be8-7dc7-92d3-6a85b16cc577","try_number":1,"map_index":-1,"task_id":"silver_load","logger":"airflow.dag_processing.dagbag.BundleDagBag","filename":"dagbag.py","lineno":460}
{"timestamp":"2026-09-28T17:52:24.158093Z","level":"info","event":"Worker startup parse complete","bundle_name":"dags-folder","bundle_version":null,"dag_file":"data_pipeline.py","dag_id":"data_pipeline","bundle_prepare_ms":2,"dag_file_parse_ms":340,"run_id":"manual__2026-09-28T17:52:10.712208+00:00","ti_id":"01a0e925-4be8-7dc7-92d3-6a85b16cc577","try_number":1,"map_index":-1,"task_id":"silver_load","logger":"task","filename":"task_runner.py","lineno":1073}
{"timestamp":"2026-09-28T17:52:24.174728Z","level":"info","event":"::endgroup::","dag_id":"data_pipeline","run_id":"manual__2026-09-28T17:52:10.712208+00:00","ti_id":"01a0e925-4be8-7dc7-92d3-6a85b16cc577","try_number":1,"map_index":-1,"task_id":"silver_load","logger":"task","filename":"task_runner.py","lineno":2232}
{"timestamp":"2026-09-28T17:52:24.309732Z","level":"info","event":"data before cleaning","logger":"task.stdout"}
{"timestamp":"2026-09-28T17:52:24.310302Z","level":"info","event":"            column               dtype  missing_count  missing_percentage  unique_values","logger":"task.stdout"}
{"timestamp":"2026-09-28T17:52:24.310678Z","level":"info","event":"    Transaction ID                 str              0            0.000000          12575","logger":"task.stdout"}
{"timestamp":"2026-09-28T17:52:24.311000Z","level":"info","event":"       Customer ID                 str              0            0.000000             25","logger":"task.stdout"}
{"timestamp":"2026-09-28T17:52:24.311270Z","level":"info","event":"          Category                 str              0            0.000000              8","logger":"task.stdout"}
{"timestamp":"2026-09-28T17:52:24.311517Z","level":"info","event":"              Item                 str           1213            9.646123            200","logger":"task.stdout"}
{"timestamp":"2026-09-28T17:52:24.311764Z","level":"info","event":"    Price Per Unit             float64            609            4.842942             25","logger":"task.stdout"}
{"timestamp":"2026-09-28T17:52:24.312078Z","level":"info","event":"          Quantity             float64            604            4.803181             10","logger":"task.stdout"}
{"timestamp":"2026-09-28T17:52:24.312393Z","level":"info","event":"       Total Spent             float64            604            4.803181            227","logger":"task.stdout"}
{"timestamp":"2026-09-28T17:52:24.312739Z","level":"info","event":"    Payment Method                 str              0            0.000000              3","logger":"task.stdout"}
{"timestamp":"2026-09-28T17:52:24.313048Z","level":"info","event":"          Location                 str              0            0.000000              2","logger":"task.stdout"}
{"timestamp":"2026-09-28T17:52:24.313315Z","level":"info","event":"  Transaction Date                 str              0            0.000000           1114","logger":"task.stdout"}
{"timestamp":"2026-09-28T17:52:24.313584Z","level":"info","event":"  Discount Applied              object           4199           33.391650              2","logger":"task.stdout"}
{"timestamp":"2026-09-28T17:52:24.313820Z","level":"info","event":"source_loaded_time datetime64[us, UTC]              0            0.000000              1","logger":"task.stdout"}
{"timestamp":"2026-09-28T17:52:24.314140Z","level":"info","event":"       loaded_time datetime64[us, UTC]              0            0.000000              1","logger":"task.stdout"}
{"timestamp":"2026-09-28T17:52:24.309810Z","level":"info","event":"12575","logger":"src.airflow.transformation.silver","dag_id":"data_pipeline","run_id":"manual__2026-09-28T17:52:10.712208+00:00","ti_id":"01a0e925-4be8-7dc7-92d3-6a85b16cc577","try_number":1,"map_index":-1,"task_id":"silver_load","filename":"silver.py","lineno":66}
{"timestamp":"2026-09-28T17:52:24.311637Z","level":"info","event":"12575","logger":"src.airflow.transformation.silver","dag_id":"data_pipeline","run_id":"manual__2026-09-28T17:52:10.712208+00:00","ti_id":"01a0e925-4be8-7dc7-92d3-6a85b16cc577","try_number":1,"map_index":-1,"task_id":"silver_load","filename":"silver.py","lineno":70}
{"timestamp":"2026-09-28T17:52:24.311743Z","level":"info","event":"12575","logger":"src.airflow.transformation.silver","dag_id":"data_pipeline","run_id":"manual__2026-09-28T17:52:10.712208+00:00","ti_id":"01a0e925-4be8-7dc7-92d3-6a85b16cc577","try_number":1,"map_index":-1,"task_id":"silver_load","filename":"silver.py","lineno":66}
{"timestamp":"2026-09-28T17:52:24.312892Z","level":"info","event":"12575","logger":"src.airflow.transformation.silver","dag_id":"data_pipeline","run_id":"manual__2026-09-28T17:52:10.712208+00:00","ti_id":"01a0e925-4be8-7dc7-92d3-6a85b16cc577","try_number":1,"map_index":-1,"task_id":"silver_load","filename":"silver.py","lineno":70}
{"timestamp":"2026-09-28T17:52:24.313006Z","level":"info","event":"12575","logger":"src.airflow.transformation.silver","dag_id":"data_pipeline","run_id":"manual__2026-09-28T17:52:10.712208+00:00","ti_id":"01a0e925-4be8-7dc7-92d3-6a85b16cc577","try_number":1,"map_index":-1,"task_id":"silver_load","filename":"silver.py","lineno":66}
{"timestamp":"2026-09-28T17:52:24.314185Z","level":"info","event":"12575","logger":"src.airflow.transformation.silver","dag_id":"data_pipeline","run_id":"manual__2026-09-28T17:52:10.712208+00:00","ti_id":"01a0e925-4be8-7dc7-92d3-6a85b16cc577","try_number":1,"map_index":-1,"task_id":"silver_load","filename":"silver.py","lineno":70}
{"timestamp":"2026-09-28T17:52:24.314275Z","level":"info","event":"12575","logger":"src.airflow.transformation.silver","dag_id":"data_pipeline","run_id":"manual__2026-09-28T17:52:10.712208+00:00","ti_id":"01a0e925-4be8-7dc7-92d3-6a85b16cc577","try_number":1,"map_index":-1,"task_id":"silver_load","filename":"silver.py","lineno":66}
{"timestamp":"2026-09-28T17:52:24.319702Z","level":"info","event":"12575","logger":"src.airflow.transformation.silver","dag_id":"data_pipeline","run_id":"manual__2026-09-28T17:52:10.712208+00:00","ti_id":"01a0e925-4be8-7dc7-92d3-6a85b16cc577","try_number":1,"map_index":-1,"task_id":"silver_load","filename":"silver.py","lineno":66}
{"timestamp":"2026-09-28T17:52:24.324745Z","level":"info","event":"11966","logger":"src.airflow.transformation.silver","dag_id":"data_pipeline","run_id":"manual__2026-09-28T17:52:10.712208+00:00","ti_id":"01a0e925-4be8-7dc7-92d3-6a85b16cc577","try_number":1,"map_index":-1,"task_id":"silver_load","filename":"silver.py","lineno":70}
{"timestamp":"2026-09-28T17:52:24.324941Z","level":"info","event":"11966","logger":"src.airflow.transformation.silver","dag_id":"data_pipeline","run_id":"manual__2026-09-28T17:52:10.712208+00:00","ti_id":"01a0e925-4be8-7dc7-92d3-6a85b16cc577","try_number":1,"map_index":-1,"task_id":"silver_load","filename":"silver.py","lineno":66}
{"timestamp":"2026-09-28T17:52:24.326283Z","level":"info","event":"11966","logger":"src.airflow.transformation.silver","dag_id":"data_pipeline","run_id":"manual__2026-09-28T17:52:10.712208+00:00","ti_id":"01a0e925-4be8-7dc7-92d3-6a85b16cc577","try_number":1,"map_index":-1,"task_id":"silver_load","filename":"silver.py","lineno":74}
{"timestamp":"2026-09-28T17:52:24.326452Z","level":"info","event":"11966","logger":"src.airflow.transformation.silver","dag_id":"data_pipeline","run_id":"manual__2026-09-28T17:52:10.712208+00:00","ti_id":"01a0e925-4be8-7dc7-92d3-6a85b16cc577","try_number":1,"map_index":-1,"task_id":"silver_load","filename":"silver.py","lineno":66}
{"timestamp":"2026-09-28T17:52:24.327264Z","level":"info","event":"11966","logger":"src.airflow.transformation.silver","dag_id":"data_pipeline","run_id":"manual__2026-09-28T17:52:10.712208+00:00","ti_id":"01a0e925-4be8-7dc7-92d3-6a85b16cc577","try_number":1,"map_index":-1,"task_id":"silver_load","filename":"silver.py","lineno":74}
{"timestamp":"2026-09-28T17:52:24.327395Z","level":"info","event":"11966","logger":"src.airflow.transformation.silver","dag_id":"data_pipeline","run_id":"manual__2026-09-28T17:52:10.712208+00:00","ti_id":"01a0e925-4be8-7dc7-92d3-6a85b16cc577","try_number":1,"map_index":-1,"task_id":"silver_load","filename":"silver.py","lineno":66}
{"timestamp":"2026-09-28T17:52:24.329228Z","level":"info","event":"11966","logger":"src.airflow.transformation.silver","dag_id":"data_pipeline","run_id":"manual__2026-09-28T17:52:10.712208+00:00","ti_id":"01a0e925-4be8-7dc7-92d3-6a85b16cc577","try_number":1,"map_index":-1,"task_id":"silver_load","filename":"silver.py","lineno":70}
{"timestamp":"2026-09-28T17:52:24.329392Z","level":"info","event":"11966","logger":"src.airflow.transformation.silver","dag_id":"data_pipeline","run_id":"manual__2026-09-28T17:52:10.712208+00:00","ti_id":"01a0e925-4be8-7dc7-92d3-6a85b16cc577","try_number":1,"map_index":-1,"task_id":"silver_load","filename":"silver.py","lineno":66}
{"timestamp":"2026-09-28T17:52:24.330601Z","level":"info","event":"11966","logger":"src.airflow.transformation.silver","dag_id":"data_pipeline","run_id":"manual__2026-09-28T17:52:10.712208+00:00","ti_id":"01a0e925-4be8-7dc7-92d3-6a85b16cc577","try_number":1,"map_index":-1,"task_id":"silver_load","filename":"silver.py","lineno":70}
{"timestamp":"2026-09-28T17:52:24.330745Z","level":"info","event":"11966","logger":"src.airflow.transformation.silver","dag_id":"data_pipeline","run_id":"manual__2026-09-28T17:52:10.712208+00:00","ti_id":"01a0e925-4be8-7dc7-92d3-6a85b16cc577","try_number":1,"map_index":-1,"task_id":"silver_load","filename":"silver.py","lineno":66}
{"timestamp":"2026-09-28T17:52:24.331961Z","level":"info","event":"11966","logger":"src.airflow.transformation.silver","dag_id":"data_pipeline","run_id":"manual__2026-09-28T17:52:10.712208+00:00","ti_id":"01a0e925-4be8-7dc7-92d3-6a85b16cc577","try_number":1,"map_index":-1,"task_id":"silver_load","filename":"silver.py","lineno":70}
{"timestamp":"2026-09-28T17:52:24.332086Z","level":"info","event":"11966","logger":"src.airflow.transformation.silver","dag_id":"data_pipeline","run_id":"manual__2026-09-28T17:52:10.712208+00:00","ti_id":"01a0e925-4be8-7dc7-92d3-6a85b16cc577","try_number":1,"map_index":-1,"task_id":"silver_load","filename":"silver.py","lineno":66}
{"timestamp":"2026-09-28T17:52:24.333533Z","level":"info","event":"11966","logger":"src.airflow.transformation.silver","dag_id":"data_pipeline","run_id":"manual__2026-09-28T17:52:10.712208+00:00","ti_id":"01a0e925-4be8-7dc7-92d3-6a85b16cc577","try_number":1,"map_index":-1,"task_id":"silver_load","filename":"silver.py","lineno":66}
{"timestamp":"2026-09-28T17:52:24.335004Z","level":"info","event":"11966","logger":"src.airflow.transformation.silver","dag_id":"data_pipeline","run_id":"manual__2026-09-28T17:52:10.712208+00:00","ti_id":"01a0e925-4be8-7dc7-92d3-6a85b16cc577","try_number":1,"map_index":-1,"task_id":"silver_load","filename":"silver.py","lineno":70}
{"timestamp":"2026-09-28T17:52:24.335140Z","level":"info","event":"11966","logger":"src.airflow.transformation.silver","dag_id":"data_pipeline","run_id":"manual__2026-09-28T17:52:10.712208+00:00","ti_id":"01a0e925-4be8-7dc7-92d3-6a85b16cc577","try_number":1,"map_index":-1,"task_id":"silver_load","filename":"silver.py","lineno":66}
{"timestamp":"2026-09-28T17:52:24.336209Z","level":"info","event":"11966","logger":"src.airflow.transformation.silver","dag_id":"data_pipeline","run_id":"manual__2026-09-28T17:52:10.712208+00:00","ti_id":"01a0e925-4be8-7dc7-92d3-6a85b16cc577","try_number":1,"map_index":-1,"task_id":"silver_load","filename":"silver.py","lineno":70}
{"timestamp":"2026-09-28T17:52:24.336325Z","level":"info","event":"11966","logger":"src.airflow.transformation.silver","dag_id":"data_pipeline","run_id":"manual__2026-09-28T17:52:10.712208+00:00","ti_id":"01a0e925-4be8-7dc7-92d3-6a85b16cc577","try_number":1,"map_index":-1,"task_id":"silver_load","filename":"silver.py","lineno":77}
{"timestamp":"2026-09-28T17:52:24.343443Z","level":"info","event":"data after cleaning","logger":"task.stdout"}
{"timestamp":"2026-09-28T17:52:24.343918Z","level":"info","event":"            column               dtype  missing_count  missing_percentage  unique_values","logger":"task.stdout"}
{"timestamp":"2026-09-28T17:52:24.344164Z","level":"info","event":"    Transaction ID                 str              0                 0.0          11966","logger":"task.stdout"}
{"timestamp":"2026-09-28T17:52:24.344388Z","level":"info","event":"       Customer ID                 str              0                 0.0             25","logger":"task.stdout"}
{"timestamp":"2026-09-28T17:52:24.344672Z","level":"info","event":"          Category                 str              0                 0.0              8","logger":"task.stdout"}
{"timestamp":"2026-09-28T17:52:24.344923Z","level":"info","event":"              Item                 str              0                 0.0            200","logger":"task.stdout"}
{"timestamp":"2026-09-28T17:52:24.345169Z","level":"info","event":"    Price Per Unit             float64              0                 0.0             25","logger":"task.stdout"}
{"timestamp":"2026-09-28T17:52:24.345415Z","level":"info","event":"          Quantity             float64              0                 0.0             10","logger":"task.stdout"}
{"timestamp":"2026-09-28T17:52:24.345671Z","level":"info","event":"       Total Spent             float64              0                 0.0            227","logger":"task.stdout"}
{"timestamp":"2026-09-28T17:52:24.345902Z","level":"info","event":"    Payment Method                 str              0                 0.0              3","logger":"task.stdout"}
{"timestamp":"2026-09-28T17:52:24.346187Z","level":"info","event":"          Location                 str              0                 0.0              2","logger":"task.stdout"}
{"timestamp":"2026-09-28T17:52:24.346433Z","level":"info","event":"  Transaction Date                 str              0                 0.0           1114","logger":"task.stdout"}
{"timestamp":"2026-09-28T17:52:24.346680Z","level":"info","event":"  Discount Applied              object              0                 0.0              2","logger":"task.stdout"}
{"timestamp":"2026-09-28T17:52:24.346940Z","level":"info","event":"source_loaded_time datetime64[us, UTC]              0                 0.0              1","logger":"task.stdout"}
{"timestamp":"2026-09-28T17:52:24.347257Z","level":"info","event":"       loaded_time datetime64[us, UTC]              0                 0.0              1","logger":"task.stdout"}
{"timestamp":"2026-09-28T17:52:24.343662Z","level":"info","event":"here 11966","logger":"src.airflow.transformation.silver","dag_id":"data_pipeline","run_id":"manual__2026-09-28T17:52:10.712208+00:00","ti_id":"01a0e925-4be8-7dc7-92d3-6a85b16cc577","try_number":1,"map_index":-1,"task_id":"silver_load","filename":"silver.py","lineno":46}
{"timestamp":"2026-09-28T17:52:35.374833Z","level":"info","event":"Done. Returned value was: None","dag_id":"data_pipeline","run_id":"manual__2026-09-28T17:52:10.712208+00:00","ti_id":"01a0e925-4be8-7dc7-92d3-6a85b16cc577","try_number":1,"map_index":-1,"task_id":"silver_load","logger":"airflow.task.operators.airflow.providers.standard.decorators.python._PythonDecoratedOperator","filename":"python.py","lineno":233}
{"timestamp":"2026-09-28T17:52:35.375071Z","level":"info","event":"::group::Post Execute","dag_id":"data_pipeline","run_id":"manual__2026-09-28T17:52:10.712208+00:00","ti_id":"01a0e925-4be8-7dc7-92d3-6a85b16cc577","try_number":1,"map_index":-1,"task_id":"silver_load","logger":"task","filename":"task_runner.py","lineno":1580}
{"timestamp":"2026-09-28T17:52:35.397302Z","level":"info","event":"::endgroup::","dag_id":"data_pipeline","run_id":"manual__2026-09-28T17:52:10.712208+00:00","ti_id":"01a0e925-4be8-7dc7-92d3-6a85b16cc577","try_number":1,"map_index":-1,"task_id":"silver_load","logger":"task","filename":"task_runner.py","lineno":2379}
